Archive member included to satisfy reference by file (symbol)

/home/arielchama/.eclipse/com.st.stm32cube.ide.mcu.rcp.product_1.19.0_139068057_linux_gtk_x86_64/plugins/com.st.stm32cube.ide.mcu.externaltools.gnu-tools-for-stm32.14.3.rel1.linux64_1.0.100.202602081740/tools/bin/../lib/gcc/arm-none-eabi/14.3.1/../../../../arm-none-eabi/lib/thumb/v7e-m+dp/hard/libc_nano.a(libc_a-exit.o)
                              /home/arielchama/.eclipse/com.st.stm32cube.ide.mcu.rcp.product_1.19.0_139068057_linux_gtk_x86_64/plugins/com.st.stm32cube.ide.mcu.externaltools.gnu-tools-for-stm32.14.3.rel1.linux64_1.0.100.202602081740/tools/bin/../lib/gcc/arm-none-eabi/14.3.1/../../../../arm-none-eabi/lib/thumb/v7e-m+dp/hard/crt0.o (exit)
/home/arielchama/.eclipse/com.st.stm32cube.ide.mcu.rcp.product_1.19.0_139068057_linux_gtk_x86_64/plugins/com.st.stm32cube.ide.mcu.externaltools.gnu-tools-for-stm32.14.3.rel1.linux64_1.0.100.202602081740/tools/bin/../lib/gcc/arm-none-eabi/14.3.1/../../../../arm-none-eabi/lib/thumb/v7e-m+dp/hard/libc_nano.a(libc_a-findfp.o)
                              /home/arielchama/.eclipse/com.st.stm32cube.ide.mcu.rcp.product_1.19.0_139068057_linux_gtk_x86_64/plugins/com.st.stm32cube.ide.mcu.externaltools.gnu-tools-for-stm32.14.3.rel1.linux64_1.0.100.202602081740/tools/bin/../lib/gcc/arm-none-eabi/14.3.1/../../../../arm-none-eabi/lib/thumb/v7e-m+dp/hard/libc_nano.a(libc_a-exit.o) (__stdio_exit_handler)
/home/arielchama/.eclipse/com.st.stm32cube.ide.mcu.rcp.product_1.19.0_139068057_linux_gtk_x86_64/plugins/com.st.stm32cube.ide.mcu.externaltools.gnu-tools-for-stm32.14.3.rel1.linux64_1.0.100.202602081740/tools/bin/../lib/gcc/arm-none-eabi/14.3.1/../../../../arm-none-eabi/lib/thumb/v7e-m+dp/hard/libc_nano.a(libc_a-fwalk.o)
                              /home/arielchama/.eclipse/com.st.stm32cube.ide.mcu.rcp.product_1.19.0_139068057_linux_gtk_x86_64/plugins/com.st.stm32cube.ide.mcu.externaltools.gnu-tools-for-stm32.14.3.rel1.linux64_1.0.100.202602081740/tools/bin/../lib/gcc/arm-none-eabi/14.3.1/../../../../arm-none-eabi/lib/thumb/v7e-m+dp/hard/libc_nano.a(libc_a-findfp.o) (_fwalk_sglue)
/home/arielchama/.eclipse/com.st.stm32cube.ide.mcu.rcp.product_1.19.0_139068057_linux_gtk_x86_64/plugins/com.st.stm32cube.ide.mcu.externaltools.gnu-tools-for-stm32.14.3.rel1.linux64_1.0.100.202602081740/tools/bin/../lib/gcc/arm-none-eabi/14.3.1/../../../../arm-none-eabi/lib/thumb/v7e-m+dp/hard/libc_nano.a(libc_a-stdio.o)
                              /home/arielchama/.eclipse/com.st.stm32cube.ide.mcu.rcp.product_1.19.0_139068057_linux_gtk_x86_64/plugins/com.st.stm32cube.ide.mcu.externaltools.gnu-tools-for-stm32.14.3.rel1.linux64_1.0.100.202602081740/tools/bin/../lib/gcc/arm-none-eabi/14.3.1/../../../../arm-none-eabi/lib/thumb/v7e-m+dp/hard/libc_nano.a(libc_a-findfp.o) (__sread)
/home/arielchama/.eclipse/com.st.stm32cube.ide.mcu.rcp.product_1.19.0_139068057_linux_gtk_x86_64/plugins/com.st.stm32cube.ide.mcu.externaltools.gnu-tools-for-stm32.14.3.rel1.linux64_1.0.100.202602081740/tools/bin/../lib/gcc/arm-none-eabi/14.3.1/../../../../arm-none-eabi/lib/thumb/v7e-m+dp/hard/libc_nano.a(libc_a-memset.o)
                              /home/arielchama/.eclipse/com.st.stm32cube.ide.mcu.rcp.product_1.19.0_139068057_linux_gtk_x86_64/plugins/com.st.stm32cube.ide.mcu.externaltools.gnu-tools-for-stm32.14.3.rel1.linux64_1.0.100.202602081740/tools/bin/../lib/gcc/arm-none-eabi/14.3.1/../../../../arm-none-eabi/lib/thumb/v7e-m+dp/hard/crt0.o (memset)
/home/arielchama/.eclipse/com.st.stm32cube.ide.mcu.rcp.product_1.19.0_139068057_linux_gtk_x86_64/plugins/com.st.stm32cube.ide.mcu.externaltools.gnu-tools-for-stm32.14.3.rel1.linux64_1.0.100.202602081740/tools/bin/../lib/gcc/arm-none-eabi/14.3.1/../../../../arm-none-eabi/lib/thumb/v7e-m+dp/hard/libc_nano.a(libc_a-closer.o)
                              /home/arielchama/.eclipse/com.st.stm32cube.ide.mcu.rcp.product_1.19.0_139068057_linux_gtk_x86_64/plugins/com.st.stm32cube.ide.mcu.externaltools.gnu-tools-for-stm32.14.3.rel1.linux64_1.0.100.202602081740/tools/bin/../lib/gcc/arm-none-eabi/14.3.1/../../../../arm-none-eabi/lib/thumb/v7e-m+dp/hard/libc_nano.a(libc_a-stdio.o) (_close_r)
/home/arielchama/.eclipse/com.st.stm32cube.ide.mcu.rcp.product_1.19.0_139068057_linux_gtk_x86_64/plugins/com.st.stm32cube.ide.mcu.externaltools.gnu-tools-for-stm32.14.3.rel1.linux64_1.0.100.202602081740/tools/bin/../lib/gcc/arm-none-eabi/14.3.1/../../../../arm-none-eabi/lib/thumb/v7e-m+dp/hard/libc_nano.a(libc_a-reent.o)
                              /home/arielchama/.eclipse/com.st.stm32cube.ide.mcu.rcp.product_1.19.0_139068057_linux_gtk_x86_64/plugins/com.st.stm32cube.ide.mcu.externaltools.gnu-tools-for-stm32.14.3.rel1.linux64_1.0.100.202602081740/tools/bin/../lib/gcc/arm-none-eabi/14.3.1/../../../../arm-none-eabi/lib/thumb/v7e-m+dp/hard/libc_nano.a(libc_a-closer.o) (errno)
[...]
Memory Configuration

Name             Origin             Length             Attributes
ITCMRAM          0x00000000         0x00010000         xrw
FLASH            0x08000000         0x00020000         xr
DTCMRAM1         0x20000000         0x00010000         xrw
DTCMRAM2         0x20010000         0x00010000         xrw
RAM              0x24000000         0x00100000         xrw
RAM_CD           0x30000000         0x00020000         xrw
RAM_SRD          0x38000000         0x00008000         xrw
*default*        0x00000000         0xffffffff

Linker script and memory map

LOAD /home/arielchama/.eclipse/com.st.stm32cube.ide.mcu.rcp.product_1.19.0_139068057_linux_gtk_x86_64/plugins/com.st.stm32cube.ide.mcu.externaltools.gnu-tools-for-stm32.14.3.rel1.linux64_1.0.100.202602081740/tools/bin/../lib/gcc/arm-none-eabi/14.3.1/thumb/v7e-m+dp/hard/crti.o
LOAD /home/arielchama/.eclipse/com.st.stm32cube.ide.mcu.rcp.product_1.19.0_139068057_linux_gtk_x86_64/plugins/com.st.stm32cube.ide.mcu.externaltools.gnu-tools-for-stm32.14.3.rel1.linux64_1.0.100.202602081740/tools/bin/../lib/gcc/arm-none-eabi/14.3.1/thumb/v7e-m+dp/hard/crtbegin.o
LOAD /home/arielchama/.eclipse/com.st.stm32cube.ide.mcu.rcp.product_1.19.0_139068057_linux_gtk_x86_64/plugins/com.st.stm32cube.ide.mcu.externaltools.gnu-tools-for-stm32.14.3.rel1.linux64_1.0.100.202602081740/tools/bin/../lib/gcc/arm-none-eabi/14.3.1/../../../../arm-none-eabi/lib/thumb/v7e-m+dp/hard/crt0.o
LOAD ./Core/Src/main.o
LOAD ./Core/Src/stm32h7xx_hal_msp.o
LOAD ./Core/Src/stm32h7xx_it.o
LOAD ./Core/Src/syscalls.o
LOAD ./Core/Src/sysmem.o
LOAD ./Core/Src/system_stm32h7xx.o
LOAD ./Core/Startup/startup_stm32h7b0rbtx.o
LOAD ./Core/UserCode/Src/MainController.o
LOAD ./Core/UserCode/Src/bno055.o
LOAD ./Core/UserCode/Src/bnoController.o
LOAD ./Core/UserCode/Src/mathUtils.o
LOAD ./Core/UserCode/Src/vdcu_can.o
LOAD ./Drivers/STM32H7xx_HAL_Driver/Src/stm32h7xx_hal.o
LOAD ./Drivers/STM32H7xx_HAL_Driver/Src/stm32h7xx_hal_adc.o
LOAD ./Drivers/STM32H7xx_HAL_Driver/Src/stm32h7xx_hal_adc_ex.o
LOAD ./Drivers/STM32H7xx_HAL_Driver/Src/stm32h7xx_hal_cortex.o
LOAD ./Drivers/STM32H7xx_HAL_Driver/Src/stm32h7xx_hal_dma.o
LOAD ./Drivers/STM32H7xx_HAL_Driver/Src/stm32h7xx_hal_dma_ex.o
LOAD ./Drivers/STM32H7xx_HAL_Driver/Src/stm32h7xx_hal_exti.o
LOAD ./Drivers/STM32H7xx_HAL_Driver/Src/stm32h7xx_hal_fdcan.o
LOAD ./Drivers/STM32H7xx_HAL_Driver/Src/stm32h7xx_hal_flash.o
LOAD ./Drivers/STM32H7xx_HAL_Driver/Src/stm32h7xx_hal_flash_ex.o
LOAD ./Drivers/STM32H7xx_HAL_Driver/Src/stm32h7xx_hal_gpio.o
LOAD ./Drivers/STM32H7xx_HAL_Driver/Src/stm32h7xx_hal_hsem.o
LOAD ./Drivers/STM32H7xx_HAL_Driver/Src/stm32h7xx_hal_i2c.o
LOAD ./Drivers/STM32H7xx_HAL_Driver/Src/stm32h7xx_hal_i2c_ex.o
LOAD ./Drivers/STM32H7xx_HAL_Driver/Src/stm32h7xx_hal_mdma.o
LOAD ./Drivers/STM32H7xx_HAL_Driver/Src/stm32h7xx_hal_pcd.o
LOAD ./Drivers/STM32H7xx_HAL_Driver/Src/stm32h7xx_hal_pcd_ex.o
LOAD ./Drivers/STM32H7xx_HAL_Driver/Src/stm32h7xx_hal_pwr.o
LOAD ./Drivers/STM32H7xx_HAL_Driver/Src/stm32h7xx_hal_pwr_ex.o
LOAD ./Drivers/STM32H7xx_HAL_Driver/Src/stm32h7xx_hal_rcc.o
LOAD ./Drivers/STM32H7xx_HAL_Driver/Src/stm32h7xx_hal_rcc_ex.o
LOAD ./Drivers/STM32H7xx_HAL_Driver/Src/stm32h7xx_hal_tim.o
LOAD ./Drivers/STM32H7xx_HAL_Driver/Src/stm32h7xx_hal_tim_ex.o
LOAD ./Drivers/STM32H7xx_HAL_Driver/Src/stm32h7xx_hal_uart.o
LOAD ./Drivers/STM32H7xx_HAL_Driver/Src/stm32h7xx_hal_uart_ex.o
LOAD ./Drivers/STM32H7xx_HAL_Driver/Src/stm32h7xx_ll_usb.o
START GROUP
LOAD /home/arielchama/.eclipse/com.st.stm32cube.ide.mcu.rcp.product_1.19.0_139068057_linux_gtk_x86_64/plugins/com.st.stm32cube.ide.mcu.externaltools.gnu-tools-for-stm32.14.3.rel1.linux64_1.0.100.202602081740/tools/bin/../lib/gcc/arm-none-eabi/14.3.1/../../../../arm-none-eabi/lib/thumb/v7e-m+dp/hard/libc_nano.a
LOAD /home/arielchama/.eclipse/com.st.stm32cube.ide.mcu.rcp.product_1.19.0_139068057_linux_gtk_x86_64/plugins/com.st.stm32cube.ide.mcu.externaltools.gnu-tools-for-stm32.14.3.rel1.linux64_1.0.100.202602081740/tools/bin/../lib/gcc/arm-none-eabi/14.3.1/../../../../arm-none-eabi/lib/thumb/v7e-m+dp/hard/libm.a
END GROUP
START GROUP
LOAD /home/arielchama/.eclipse/com.st.stm32cube.ide.mcu.rcp.product_1.19.0_139068057_linux_gtk_x86_64/plugins/com.st.stm32cube.ide.mcu.externaltools.gnu-tools-for-stm32.14.3.rel1.linux64_1.0.100.202602081740/tools/bin/../lib/gcc/arm-none-eabi/14.3.1/thumb/v7e-m+dp/hard/libgcc.a
LOAD /home/arielchama/.eclipse/com.st.stm32cube.ide.mcu.rcp.product_1.19.0_139068057_linux_gtk_x86_64/plugins/com.st.stm32cube.ide.mcu.externaltools.gnu-tools-for-stm32.14.3.rel1.linux64_1.0.100.202602081740/tools/bin/../lib/gcc/arm-none-eabi/14.3.1/../../../../arm-none-eabi/lib/thumb/v7e-m+dp/hard/libc_nano.a
END GROUP
START GROUP
LOAD /home/arielchama/.eclipse/com.st.stm32cube.ide.mcu.rcp.product_1.19.0_139068057_linux_gtk_x86_64/plugins/com.st.stm32cube.ide.mcu.externaltools.gnu-tools-for-stm32.14.3.rel1.linux64_1.0.100.202602081740/tools/bin/../lib/gcc/arm-none-eabi/14.3.1/thumb/v7e-m+dp/hard/libgcc.a
LOAD /home/arielchama/.eclipse/com.st.stm32cube.ide.mcu.rcp.product_1.19.0_139068057_linux_gtk_x86_64/plugins/com.st.stm32cube.ide.mcu.externaltools.gnu-tools-for-stm32.14.3.rel1.linux64_1.0.100.202602081740/tools/bin/../lib/gcc/arm-none-eabi/14.3.1/../../../../arm-none-eabi/lib/thumb/v7e-m+dp/hard/libc_nano.a
LOAD /home/arielchama/.eclipse/com.st.stm32cube.ide.mcu.rcp.product_1.19.0_139068057_linux_gtk_x86_64/plugins/com.st.stm32cube.ide.mcu.externaltools.gnu-tools-for-stm32.14.3.rel1.linux64_1.0.100.202602081740/tools/bin/../lib/gcc/arm-none-eabi/14.3.1/../../../../arm-none-eabi/lib/thumb/v7e-m+dp/hard/libnosys.a
END GROUP
START GROUP
LOAD /home/arielchama/.eclipse/com.st.stm32cube.ide.mcu.rcp.product_1.19.0_139068057_linux_gtk_x86_64/plugins/com.st.stm32cube.ide.mcu.externaltools.gnu-tools-for-stm32.14.3.rel1.linux64_1.0.100.202602081740/tools/bin/../lib/gcc/arm-none-eabi/14.3.1/thumb/v7e-m+dp/hard/libgcc.a
LOAD /home/arielchama/.eclipse/com.st.stm32cube.ide.mcu.rcp.product_1.19.0_139068057_linux_gtk_x86_64/plugins/com.st.stm32cube.ide.mcu.externaltools.gnu-tools-for-stm32.14.3.rel1.linux64_1.0.100.202602081740/tools/bin/../lib/gcc/arm-none-eabi/14.3.1/../../../../arm-none-eabi/lib/thumb/v7e-m+dp/hard/libc_nano.a
LOAD /home/arielchama/.eclipse/com.st.stm32cube.ide.mcu.rcp.product_1.19.0_139068057_linux_gtk_x86_64/plugins/com.st.stm32cube.ide.mcu.externaltools.gnu-tools-for-stm32.14.3.rel1.linux64_1.0.100.202602081740/tools/bin/../lib/gcc/arm-none-eabi/14.3.1/../../../../arm-none-eabi/lib/thumb/v7e-m+dp/hard/libnosys.a
END GROUP
LOAD /home/arielchama/.eclipse/com.st.stm32cube.ide.mcu.rcp.product_1.19.0_139068057_linux_gtk_x86_64/plugins/com.st.stm32cube.ide.mcu.externaltools.gnu-tools-for-stm32.14.3.rel1.linux64_1.0.100.202602081740/tools/bin/../lib/gcc/arm-none-eabi/14.3.1/thumb/v7e-m+dp/hard/crtend.o
LOAD /home/arielchama/.eclipse/com.st.stm32cube.ide.mcu.rcp.product_1.19.0_139068057_linux_gtk_x86_64/plugins/com.st.stm32cube.ide.mcu.externaltools.gnu-tools-for-stm32.14.3.rel1.linux64_1.0.100.202602081740/tools/bin/../lib/gcc/arm-none-eabi/14.3.1/thumb/v7e-m+dp/hard/crtn.o
                0x24100000                        _estack = (ORIGIN (RAM) + LENGTH (RAM))
                0x00000200                        _Min_Heap_Size = 0x200
                0x00000400                        _Min_Stack_Size = 0x400

.isr_vector     0x08000000      0x2ac
                0x08000000                        . = ALIGN (0x4)
 *(.isr_vector)
 .isr_vector    0x08000000      0x2ac ./Core/Startup/startup_stm32h7b0rbtx.o
                0x08000000                g_pfnVectors
                0x080002ac                        . = ALIGN (0x4)

.text           0x080002b0     0xf734
                0x080002b0                        . = ALIGN (0x4)
 *(.text)
 .text          0x080002b0       0x40 /home/arielchama/.eclipse/com.st.stm32cube.ide.mcu.rcp.product_1.19.0_139068057_linux_gtk_x86_64/plugins/com.st.stm32cube.ide.mcu.externaltools.gnu-tools-for-stm32.14.3.rel1.linux64_1.0.100.202602081740/tools/bin/../lib/gcc/arm-none-eabi/14.3.1/thumb/v7e-m+dp/hard/crtbegin.o
 .text          0x080002f0       0x30 /home/arielchama/.eclipse/com.st.stm32cube.ide.mcu.rcp.product_1.19.0_139068057_linux_gtk_x86_64/plugins/com.st.stm32cube.ide.mcu.externaltools.gnu-tools-for-stm32.14.3.rel1.linux64_1.0.100.202602081740/tools/bin/../lib/gcc/arm-none-eabi/14.3.1/thumb/v7e-m+dp/hard/libgcc.a(_aeabi_uldivmod.o)
                0x080002f0                __aeabi_uldivmod
 .text          0x08000320      0x2f8 /home/arielchama/.eclipse/com.st.stm32cube.ide.mcu.rcp.product_1.19.0_139068057_linux_gtk_x86_64/plugins/com.st.stm32cube.ide.mcu.externaltools.gnu-tools-for-stm32.14.3.rel1.linux64_1.0.100.202602081740/tools/bin/../lib/gcc/arm-none-eabi/14.3.1/thumb/v7e-m+dp/hard/libgcc.a(_udivmoddi4.o)
                0x08000320                __udivmoddi4
 .text          0x08000618        0x4 /home/arielchama/.eclipse/com.st.stm32cube.ide.mcu.rcp.product_1.19.0_139068057_linux_gtk_x86_64/plugins/com.st.stm32cube.ide.mcu.externaltools.gnu-tools-for-stm32.14.3.rel1.linux64_1.0.100.202602081740/tools/bin/../lib/gcc/arm-none-eabi/14.3.1/thumb/v7e-m+dp/hard/libgcc.a(_dvmd_tls.o)
                0x08000618                __aeabi_ldiv0
                0x08000618                __aeabi_idiv0
 *(.text*)
 .text.main     0x0800061c       0x46 ./Core/Src/main.o
                0x0800061c                main
 *fill*         0x08000662        0x2 
 .text.SystemClock_Config
                0x08000664       0xf0 ./Core/Src/main.o
                0x08000664                SystemClock_Config
 .text.PeriphCommonClock_Config
                0x08000754       0x5e ./Core/Src/main.o
                0x08000754                PeriphCommonClock_Config
 *fill*         0x080007b2        0x2 
 .text.MX_ADC1_Init
                0x080007b4      0x118 ./Core/Src/main.o
 .text.MX_FDCAN1_Init
                0x080008cc       0xc8 ./Core/Src/main.o
 .text.MX_FDCAN2_Init
                0x08000994       0xc8 ./Core/Src/main.o
 .text.MX_I2C3_Init
                0x08000a5c       0x80 ./Core/Src/main.o
 .text.MX_TIM2_Init
                0x08000adc       0xb8 ./Core/Src/main.o
 .text.MX_TIM5_Init
                0x08000b94       0xd0 ./Core/Src/main.o
 .text.MX_TIM6_Init
                0x08000c64       0x70 ./Core/Src/main.o
 .text.MX_USART3_UART_Init
                0x08000cd4       0x98 ./Core/Src/main.o
 .text.MX_USB_OTG_HS_PCD_Init
                0x08000d6c       0x64 ./Core/Src/main.o
 .text.MX_DMA_Init
                0x08000dd0       0x40 ./Core/Src/main.o
 .text.MX_GPIO_Init
                0x08000e10       0x9c ./Core/Src/main.o
 .text.Error_Handler
                0x08000eac        0xc ./Core/Src/main.o
                0x08000eac                Error_Handler
 .text.HAL_MspInit
                0x08000eb8       0x34 ./Core/Src/stm32h7xx_hal_msp.o
                0x08000eb8                HAL_MspInit
 .text.HAL_ADC_MspInit
                0x08000eec      0x164 ./Core/Src/stm32h7xx_hal_msp.o
                0x08000eec                HAL_ADC_MspInit
 .text.HAL_FDCAN_MspInit
                0x08001050      0x148 ./Core/Src/stm32h7xx_hal_msp.o
                0x08001050                HAL_FDCAN_MspInit
 .text.HAL_I2C_MspInit
                0x08001198      0x120 ./Core/Src/stm32h7xx_hal_msp.o
                0x08001198                HAL_I2C_MspInit
 .text.HAL_TIM_PWM_MspInit
                0x080012b8       0x70 ./Core/Src/stm32h7xx_hal_msp.o
                0x080012b8                HAL_TIM_PWM_MspInit
 .text.HAL_TIM_Base_MspInit
                0x08001328       0x44 ./Core/Src/stm32h7xx_hal_msp.o
                0x08001328                HAL_TIM_Base_MspInit
 .text.HAL_TIM_MspPostInit
                0x0800136c       0xc0 ./Core/Src/stm32h7xx_hal_msp.o
                0x0800136c                HAL_TIM_MspPostInit
 .text.HAL_UART_MspInit
                0x0800142c       0xd4 ./Core/Src/stm32h7xx_hal_msp.o
                0x0800142c                HAL_UART_MspInit
 .text.HAL_PCD_MspInit
                0x08001500       0xf4 ./Core/Src/stm32h7xx_hal_msp.o
                0x08001500                HAL_PCD_MspInit
 .text.NMI_Handler
                0x080015f4        0x8 ./Core/Src/stm32h7xx_it.o
                0x080015f4                NMI_Handler
 .text.HardFault_Handler
                0x080015fc        0x8 ./Core/Src/stm32h7xx_it.o
                0x080015fc                HardFault_Handler
 .text.MemManage_Handler
                0x08001604        0x8 ./Core/Src/stm32h7xx_it.o
                0x08001604                MemManage_Handler
 .text.BusFault_Handler
                0x0800160c        0x8 ./Core/Src/stm32h7xx_it.o
                0x0800160c                BusFault_Handler
 .text.UsageFault_Handler
                0x08001614        0x8 ./Core/Src/stm32h7xx_it.o
                0x08001614                UsageFault_Handler
 .text.SVC_Handler
                0x0800161c        0xe ./Core/Src/stm32h7xx_it.o
                0x0800161c                SVC_Handler
 .text.DebugMon_Handler
                0x0800162a        0xe ./Core/Src/stm32h7xx_it.o
                0x0800162a                DebugMon_Handler
 .text.PendSV_Handler
                0x08001638        0xe ./Core/Src/stm32h7xx_it.o
                0x08001638                PendSV_Handler
 .text.SysTick_Handler
                0x08001646        0xc ./Core/Src/stm32h7xx_it.o
                0x08001646                SysTick_Handler
 *fill*         0x08001652        0x2 
 .text.DMA1_Stream0_IRQHandler
                0x08001654       0x14 ./Core/Src/stm32h7xx_it.o
                0x08001654                DMA1_Stream0_IRQHandler
 .text.ADC_IRQHandler
                0x08001668       0x14 ./Core/Src/stm32h7xx_it.o
                0x08001668                ADC_IRQHandler
 .text.FDCAN1_IT0_IRQHandler
                0x0800167c       0x14 ./Core/Src/stm32h7xx_it.o
                0x0800167c                FDCAN1_IT0_IRQHandler
 .text.FDCAN1_IT1_IRQHandler
                0x08001690       0x14 ./Core/Src/stm32h7xx_it.o
                0x08001690                FDCAN1_IT1_IRQHandler
 .text.SystemInit
                0x080016a4      0x120 ./Core/Src/system_stm32h7xx.o
                0x080016a4                SystemInit
 .text.ExitRun0Mode
                0x080017c4       0x18 ./Core/Src/system_stm32h7xx.o
                0x080017c4                ExitRun0Mode
 .text.Reset_Handler
                0x080017dc       0x54 ./Core/Startup/startup_stm32h7b0rbtx.o
                0x080017dc                Reset_Handler
 .text.Default_Handler
                0x08001830        0x2 ./Core/Startup/startup_stm32h7b0rbtx.o
                0x08001830                RTC_Alarm_IRQHandler
                0x08001830                HASH_RNG_IRQHandler
                0x08001830                EXTI2_IRQHandler
                0x08001830                TIM8_CC_IRQHandler
                0x08001830                UART8_IRQHandler
                0x08001830                BDMA2_Channel1_IRQHandler
                0x08001830                SPI4_IRQHandler
                0x08001830                BDMA2_Channel0_IRQHandler
                0x08001830                TIM1_CC_IRQHandler
                0x08001830                DMA2_Stream5_IRQHandler
                0x08001830                JPEG_IRQHandler
                0x08001830                DMA1_Stream5_IRQHandler
                0x08001830                EXTI3_IRQHandler
                0x08001830                LPTIM4_IRQHandler
                0x08001830                TIM8_TRG_COM_TIM14_IRQHandler
                0x08001830                LPTIM2_IRQHandler
                0x08001830                DFSDM1_FLT1_IRQHandler
                0x08001830                DMAMUX2_OVR_IRQHandler
                0x08001830                GFXMMU_IRQHandler
                0x08001830                TIM8_UP_TIM13_IRQHandler
                0x08001830                I2C3_ER_IRQHandler
                0x08001830                DFSDM1_FLT2_IRQHandler
                0x08001830                USART10_IRQHandler
                0x08001830                MDMA_IRQHandler
                0x08001830                LPTIM3_IRQHandler
                0x08001830                BDMA2_Channel3_IRQHandler
                0x08001830                HSEM1_IRQHandler
                0x08001830                EXTI0_IRQHandler
                0x08001830                I2C2_EV_IRQHandler
                0x08001830                DAC2_IRQHandler
                0x08001830                DMA1_Stream2_IRQHandler
                0x08001830                FPU_IRQHandler
                0x08001830                OTG_HS_WKUP_IRQHandler
                0x08001830                LTDC_ER_IRQHandler
                0x08001830                DMA2_Stream2_IRQHandler
                0x08001830                SPI1_IRQHandler
                0x08001830                OCTOSPI1_IRQHandler
                0x08001830                TIM6_DAC_IRQHandler
                0x08001830                BDMA2_Channel6_IRQHandler
                0x08001830                DMA2_Stream3_IRQHandler
                0x08001830                OCTOSPI2_IRQHandler
                0x08001830                SAI2_IRQHandler
                0x08001830                BDMA1_IRQHandler
                0x08001830                DFSDM1_FLT3_IRQHandler
                0x08001830                USART6_IRQHandler
                0x08001830                TIM17_IRQHandler
                0x08001830                USART3_IRQHandler
                0x08001830                CRYP_IRQHandler
                0x08001830                LPTIM5_IRQHandler
                0x08001830                UART5_IRQHandler
                0x08001830                DMA2_Stream0_IRQHandler
                0x08001830                TIM4_IRQHandler
                0x08001830                I2C1_EV_IRQHandler
                0x08001830                DMA1_Stream6_IRQHandler
                0x08001830                DMAMUX1_OVR_IRQHandler
                0x08001830                DMA1_Stream1_IRQHandler
                0x08001830                TIM16_IRQHandler
                0x08001830                UART4_IRQHandler
                0x08001830                TIM3_IRQHandler
                0x08001830                RCC_IRQHandler
                0x08001830                UART9_IRQHandler
                0x08001830                TIM8_BRK_TIM12_IRQHandler
                0x08001830                TIM1_TRG_COM_IRQHandler
                0x08001830                Default_Handler
                0x08001830                ECC_IRQHandler
                0x08001830                BDMA2_Channel2_IRQHandler
                0x08001830                CEC_IRQHandler
                0x08001830                EXTI15_10_IRQHandler
                0x08001830                DFSDM1_FLT4_IRQHandler
                0x08001830                OTFDEC1_IRQHandler
                0x08001830                DMA1_Stream7_IRQHandler
                0x08001830                SPI5_IRQHandler
                0x08001830                TIM7_IRQHandler
                0x08001830                SDMMC1_IRQHandler
                0x08001830                TIM5_IRQHandler
                0x08001830                DMA2_Stream7_IRQHandler
                0x08001830                TIM15_IRQHandler
                0x08001830                I2C3_EV_IRQHandler
                0x08001830                DFSDM2_IRQHandler
                0x08001830                EXTI9_5_IRQHandler
                0x08001830                RTC_WKUP_IRQHandler
                0x08001830                LTDC_IRQHandler
                0x08001830                SPDIF_RX_IRQHandler
                0x08001830                PVD_PVM_IRQHandler
                0x08001830                SPI2_IRQHandler
                0x08001830                OTG_HS_EP1_IN_IRQHandler
                0x08001830                DFSDM1_FLT5_IRQHandler
                0x08001830                OTFDEC2_IRQHandler
                0x08001830                CRS_IRQHandler
                0x08001830                EXTI4_IRQHandler
                0x08001830                DFSDM1_FLT6_IRQHandler
                0x08001830                FDCAN2_IT1_IRQHandler
                0x08001830                COMP_IRQHandler
                0x08001830                TIM1_UP_IRQHandler
                0x08001830                OTG_HS_EP1_OUT_IRQHandler
                0x08001830                WWDG_IRQHandler
                0x08001830                SPI6_IRQHandler
                0x08001830                MDIOS_IRQHandler
                0x08001830                I2C4_EV_IRQHandler
                0x08001830                FDCAN2_IT0_IRQHandler
                0x08001830                LPUART1_IRQHandler
                0x08001830                TIM2_IRQHandler
                0x08001830                BDMA2_Channel5_IRQHandler
                0x08001830                OTG_HS_IRQHandler
                0x08001830                DMA2D_IRQHandler
                0x08001830                TIM1_BRK_IRQHandler
                0x08001830                EXTI1_IRQHandler
                0x08001830                SDMMC2_IRQHandler
                0x08001830                DTS_IRQHandler
                0x08001830                UART7_IRQHandler
                0x08001830                MDIOS_WKUP_IRQHandler
                0x08001830                USART2_IRQHandler
                0x08001830                DFSDM1_FLT0_IRQHandler
                0x08001830                I2C2_ER_IRQHandler
                0x08001830                DMA2_Stream1_IRQHandler
                0x08001830                DFSDM1_FLT7_IRQHandler
                0x08001830                FLASH_IRQHandler
                0x08001830                DMA2_Stream4_IRQHandler
                0x08001830                USART1_IRQHandler
                0x08001830                SPI3_IRQHandler
                0x08001830                WAKEUP_PIN_IRQHandler
                0x08001830                DMA1_Stream4_IRQHandler
                0x08001830                I2C1_ER_IRQHandler
                0x08001830                FMC_IRQHandler
                0x08001830                BDMA2_Channel7_IRQHandler
                0x08001830                FDCAN_CAL_IRQHandler
                0x08001830                SWPMI1_IRQHandler
                0x08001830                LPTIM1_IRQHandler
                0x08001830                DCMI_PSSI_IRQHandler
                0x08001830                I2C4_ER_IRQHandler
                0x08001830                DMA2_Stream6_IRQHandler
                0x08001830                SAI1_IRQHandler
                0x08001830                DMA1_Stream3_IRQHandler
                0x08001830                RTC_TAMP_STAMP_CSS_LSE_IRQHandler
                0x08001830                BDMA2_Channel4_IRQHandler
 *fill*         0x08001832        0x6 
 .text.getCelsius
                0x08001838       0x90 ./Core/UserCode/Src/MainController.o
                0x08001838                getCelsius
 .text.MainController_Init
                0x080018c8       0x3c ./Core/UserCode/Src/MainController.o
                0x080018c8                MainController_Init
 .text.MainController_Run
                0x08001904       0x94 ./Core/UserCode/Src/MainController.o
                0x08001904                MainController_Run
 .text.bno055_init
                0x08001998      0x248 ./Core/UserCode/Src/bno055.o
                0x08001998                bno055_init
 .text.bno055_temperature
                0x08001be0       0x66 ./Core/UserCode/Src/bno055.o
                0x08001be0                bno055_temperature
 *fill*         0x08001c46        0x2 
 .text.bno055_acc_x
                0x08001c48       0x80 ./Core/UserCode/Src/bno055.o
                0x08001c48                bno055_acc_x
 .text.bno055_acc_y
                0x08001cc8       0x80 ./Core/UserCode/Src/bno055.o
                0x08001cc8                bno055_acc_y
 .text.bno055_acc_z
                0x08001d48       0x80 ./Core/UserCode/Src/bno055.o
                0x08001d48                bno055_acc_z
 .text.bno055_acc
                0x08001dc8       0xd0 ./Core/UserCode/Src/bno055.o
                0x08001dc8                bno055_acc
 .text.bno055_linear_acc_x
                0x08001e98       0x80 ./Core/UserCode/Src/bno055.o
                0x08001e98                bno055_linear_acc_x
 .text.bno055_linear_acc_y
                0x08001f18       0x80 ./Core/UserCode/Src/bno055.o
                0x08001f18                bno055_linear_acc_y
 .text.bno055_linear_acc_z
                0x08001f98       0x80 ./Core/UserCode/Src/bno055.o
                0x08001f98                bno055_linear_acc_z
 .text.bno055_linear_acc
                0x08002018       0xd0 ./Core/UserCode/Src/bno055.o
                0x08002018                bno055_linear_acc
 .text.bno055_gyro_x
                0x080020e8       0x80 ./Core/UserCode/Src/bno055.o
                0x080020e8                bno055_gyro_x
 .text.bno055_gyro_y
                0x08002168       0x80 ./Core/UserCode/Src/bno055.o
                0x08002168                bno055_gyro_y
 .text.bno055_gyro_z
                0x080021e8       0x80 ./Core/UserCode/Src/bno055.o
                0x080021e8                bno055_gyro_z
 .text.bno055_gyro
                0x08002268       0xd0 ./Core/UserCode/Src/bno055.o
                0x08002268                bno055_gyro
 .text.bno055_mag_x
                0x08002338       0x6e ./Core/UserCode/Src/bno055.o
                0x08002338                bno055_mag_x
 .text.bno055_mag_y
                0x080023a6       0x6e ./Core/UserCode/Src/bno055.o
                0x080023a6                bno055_mag_y
 .text.bno055_mag_z
                0x08002414       0x6e ./Core/UserCode/Src/bno055.o
                0x08002414                bno055_mag_z
 .text.bno055_mag
                0x08002482       0xba ./Core/UserCode/Src/bno055.o
                0x08002482                bno055_mag
 .text.bno055_gravity_x
                0x0800253c       0x84 ./Core/UserCode/Src/bno055.o
                0x0800253c                bno055_gravity_x
 .text.bno055_gravity_y
                0x080025c0       0x84 ./Core/UserCode/Src/bno055.o
                0x080025c0                bno055_gravity_y
 .text.bno055_gravity_z
                0x08002644       0x84 ./Core/UserCode/Src/bno055.o
                0x08002644                bno055_gravity_z
 .text.bno055_gravity
                0x080026c8       0xd0 ./Core/UserCode/Src/bno055.o
                0x080026c8                bno055_gravity
 .text.bno055_euler_yaw
                0x08002798       0x84 ./Core/UserCode/Src/bno055.o
                0x08002798                bno055_euler_yaw
 .text.bno055_euler_roll
                0x0800281c       0x84 ./Core/UserCode/Src/bno055.o
                0x0800281c                bno055_euler_roll
 .text.bno055_euler_pitch
                0x080028a0       0x84 ./Core/UserCode/Src/bno055.o
                0x080028a0                bno055_euler_pitch
 .text.bno055_euler
                0x08002924       0xd0 ./Core/UserCode/Src/bno055.o
                0x08002924                bno055_euler
 .text.bno055_quaternion_w
                0x080029f4       0x74 ./Core/UserCode/Src/bno055.o
                0x080029f4                bno055_quaternion_w
 .text.bno055_quaternion_x
                0x08002a68       0x74 ./Core/UserCode/Src/bno055.o
                0x08002a68                bno055_quaternion_x
 .text.bno055_quaternion_y
                0x08002adc       0x74 ./Core/UserCode/Src/bno055.o
                0x08002adc                bno055_quaternion_y
 .text.bno055_quaternion_z
                0x08002b50       0x74 ./Core/UserCode/Src/bno055.o
                0x08002b50                bno055_quaternion_z
 .text.bno055_quaternion
                0x08002bc4       0xe4 ./Core/UserCode/Src/bno055.o
                0x08002bc4                bno055_quaternion
 .text.bno055_acc_conf
                0x08002ca8       0xd0 ./Core/UserCode/Src/bno055.o
                0x08002ca8                bno055_acc_conf
 .text.bno055_gyr_conf
                0x08002d78       0xce ./Core/UserCode/Src/bno055.o
                0x08002d78                bno055_gyr_conf
 .text.bno055_mag_conf
                0x08002e46       0xd0 ./Core/UserCode/Src/bno055.o
                0x08002e46                bno055_mag_conf
 .text.bno055_set_opmode
                0x08002f16       0x4e ./Core/UserCode/Src/bno055.o
                0x08002f16                bno055_set_opmode
 .text.bno055_set_pwr_mode
                0x08002f64       0xba ./Core/UserCode/Src/bno055.o
                0x08002f64                bno055_set_pwr_mode
 .text.bno055_reset
                0x0800301e       0x46 ./Core/UserCode/Src/bno055.o
                0x0800301e                bno055_reset
 .text.bno055_on
                0x08003064       0x46 ./Core/UserCode/Src/bno055.o
                0x08003064                bno055_on
 .text.bno055_read_regs
                0x080030aa       0x6c ./Core/UserCode/Src/bno055.o
                0x080030aa                bno055_read_regs
 .text.bno055_write_regs
                0x08003116       0x5c ./Core/UserCode/Src/bno055.o
                0x08003116                bno055_write_regs
 .text.bno055_set_page
                0x08003172       0x6c ./Core/UserCode/Src/bno055.o
                0x08003172                bno055_set_page
 *fill*         0x080031de        0x2 
 .text.BnoController
                0x080031e0      0x20c ./Core/UserCode/Src/bnoController.o
                0x080031e0                BnoController
 .text.linear_interpolation
                0x080033ec      0x28c ./Core/UserCode/Src/mathUtils.o
                0x080033ec                linear_interpolation
 .text.VDCU_CAN_SendPosition
                0x08003678       0xa0 ./Core/UserCode/Src/vdcu_can.o
                0x08003678                VDCU_CAN_SendPosition
 .text.HAL_Init
                0x08003718       0x78 ./Drivers/STM32H7xx_HAL_Driver/Src/stm32h7xx_hal.o
                0x08003718                HAL_Init
 .text.HAL_InitTick
                0x08003790       0x6c ./Drivers/STM32H7xx_HAL_Driver/Src/stm32h7xx_hal.o
                0x08003790                HAL_InitTick
 .text.HAL_IncTick
                0x080037fc       0x28 ./Drivers/STM32H7xx_HAL_Driver/Src/stm32h7xx_hal.o
                0x080037fc                HAL_IncTick
 .text.HAL_GetTick
                0x08003824       0x18 ./Drivers/STM32H7xx_HAL_Driver/Src/stm32h7xx_hal.o
                0x08003824                HAL_GetTick
 .text.HAL_Delay
                0x0800383c       0x48 ./Drivers/STM32H7xx_HAL_Driver/Src/stm32h7xx_hal.o
                0x0800383c                HAL_Delay
 .text.LL_ADC_SetCommonClock
                0x08003884       0x26 ./Drivers/STM32H7xx_HAL_Driver/Src/stm32h7xx_hal_adc.o
 .text.LL_ADC_SetCommonPathInternalCh
                0x080038aa       0x26 ./Drivers/STM32H7xx_HAL_Driver/Src/stm32h7xx_hal_adc.o
 .text.LL_ADC_GetCommonPathInternalCh
                0x080038d0       0x1c ./Drivers/STM32H7xx_HAL_Driver/Src/stm32h7xx_hal_adc.o
 .text.LL_ADC_SetChannelPreselection
                0x080038ec       0x66 ./Drivers/STM32H7xx_HAL_Driver/Src/stm32h7xx_hal_adc.o
 .text.LL_ADC_SetOffset
                0x08003952       0x40 ./Drivers/STM32H7xx_HAL_Driver/Src/stm32h7xx_hal_adc.o
 .text.LL_ADC_SetDataRightShift
                0x08003992       0x32 ./Drivers/STM32H7xx_HAL_Driver/Src/stm32h7xx_hal_adc.o
 .text.LL_ADC_SetOffsetSignedSaturation
                0x080039c4       0x36 ./Drivers/STM32H7xx_HAL_Driver/Src/stm32h7xx_hal_adc.o
 .text.LL_ADC_REG_IsTriggerSourceSWStart
                0x080039fa       0x26 ./Drivers/STM32H7xx_HAL_Driver/Src/stm32h7xx_hal_adc.o
 .text.LL_ADC_REG_SetSequencerRanks
                0x08003a20       0x58 ./Drivers/STM32H7xx_HAL_Driver/Src/stm32h7xx_hal_adc.o
 .text.LL_ADC_REG_SetDataTransferMode
                0x08003a78       0x26 ./Drivers/STM32H7xx_HAL_Driver/Src/stm32h7xx_hal_adc.o
 .text.LL_ADC_INJ_IsTriggerSourceSWStart
                0x08003a9e       0x26 ./Drivers/STM32H7xx_HAL_Driver/Src/stm32h7xx_hal_adc.o
 .text.LL_ADC_SetChannelSamplingTime
                0x08003ac4       0x56 ./Drivers/STM32H7xx_HAL_Driver/Src/stm32h7xx_hal_adc.o
 *fill*         0x08003b1a        0x2 
 .text.LL_ADC_SetChannelSingleDiff
                0x08003b1c       0x48 ./Drivers/STM32H7xx_HAL_Driver/Src/stm32h7xx_hal_adc.o
 .text.LL_ADC_GetMultimode
                0x08003b64       0x1c ./Drivers/STM32H7xx_HAL_Driver/Src/stm32h7xx_hal_adc.o
 .text.LL_ADC_GetMultiDMATransfer
                0x08003b80       0x1c ./Drivers/STM32H7xx_HAL_Driver/Src/stm32h7xx_hal_adc.o
 .text.LL_ADC_DisableDeepPowerDown
                0x08003b9c       0x24 ./Drivers/STM32H7xx_HAL_Driver/Src/stm32h7xx_hal_adc.o
 .text.LL_ADC_IsDeepPowerDownEnabled
                0x08003bc0       0x28 ./Drivers/STM32H7xx_HAL_Driver/Src/stm32h7xx_hal_adc.o
 .text.LL_ADC_EnableInternalRegulator
                0x08003be8       0x28 ./Drivers/STM32H7xx_HAL_Driver/Src/stm32h7xx_hal_adc.o
 .text.LL_ADC_IsInternalRegulatorEnabled
                0x08003c10       0x28 ./Drivers/STM32H7xx_HAL_Driver/Src/stm32h7xx_hal_adc.o
 .text.LL_ADC_Enable
                0x08003c38       0x28 ./Drivers/STM32H7xx_HAL_Driver/Src/stm32h7xx_hal_adc.o
 .text.LL_ADC_IsEnabled
                0x08003c60       0x26 ./Drivers/STM32H7xx_HAL_Driver/Src/stm32h7xx_hal_adc.o
 *fill*         0x08003c86        0x2 
 .text.LL_ADC_REG_StartConversion
                0x08003c88       0x28 ./Drivers/STM32H7xx_HAL_Driver/Src/stm32h7xx_hal_adc.o
 .text.LL_ADC_REG_IsConversionOngoing
                0x08003cb0       0x26 ./Drivers/STM32H7xx_HAL_Driver/Src/stm32h7xx_hal_adc.o
 .text.LL_ADC_INJ_IsConversionOngoing
                0x08003cd6       0x26 ./Drivers/STM32H7xx_HAL_Driver/Src/stm32h7xx_hal_adc.o
 .text.HAL_ADC_Init
                0x08003cfc      0x2b4 ./Drivers/STM32H7xx_HAL_Driver/Src/stm32h7xx_hal_adc.o
                0x08003cfc                HAL_ADC_Init
 .text.HAL_ADC_Start_DMA
                0x08003fb0      0x168 ./Drivers/STM32H7xx_HAL_Driver/Src/stm32h7xx_hal_adc.o
                0x08003fb0                HAL_ADC_Start_DMA
 .text.HAL_ADC_IRQHandler
                0x08004118      0x434 ./Drivers/STM32H7xx_HAL_Driver/Src/stm32h7xx_hal_adc.o
                0x08004118                HAL_ADC_IRQHandler
 .text.HAL_ADC_ConvCpltCallback
                0x0800454c       0x14 ./Drivers/STM32H7xx_HAL_Driver/Src/stm32h7xx_hal_adc.o
                0x0800454c                HAL_ADC_ConvCpltCallback
 .text.HAL_ADC_ConvHalfCpltCallback
                0x08004560       0x14 ./Drivers/STM32H7xx_HAL_Driver/Src/stm32h7xx_hal_adc.o
                0x08004560                HAL_ADC_ConvHalfCpltCallback
 .text.HAL_ADC_LevelOutOfWindowCallback
                0x08004574       0x14 ./Drivers/STM32H7xx_HAL_Driver/Src/stm32h7xx_hal_adc.o
                0x08004574                HAL_ADC_LevelOutOfWindowCallback
 .text.HAL_ADC_ErrorCallback
                0x08004588       0x14 ./Drivers/STM32H7xx_HAL_Driver/Src/stm32h7xx_hal_adc.o
                0x08004588                HAL_ADC_ErrorCallback
 .text.HAL_ADC_ConfigChannel
                0x0800459c      0x4fc ./Drivers/STM32H7xx_HAL_Driver/Src/stm32h7xx_hal_adc.o
                0x0800459c                HAL_ADC_ConfigChannel
 .text.ADC_Enable
                0x08004a98       0xf8 ./Drivers/STM32H7xx_HAL_Driver/Src/stm32h7xx_hal_adc.o
                0x08004a98                ADC_Enable
 .text.ADC_DMAConvCplt
                0x08004b90       0xd8 ./Drivers/STM32H7xx_HAL_Driver/Src/stm32h7xx_hal_adc.o
                0x08004b90                ADC_DMAConvCplt
 .text.ADC_DMAHalfConvCplt
                0x08004c68       0x1c ./Drivers/STM32H7xx_HAL_Driver/Src/stm32h7xx_hal_adc.o
                0x08004c68                ADC_DMAHalfConvCplt
 .text.ADC_DMAError
                0x08004c84       0x34 ./Drivers/STM32H7xx_HAL_Driver/Src/stm32h7xx_hal_adc.o
                0x08004c84                ADC_DMAError
 .text.ADC_ConfigureBoostMode
                0x08004cb8      0x19c ./Drivers/STM32H7xx_HAL_Driver/Src/stm32h7xx_hal_adc.o
                0x08004cb8                ADC_ConfigureBoostMode
 .text.LL_ADC_IsEnabled
                0x08004e54       0x26 ./Drivers/STM32H7xx_HAL_Driver/Src/stm32h7xx_hal_adc_ex.o
 .text.LL_ADC_REG_IsConversionOngoing
                0x08004e7a       0x26 ./Drivers/STM32H7xx_HAL_Driver/Src/stm32h7xx_hal_adc_ex.o
 .text.HAL_ADCEx_InjectedConvCpltCallback
                0x08004ea0       0x14 ./Drivers/STM32H7xx_HAL_Driver/Src/stm32h7xx_hal_adc_ex.o
                0x08004ea0                HAL_ADCEx_InjectedConvCpltCallback
 .text.HAL_ADCEx_InjectedQueueOverflowCallback
                0x08004eb4       0x14 ./Drivers/STM32H7xx_HAL_Driver/Src/stm32h7xx_hal_adc_ex.o
                0x08004eb4                HAL_ADCEx_InjectedQueueOverflowCallback
 .text.HAL_ADCEx_LevelOutOfWindow2Callback
                0x08004ec8       0x14 ./Drivers/STM32H7xx_HAL_Driver/Src/stm32h7xx_hal_adc_ex.o
                0x08004ec8                HAL_ADCEx_LevelOutOfWindow2Callback
 .text.HAL_ADCEx_LevelOutOfWindow3Callback
                0x08004edc       0x14 ./Drivers/STM32H7xx_HAL_Driver/Src/stm32h7xx_hal_adc_ex.o
                0x08004edc                HAL_ADCEx_LevelOutOfWindow3Callback
 .text.HAL_ADCEx_EndOfSamplingCallback
                0x08004ef0       0x14 ./Drivers/STM32H7xx_HAL_Driver/Src/stm32h7xx_hal_adc_ex.o
                0x08004ef0                HAL_ADCEx_EndOfSamplingCallback
 .text.HAL_ADCEx_MultiModeConfigChannel
                0x08004f04      0x138 ./Drivers/STM32H7xx_HAL_Driver/Src/stm32h7xx_hal_adc_ex.o
                0x08004f04                HAL_ADCEx_MultiModeConfigChannel
 .text.__NVIC_SetPriorityGrouping
                0x0800503c       0x48 ./Drivers/STM32H7xx_HAL_Driver/Src/stm32h7xx_hal_cortex.o
 .text.__NVIC_GetPriorityGrouping
                0x08005084       0x1c ./Drivers/STM32H7xx_HAL_Driver/Src/stm32h7xx_hal_cortex.o
 .text.__NVIC_EnableIRQ
                0x080050a0       0x3c ./Drivers/STM32H7xx_HAL_Driver/Src/stm32h7xx_hal_cortex.o
 .text.__NVIC_SetPriority
                0x080050dc       0x54 ./Drivers/STM32H7xx_HAL_Driver/Src/stm32h7xx_hal_cortex.o
 .text.NVIC_EncodePriority
                0x08005130       0x66 ./Drivers/STM32H7xx_HAL_Driver/Src/stm32h7xx_hal_cortex.o
 *fill*         0x08005196        0x2 
 .text.SysTick_Config
                0x08005198       0x44 ./Drivers/STM32H7xx_HAL_Driver/Src/stm32h7xx_hal_cortex.o
 .text.HAL_NVIC_SetPriorityGrouping
                0x080051dc       0x16 ./Drivers/STM32H7xx_HAL_Driver/Src/stm32h7xx_hal_cortex.o
                0x080051dc                HAL_NVIC_SetPriorityGrouping
 .text.HAL_NVIC_SetPriority
                0x080051f2       0x34 ./Drivers/STM32H7xx_HAL_Driver/Src/stm32h7xx_hal_cortex.o
                0x080051f2                HAL_NVIC_SetPriority
 .text.HAL_NVIC_EnableIRQ
                0x08005226       0x1c ./Drivers/STM32H7xx_HAL_Driver/Src/stm32h7xx_hal_cortex.o
                0x08005226                HAL_NVIC_EnableIRQ
 .text.HAL_SYSTICK_Config
                0x08005242       0x18 ./Drivers/STM32H7xx_HAL_Driver/Src/stm32h7xx_hal_cortex.o
                0x08005242                HAL_SYSTICK_Config
 *fill*         0x0800525a        0x2 
 .text.HAL_DMA_Init
                0x0800525c      0x71c ./Drivers/STM32H7xx_HAL_Driver/Src/stm32h7xx_hal_dma.o
                0x0800525c                HAL_DMA_Init
 .text.HAL_DMA_Start_IT
                0x08005978      0x4d4 ./Drivers/STM32H7xx_HAL_Driver/Src/stm32h7xx_hal_dma.o
                0x08005978                HAL_DMA_Start_IT
 .text.HAL_DMA_IRQHandler
                0x08005e4c      0xec4 ./Drivers/STM32H7xx_HAL_Driver/Src/stm32h7xx_hal_dma.o
                0x08005e4c                HAL_DMA_IRQHandler
 .text.DMA_SetConfig
                0x08006d10      0x3c8 ./Drivers/STM32H7xx_HAL_Driver/Src/stm32h7xx_hal_dma.o
 .text.DMA_CalcBaseAndBitshift
                0x080070d8      0x164 ./Drivers/STM32H7xx_HAL_Driver/Src/stm32h7xx_hal_dma.o
 .text.DMA_CheckFifoParam
                0x0800723c       0xf8 ./Drivers/STM32H7xx_HAL_Driver/Src/stm32h7xx_hal_dma.o
 .text.DMA_CalcDMAMUXChannelBaseAndMask
                0x08007334      0x134 ./Drivers/STM32H7xx_HAL_Driver/Src/stm32h7xx_hal_dma.o
 .text.DMA_CalcDMAMUXRequestGenBaseAndMask
                0x08007468       0xe8 ./Drivers/STM32H7xx_HAL_Driver/Src/stm32h7xx_hal_dma.o
 .text.HAL_FDCAN_Init
                0x08007550      0x3bc ./Drivers/STM32H7xx_HAL_Driver/Src/stm32h7xx_hal_fdcan.o
                0x08007550                HAL_FDCAN_Init
 .text.HAL_FDCAN_AddMessageToTxFifoQ
                0x0800790c       0xb6 ./Drivers/STM32H7xx_HAL_Driver/Src/stm32h7xx_hal_fdcan.o
                0x0800790c                HAL_FDCAN_AddMessageToTxFifoQ
 *fill*         0x080079c2        0x2 
 .text.HAL_FDCAN_IRQHandler
                0x080079c4      0x4bc ./Drivers/STM32H7xx_HAL_Driver/Src/stm32h7xx_hal_fdcan.o
                0x080079c4                HAL_FDCAN_IRQHandler
 .text.HAL_FDCAN_ClockCalibrationCallback
                0x08007e80       0x16 ./Drivers/STM32H7xx_HAL_Driver/Src/stm32h7xx_hal_fdcan.o
                0x08007e80                HAL_FDCAN_ClockCalibrationCallback
 .text.HAL_FDCAN_TxEventFifoCallback
                0x08007e96       0x16 ./Drivers/STM32H7xx_HAL_Driver/Src/stm32h7xx_hal_fdcan.o
                0x08007e96                HAL_FDCAN_TxEventFifoCallback
 .text.HAL_FDCAN_RxFifo0Callback
                0x08007eac       0x16 ./Drivers/STM32H7xx_HAL_Driver/Src/stm32h7xx_hal_fdcan.o
                0x08007eac                HAL_FDCAN_RxFifo0Callback
 .text.HAL_FDCAN_RxFifo1Callback
                0x08007ec2       0x16 ./Drivers/STM32H7xx_HAL_Driver/Src/stm32h7xx_hal_fdcan.o
                0x08007ec2                HAL_FDCAN_RxFifo1Callback
 .text.HAL_FDCAN_TxFifoEmptyCallback
                0x08007ed8       0x14 ./Drivers/STM32H7xx_HAL_Driver/Src/stm32h7xx_hal_fdcan.o
                0x08007ed8                HAL_FDCAN_TxFifoEmptyCallback
 .text.HAL_FDCAN_TxBufferCompleteCallback
                0x08007eec       0x16 ./Drivers/STM32H7xx_HAL_Driver/Src/stm32h7xx_hal_fdcan.o
                0x08007eec                HAL_FDCAN_TxBufferCompleteCallback
 .text.HAL_FDCAN_TxBufferAbortCallback
                0x08007f02       0x16 ./Drivers/STM32H7xx_HAL_Driver/Src/stm32h7xx_hal_fdcan.o
                0x08007f02                HAL_FDCAN_TxBufferAbortCallback
 .text.HAL_FDCAN_RxBufferNewMessageCallback
                0x08007f18       0x14 ./Drivers/STM32H7xx_HAL_Driver/Src/stm32h7xx_hal_fdcan.o
                0x08007f18                HAL_FDCAN_RxBufferNewMessageCallback
 .text.HAL_FDCAN_TimestampWraparoundCallback
                0x08007f2c       0x14 ./Drivers/STM32H7xx_HAL_Driver/Src/stm32h7xx_hal_fdcan.o
                0x08007f2c                HAL_FDCAN_TimestampWraparoundCallback
 .text.HAL_FDCAN_TimeoutOccurredCallback
                0x08007f40       0x14 ./Drivers/STM32H7xx_HAL_Driver/Src/stm32h7xx_hal_fdcan.o
                0x08007f40                HAL_FDCAN_TimeoutOccurredCallback
 .text.HAL_FDCAN_HighPriorityMessageCallback
                0x08007f54       0x14 ./Drivers/STM32H7xx_HAL_Driver/Src/stm32h7xx_hal_fdcan.o
                0x08007f54                HAL_FDCAN_HighPriorityMessageCallback
 .text.HAL_FDCAN_ErrorCallback
                0x08007f68       0x14 ./Drivers/STM32H7xx_HAL_Driver/Src/stm32h7xx_hal_fdcan.o
                0x08007f68                HAL_FDCAN_ErrorCallback
 .text.HAL_FDCAN_ErrorStatusCallback
                0x08007f7c       0x16 ./Drivers/STM32H7xx_HAL_Driver/Src/stm32h7xx_hal_fdcan.o
                0x08007f7c                HAL_FDCAN_ErrorStatusCallback
 .text.HAL_FDCAN_TT_ScheduleSyncCallback
                0x08007f92       0x16 ./Drivers/STM32H7xx_HAL_Driver/Src/stm32h7xx_hal_fdcan.o
                0x08007f92                HAL_FDCAN_TT_ScheduleSyncCallback
 .text.HAL_FDCAN_TT_TimeMarkCallback
                0x08007fa8       0x16 ./Drivers/STM32H7xx_HAL_Driver/Src/stm32h7xx_hal_fdcan.o
                0x08007fa8                HAL_FDCAN_TT_TimeMarkCallback
 .text.HAL_FDCAN_TT_StopWatchCallback
                0x08007fbe       0x18 ./Drivers/STM32H7xx_HAL_Driver/Src/stm32h7xx_hal_fdcan.o
                0x08007fbe                HAL_FDCAN_TT_StopWatchCallback
 .text.HAL_FDCAN_TT_GlobalTimeCallback
                0x08007fd6       0x16 ./Drivers/STM32H7xx_HAL_Driver/Src/stm32h7xx_hal_fdcan.o
                0x08007fd6                HAL_FDCAN_TT_GlobalTimeCallback
 .text.FDCAN_CalculateRamBlockAddresses
                0x08007fec      0x30c ./Drivers/STM32H7xx_HAL_Driver/Src/stm32h7xx_hal_fdcan.o
 .text.FDCAN_CopyMessageToRAM
                0x080082f8       0xfc ./Drivers/STM32H7xx_HAL_Driver/Src/stm32h7xx_hal_fdcan.o
 .text.HAL_GPIO_Init
                0x080083f4      0x374 ./Drivers/STM32H7xx_HAL_Driver/Src/stm32h7xx_hal_gpio.o
                0x080083f4                HAL_GPIO_Init
 .text.HAL_I2C_Init
                0x08008768      0x138 ./Drivers/STM32H7xx_HAL_Driver/Src/stm32h7xx_hal_i2c.o
                0x08008768                HAL_I2C_Init
 .text.HAL_I2C_Master_Transmit
                0x080088a0      0x230 ./Drivers/STM32H7xx_HAL_Driver/Src/stm32h7xx_hal_i2c.o
                0x080088a0                HAL_I2C_Master_Transmit
 .text.HAL_I2C_Master_Receive
                0x08008ad0      0x1ec ./Drivers/STM32H7xx_HAL_Driver/Src/stm32h7xx_hal_i2c.o
                0x08008ad0                HAL_I2C_Master_Receive
 .text.HAL_I2C_Mem_Write
                0x08008cbc      0x228 ./Drivers/STM32H7xx_HAL_Driver/Src/stm32h7xx_hal_i2c.o
                0x08008cbc                HAL_I2C_Mem_Write
 .text.I2C_RequestMemoryWrite
                0x08008ee4       0xa8 ./Drivers/STM32H7xx_HAL_Driver/Src/stm32h7xx_hal_i2c.o
 .text.I2C_Flush_TXDR
                0x08008f8c       0x48 ./Drivers/STM32H7xx_HAL_Driver/Src/stm32h7xx_hal_i2c.o
 .text.I2C_WaitOnFlagUntilTimeout
                0x08008fd4       0xb2 ./Drivers/STM32H7xx_HAL_Driver/Src/stm32h7xx_hal_i2c.o
 .text.I2C_WaitOnTXISFlagUntilTimeout
                0x08009086       0x8e ./Drivers/STM32H7xx_HAL_Driver/Src/stm32h7xx_hal_i2c.o
 .text.I2C_WaitOnSTOPFlagUntilTimeout
                0x08009114       0x86 ./Drivers/STM32H7xx_HAL_Driver/Src/stm32h7xx_hal_i2c.o
 *fill*         0x0800919a        0x2 
 .text.I2C_WaitOnRXNEFlagUntilTimeout
                0x0800919c      0x118 ./Drivers/STM32H7xx_HAL_Driver/Src/stm32h7xx_hal_i2c.o
 .text.I2C_IsErrorOccurred
                0x080092b4      0x1c0 ./Drivers/STM32H7xx_HAL_Driver/Src/stm32h7xx_hal_i2c.o
 .text.I2C_TransferConfig
                0x08009474       0x64 ./Drivers/STM32H7xx_HAL_Driver/Src/stm32h7xx_hal_i2c.o
 .text.HAL_I2CEx_ConfigAnalogFilter
                0x080094d8       0x96 ./Drivers/STM32H7xx_HAL_Driver/Src/stm32h7xx_hal_i2c_ex.o
                0x080094d8                HAL_I2CEx_ConfigAnalogFilter
 .text.HAL_I2CEx_ConfigDigitalFilter
                0x0800956e       0x98 ./Drivers/STM32H7xx_HAL_Driver/Src/stm32h7xx_hal_i2c_ex.o
                0x0800956e                HAL_I2CEx_ConfigDigitalFilter
 .text.HAL_PCD_Init
                0x08009606      0x218 ./Drivers/STM32H7xx_HAL_Driver/Src/stm32h7xx_hal_pcd.o
                0x08009606                HAL_PCD_Init
 *fill*         0x0800981e        0x2 
 .text.HAL_PCDEx_ActivateLPM
                0x08009820       0x48 ./Drivers/STM32H7xx_HAL_Driver/Src/stm32h7xx_hal_pcd_ex.o
                0x08009820                HAL_PCDEx_ActivateLPM
 .text.HAL_PWREx_ConfigSupply
                0x08009868       0x74 ./Drivers/STM32H7xx_HAL_Driver/Src/stm32h7xx_hal_pwr_ex.o
                0x08009868                HAL_PWREx_ConfigSupply
 .text.HAL_PWREx_EnableUSBVoltageDetector
                0x080098dc       0x20 ./Drivers/STM32H7xx_HAL_Driver/Src/stm32h7xx_hal_pwr_ex.o
                0x080098dc                HAL_PWREx_EnableUSBVoltageDetector
 .text.HAL_RCC_OscConfig
                0x080098fc      0x864 ./Drivers/STM32H7xx_HAL_Driver/Src/stm32h7xx_hal_rcc.o
                0x080098fc                HAL_RCC_OscConfig
 .text.HAL_RCC_ClockConfig
                0x0800a160      0x36c ./Drivers/STM32H7xx_HAL_Driver/Src/stm32h7xx_hal_rcc.o
                0x0800a160                HAL_RCC_ClockConfig
 .text.HAL_RCC_GetSysClockFreq
                0x0800a4cc      0x2f4 ./Drivers/STM32H7xx_HAL_Driver/Src/stm32h7xx_hal_rcc.o
                0x0800a4cc                HAL_RCC_GetSysClockFreq
 .text.HAL_RCC_GetHCLKFreq
                0x0800a7c0       0x60 ./Drivers/STM32H7xx_HAL_Driver/Src/stm32h7xx_hal_rcc.o
                0x0800a7c0                HAL_RCC_GetHCLKFreq
 .text.HAL_RCC_GetPCLK1Freq
                0x0800a820       0x2c ./Drivers/STM32H7xx_HAL_Driver/Src/stm32h7xx_hal_rcc.o
                0x0800a820                HAL_RCC_GetPCLK1Freq
 .text.HAL_RCC_GetPCLK2Freq
                0x0800a84c       0x2c ./Drivers/STM32H7xx_HAL_Driver/Src/stm32h7xx_hal_rcc.o
                0x0800a84c                HAL_RCC_GetPCLK2Freq
 .text.HAL_RCCEx_PeriphCLKConfig
                0x0800a878     0x137c ./Drivers/STM32H7xx_HAL_Driver/Src/stm32h7xx_hal_rcc_ex.o
                0x0800a878                HAL_RCCEx_PeriphCLKConfig
 .text.HAL_RCCEx_GetPeriphCLKFreq
                0x0800bbf4      0x9b0 ./Drivers/STM32H7xx_HAL_Driver/Src/stm32h7xx_hal_rcc_ex.o
                0x0800bbf4                HAL_RCCEx_GetPeriphCLKFreq
 .text.HAL_RCCEx_GetD3PCLK1Freq
                0x0800c5a4       0x2c ./Drivers/STM32H7xx_HAL_Driver/Src/stm32h7xx_hal_rcc_ex.o
                0x0800c5a4                HAL_RCCEx_GetD3PCLK1Freq
 .text.HAL_RCCEx_GetPLL2ClockFreq
                0x0800c5d0      0x2a8 ./Drivers/STM32H7xx_HAL_Driver/Src/stm32h7xx_hal_rcc_ex.o
                0x0800c5d0                HAL_RCCEx_GetPLL2ClockFreq
 .text.HAL_RCCEx_GetPLL3ClockFreq
                0x0800c878      0x2a8 ./Drivers/STM32H7xx_HAL_Driver/Src/stm32h7xx_hal_rcc_ex.o
                0x0800c878                HAL_RCCEx_GetPLL3ClockFreq
 .text.HAL_RCCEx_GetPLL1ClockFreq
                0x0800cb20      0x2a4 ./Drivers/STM32H7xx_HAL_Driver/Src/stm32h7xx_hal_rcc_ex.o
                0x0800cb20                HAL_RCCEx_GetPLL1ClockFreq
 .text.RCCEx_PLL2_Config
                0x0800cdc4      0x164 ./Drivers/STM32H7xx_HAL_Driver/Src/stm32h7xx_hal_rcc_ex.o
 .text.RCCEx_PLL3_Config
                0x0800cf28      0x164 ./Drivers/STM32H7xx_HAL_Driver/Src/stm32h7xx_hal_rcc_ex.o
 .text.HAL_TIM_Base_Init
                0x0800d08c       0xae ./Drivers/STM32H7xx_HAL_Driver/Src/stm32h7xx_hal_tim.o
                0x0800d08c                HAL_TIM_Base_Init
 *fill*         0x0800d13a        0x2 
 .text.HAL_TIM_Base_Start
                0x0800d13c       0xe0 ./Drivers/STM32H7xx_HAL_Driver/Src/stm32h7xx_hal_tim.o
                0x0800d13c                HAL_TIM_Base_Start
 .text.HAL_TIM_PWM_Init
                0x0800d21c       0xae ./Drivers/STM32H7xx_HAL_Driver/Src/stm32h7xx_hal_tim.o
                0x0800d21c                HAL_TIM_PWM_Init
 *fill*         0x0800d2ca        0x2 
 .text.HAL_TIM_PWM_Start
                0x0800d2cc      0x21c ./Drivers/STM32H7xx_HAL_Driver/Src/stm32h7xx_hal_tim.o
                0x0800d2cc                HAL_TIM_PWM_Start
 .text.HAL_TIM_PWM_ConfigChannel
                0x0800d4e8      0x228 ./Drivers/STM32H7xx_HAL_Driver/Src/stm32h7xx_hal_tim.o
                0x0800d4e8                HAL_TIM_PWM_ConfigChannel
 .text.TIM_Base_SetConfig
                0x0800d710      0x140 ./Drivers/STM32H7xx_HAL_Driver/Src/stm32h7xx_hal_tim.o
                0x0800d710                TIM_Base_SetConfig
 .text.TIM_OC1_SetConfig
                0x0800d850      0x124 ./Drivers/STM32H7xx_HAL_Driver/Src/stm32h7xx_hal_tim.o
 .text.TIM_OC2_SetConfig
                0x0800d974      0x118 ./Drivers/STM32H7xx_HAL_Driver/Src/stm32h7xx_hal_tim.o
                0x0800d974                TIM_OC2_SetConfig
 .text.TIM_OC3_SetConfig
                0x0800da8c      0x114 ./Drivers/STM32H7xx_HAL_Driver/Src/stm32h7xx_hal_tim.o
 .text.TIM_OC4_SetConfig
                0x0800dba0       0xd4 ./Drivers/STM32H7xx_HAL_Driver/Src/stm32h7xx_hal_tim.o
 .text.TIM_OC5_SetConfig
                0x0800dc74       0xc8 ./Drivers/STM32H7xx_HAL_Driver/Src/stm32h7xx_hal_tim.o
 .text.TIM_OC6_SetConfig
                0x0800dd3c       0xcc ./Drivers/STM32H7xx_HAL_Driver/Src/stm32h7xx_hal_tim.o
 .text.TIM_CCxChannelCmd
                0x0800de08       0x4a ./Drivers/STM32H7xx_HAL_Driver/Src/stm32h7xx_hal_tim.o
                0x0800de08                TIM_CCxChannelCmd
 *fill*         0x0800de52        0x2 
 .text.HAL_TIMEx_MasterConfigSynchronization
                0x0800de54      0x11c ./Drivers/STM32H7xx_HAL_Driver/Src/stm32h7xx_hal_tim_ex.o
                0x0800de54                HAL_TIMEx_MasterConfigSynchronization
 .text.HAL_UART_Init
                0x0800df70       0xa0 ./Drivers/STM32H7xx_HAL_Driver/Src/stm32h7xx_hal_uart.o
                0x0800df70                HAL_UART_Init
 .text.UART_SetConfig
                0x0800e010      0xcd8 ./Drivers/STM32H7xx_HAL_Driver/Src/stm32h7xx_hal_uart.o
                0x0800e010                UART_SetConfig
 .text.UART_AdvFeatureConfig
                0x0800ece8      0x144 ./Drivers/STM32H7xx_HAL_Driver/Src/stm32h7xx_hal_uart.o
                0x0800ece8                UART_AdvFeatureConfig
 .text.UART_CheckIdleState
                0x0800ee2c      0x154 ./Drivers/STM32H7xx_HAL_Driver/Src/stm32h7xx_hal_uart.o
                0x0800ee2c                UART_CheckIdleState
 .text.UART_WaitOnFlagUntilTimeout
                0x0800ef80       0xda ./Drivers/STM32H7xx_HAL_Driver/Src/stm32h7xx_hal_uart.o
                0x0800ef80                UART_WaitOnFlagUntilTimeout
 *fill*         0x0800f05a        0x2 
 .text.UART_EndRxTransfer
                0x0800f05c       0xcc ./Drivers/STM32H7xx_HAL_Driver/Src/stm32h7xx_hal_uart.o
 .text.HAL_UARTEx_DisableFifoMode
                0x0800f128       0x72 ./Drivers/STM32H7xx_HAL_Driver/Src/stm32h7xx_hal_uart_ex.o
                0x0800f128                HAL_UARTEx_DisableFifoMode
 .text.HAL_UARTEx_SetTxFifoThreshold
                0x0800f19a       0x7c ./Drivers/STM32H7xx_HAL_Driver/Src/stm32h7xx_hal_uart_ex.o
                0x0800f19a                HAL_UARTEx_SetTxFifoThreshold
 .text.HAL_UARTEx_SetRxFifoThreshold
                0x0800f216       0x7c ./Drivers/STM32H7xx_HAL_Driver/Src/stm32h7xx_hal_uart_ex.o
                0x0800f216                HAL_UARTEx_SetRxFifoThreshold
 *fill*         0x0800f292        0x2 
 .text.UARTEx_SetNbDataToProcess
                0x0800f294       0x9c ./Drivers/STM32H7xx_HAL_Driver/Src/stm32h7xx_hal_uart_ex.o
 .text.USB_CoreInit
                0x0800f330       0xf0 ./Drivers/STM32H7xx_HAL_Driver/Src/stm32h7xx_ll_usb.o
                0x0800f330                USB_CoreInit
 .text.USB_DisableGlobalInt
                0x0800f420       0x22 ./Drivers/STM32H7xx_HAL_Driver/Src/stm32h7xx_ll_usb.o
                0x0800f420                USB_DisableGlobalInt
 .text.USB_SetCurrentMode
                0x0800f442       0x98 ./Drivers/STM32H7xx_HAL_Driver/Src/stm32h7xx_ll_usb.o
                0x0800f442                USB_SetCurrentMode
 *fill*         0x0800f4da        0x2 
 .text.USB_DevInit
                0x0800f4dc      0x2bc ./Drivers/STM32H7xx_HAL_Driver/Src/stm32h7xx_ll_usb.o
                0x0800f4dc                USB_DevInit
 .text.USB_FlushTxFifo
                0x0800f798       0x64 ./Drivers/STM32H7xx_HAL_Driver/Src/stm32h7xx_ll_usb.o
                0x0800f798                USB_FlushTxFifo
 .text.USB_FlushRxFifo
                0x0800f7fc       0x5c ./Drivers/STM32H7xx_HAL_Driver/Src/stm32h7xx_ll_usb.o
                0x0800f7fc                USB_FlushRxFifo
 .text.USB_SetDevSpeed
                0x0800f858       0x32 ./Drivers/STM32H7xx_HAL_Driver/Src/stm32h7xx_ll_usb.o
                0x0800f858                USB_SetDevSpeed
 .text.USB_DevDisconnect
                0x0800f88a       0x42 ./Drivers/STM32H7xx_HAL_Driver/Src/stm32h7xx_ll_usb.o
                0x0800f88a                USB_DevDisconnect
 .text.USB_GetMode
                0x0800f8cc       0x1c ./Drivers/STM32H7xx_HAL_Driver/Src/stm32h7xx_ll_usb.o
                0x0800f8cc                USB_GetMode
 .text.USB_CoreReset
                0x0800f8e8       0x70 ./Drivers/STM32H7xx_HAL_Driver/Src/stm32h7xx_ll_usb.o
 .text.memset   0x0800f958       0x10 /home/arielchama/.eclipse/com.st.stm32cube.ide.mcu.rcp.product_1.19.0_139068057_linux_gtk_x86_64/plugins/com.st.stm32cube.ide.mcu.externaltools.gnu-tools-for-stm32.14.3.rel1.linux64_1.0.100.202602081740/tools/bin/../lib/gcc/arm-none-eabi/14.3.1/../../../../arm-none-eabi/lib/thumb/v7e-m+dp/hard/libc_nano.a(libc_a-memset.o)
                0x0800f958                memset
 .text.__libc_init_array
                0x0800f968       0x48 /home/arielchama/.eclipse/com.st.stm32cube.ide.mcu.rcp.product_1.19.0_139068057_linux_gtk_x86_64/plugins/com.st.stm32cube.ide.mcu.externaltools.gnu-tools-for-stm32.14.3.rel1.linux64_1.0.100.202602081740/tools/bin/../lib/gcc/arm-none-eabi/14.3.1/../../../../arm-none-eabi/lib/thumb/v7e-m+dp/hard/libc_nano.a(libc_a-init.o)
                0x0800f968                __libc_init_array
 .text.memcpy   0x0800f9b0       0x1c /home/arielchama/.eclipse/com.st.stm32cube.ide.mcu.rcp.product_1.19.0_139068057_linux_gtk_x86_64/plugins/com.st.stm32cube.ide.mcu.externaltools.gnu-tools-for-stm32.14.3.rel1.linux64_1.0.100.202602081740/tools/bin/../lib/gcc/arm-none-eabi/14.3.1/../../../../arm-none-eabi/lib/thumb/v7e-m+dp/hard/libc_nano.a(libc_a-memcpy-stub.o)
                0x0800f9b0                memcpy
 *(.glue_7)
 .glue_7        0x0800f9cc        0x0 linker stubs
 *(.glue_7t)
 .glue_7t       0x0800f9cc        0x0 linker stubs
 *(.eh_frame)
 .eh_frame      0x0800f9cc        0x0 /home/arielchama/.eclipse/com.st.stm32cube.ide.mcu.rcp.product_1.19.0_139068057_linux_gtk_x86_64/plugins/com.st.stm32cube.ide.mcu.externaltools.gnu-tools-for-stm32.14.3.rel1.linux64_1.0.100.202602081740/tools/bin/../lib/gcc/arm-none-eabi/14.3.1/thumb/v7e-m+dp/hard/crtbegin.o
 *(.init)
 .init          0x0800f9cc        0x4 /home/arielchama/.eclipse/com.st.stm32cube.ide.mcu.rcp.product_1.19.0_139068057_linux_gtk_x86_64/plugins/com.st.stm32cube.ide.mcu.externaltools.gnu-tools-for-stm32.14.3.rel1.linux64_1.0.100.202602081740/tools/bin/../lib/gcc/arm-none-eabi/14.3.1/thumb/v7e-m+dp/hard/crti.o
                0x0800f9cc                _init
 .init          0x0800f9d0        0x8 /home/arielchama/.eclipse/com.st.stm32cube.ide.mcu.rcp.product_1.19.0_139068057_linux_gtk_x86_64/plugins/com.st.stm32cube.ide.mcu.externaltools.gnu-tools-for-stm32.14.3.rel1.linux64_1.0.100.202602081740/tools/bin/../lib/gcc/arm-none-eabi/14.3.1/thumb/v7e-m+dp/hard/crtn.o
 *(.fini)
 .fini          0x0800f9d8        0x4 /home/arielchama/.eclipse/com.st.stm32cube.ide.mcu.rcp.product_1.19.0_139068057_linux_gtk_x86_64/plugins/com.st.stm32cube.ide.mcu.externaltools.gnu-tools-for-stm32.14.3.rel1.linux64_1.0.100.202602081740/tools/bin/../lib/gcc/arm-none-eabi/14.3.1/thumb/v7e-m+dp/hard/crti.o
                0x0800f9d8                _fini
 .fini          0x0800f9dc        0x8 /home/arielchama/.eclipse/com.st.stm32cube.ide.mcu.rcp.product_1.19.0_139068057_linux_gtk_x86_64/plugins/com.st.stm32cube.ide.mcu.externaltools.gnu-tools-for-stm32.14.3.rel1.linux64_1.0.100.202602081740/tools/bin/../lib/gcc/arm-none-eabi/14.3.1/thumb/v7e-m+dp/hard/crtn.o
                0x0800f9e4                        . = ALIGN (0x4)
                0x0800f9e4                        _etext = .

.vfp11_veneer   0x0800f9e4        0x0
 .vfp11_veneer  0x0800f9e4        0x0 linker stubs

.v4_bx          0x0800f9e4        0x0
 .v4_bx         0x0800f9e4        0x0 linker stubs

.iplt           0x0800f9e4        0x0
 .iplt          0x0800f9e4        0x0 /home/arielchama/.eclipse/com.st.stm32cube.ide.mcu.rcp.product_1.19.0_139068057_linux_gtk_x86_64/plugins/com.st.stm32cube.ide.mcu.externaltools.gnu-tools-for-stm32.14.3.rel1.linux64_1.0.100.202602081740/tools/bin/../lib/gcc/arm-none-eabi/14.3.1/thumb/v7e-m+dp/hard/crtbegin.o

.rodata         0x0800f9e4       0x9c
                0x0800f9e4                        . = ALIGN (0x4)
 *(.rodata)
 .rodata        0x0800f9e4       0x4c ./Drivers/STM32H7xx_HAL_Driver/Src/stm32h7xx_hal_fdcan.o
 *(.rodata*)
 .rodata.D1CorePrescTable
                0x0800fa30       0x10 ./Core/Src/system_stm32h7xx.o
                0x0800fa30                D1CorePrescTable
 .rodata.flagBitshiftOffset.0
                0x0800fa40        0x8 ./Drivers/STM32H7xx_HAL_Driver/Src/stm32h7xx_hal_dma.o
 .rodata.DLCtoBytes
                0x0800fa48       0x10 ./Drivers/STM32H7xx_HAL_Driver/Src/stm32h7xx_hal_fdcan.o
 .rodata.UARTPrescTable
                0x0800fa58       0x18 ./Drivers/STM32H7xx_HAL_Driver/Src/stm32h7xx_hal_uart.o
                0x0800fa58                UARTPrescTable
 .rodata.numerator.1
                0x0800fa70        0x8 ./Drivers/STM32H7xx_HAL_Driver/Src/stm32h7xx_hal_uart_ex.o
 .rodata.denominator.0
                0x0800fa78        0x8 ./Drivers/STM32H7xx_HAL_Driver/Src/stm32h7xx_hal_uart_ex.o
                0x0800fa80                        . = ALIGN (0x4)

.ARM.extab
 *(.ARM.extab* .gnu.linkonce.armextab.*)

.ARM            0x0800fa80        0x8
                0x0800fa80                        __exidx_start = .
 *(.ARM.exidx*)
 .ARM.exidx     0x0800fa80        0x8 /home/arielchama/.eclipse/com.st.stm32cube.ide.mcu.rcp.product_1.19.0_139068057_linux_gtk_x86_64/plugins/com.st.stm32cube.ide.mcu.externaltools.gnu-tools-for-stm32.14.3.rel1.linux64_1.0.100.202602081740/tools/bin/../lib/gcc/arm-none-eabi/14.3.1/thumb/v7e-m+dp/hard/libgcc.a(_udivmoddi4.o)
                0x0800fa88                        __exidx_end = .

.preinit_array  0x0800fa88        0x0
                0x0800fa88                        PROVIDE (__preinit_array_start = .)
 *(.preinit_array*)
                0x0800fa88                        PROVIDE (__preinit_array_end = .)

.init_array     0x0800fa88        0x4
                0x0800fa88                        PROVIDE (__init_array_start = .)
 *(SORT_BY_NAME(.init_array.*))
 *(.init_array*)
 .init_array    0x0800fa88        0x4 /home/arielchama/.eclipse/com.st.stm32cube.ide.mcu.rcp.product_1.19.0_139068057_linux_gtk_x86_64/plugins/com.st.stm32cube.ide.mcu.externaltools.gnu-tools-for-stm32.14.3.rel1.linux64_1.0.100.202602081740/tools/bin/../lib/gcc/arm-none-eabi/14.3.1/thumb/v7e-m+dp/hard/crtbegin.o
                0x0800fa8c                        PROVIDE (__init_array_end = .)

.fini_array     0x0800fa8c        0x4
                [!provide]                        PROVIDE (__fini_array_start = .)
 *(SORT_BY_NAME(.fini_array.*))
 *(.fini_array*)
 .fini_array    0x0800fa8c        0x4 /home/arielchama/.eclipse/com.st.stm32cube.ide.mcu.rcp.product_1.19.0_139068057_linux_gtk_x86_64/plugins/com.st.stm32cube.ide.mcu.externaltools.gnu-tools-for-stm32.14.3.rel1.linux64_1.0.100.202602081740/tools/bin/../lib/gcc/arm-none-eabi/14.3.1/thumb/v7e-m+dp/hard/crtbegin.o
                [!provide]                        PROVIDE (__fini_array_end = .)
                0x0800fa90                        _sidata = LOADADDR (.data)

.rel.dyn        0x0800fa90        0x0
 .rel.iplt      0x0800fa90        0x0 /home/arielchama/.eclipse/com.st.stm32cube.ide.mcu.rcp.product_1.19.0_139068057_linux_gtk_x86_64/plugins/com.st.stm32cube.ide.mcu.externaltools.gnu-tools-for-stm32.14.3.rel1.linux64_1.0.100.202602081740/tools/bin/../lib/gcc/arm-none-eabi/14.3.1/thumb/v7e-m+dp/hard/crtbegin.o

.data           0x24000000      0x28c load address 0x0800fa90
                0x24000000                        . = ALIGN (0x4)
                0x24000000                        _sdata = .
 *(.data)
 *(.data*)
 .data.SystemCoreClock
                0x24000000        0x4 ./Core/Src/system_stm32h7xx.o
                0x24000000                SystemCoreClock
 .data.SystemD2Clock
                0x24000004        0x4 ./Core/Src/system_stm32h7xx.o
                0x24000004                SystemD2Clock
 .data.ntc_temp_c
                0x24000008       0xe8 ./Core/UserCode/Src/MainController.o
                0x24000008                ntc_temp_c
 .data.ntc_res_ohm
                0x240000f0       0xe8 ./Core/UserCode/Src/MainController.o
                0x240000f0                ntc_res_ohm
 .data.bno      0x240001d8       0xac ./Core/UserCode/Src/bnoController.o
                0x240001d8                bno
 .data.uwTickPrio
                0x24000284        0x4 ./Drivers/STM32H7xx_HAL_Driver/Src/stm32h7xx_hal.o
                0x24000284                uwTickPrio
 .data.uwTickFreq
                0x24000288        0x1 ./Drivers/STM32H7xx_HAL_Driver/Src/stm32h7xx_hal.o
                0x24000288                uwTickFreq
 *(.RamFunc)
 *(.RamFunc*)
                0x2400028c                        . = ALIGN (0x4)
 *fill*         0x24000289        0x3 
                0x2400028c                        _edata = .

.igot.plt       0x2400028c        0x0 load address 0x0800fd1c
 .igot.plt      0x2400028c        0x0 /home/arielchama/.eclipse/com.st.stm32cube.ide.mcu.rcp.product_1.19.0_139068057_linux_gtk_x86_64/plugins/com.st.stm32cube.ide.mcu.externaltools.gnu-tools-for-stm32.14.3.rel1.linux64_1.0.100.202602081740/tools/bin/../lib/gcc/arm-none-eabi/14.3.1/thumb/v7e-m+dp/hard/crtbegin.o
                0x2400028c                        . = ALIGN (0x4)

.bss            0x2400028c      0x920 load address 0x0800fd1c
                0x2400028c                        _sbss = .
                0x2400028c                        __bss_start__ = _sbss
 *(.bss)
 .bss           0x2400028c       0x1c /home/arielchama/.eclipse/com.st.stm32cube.ide.mcu.rcp.product_1.19.0_139068057_linux_gtk_x86_64/plugins/com.st.stm32cube.ide.mcu.externaltools.gnu-tools-for-stm32.14.3.rel1.linux64_1.0.100.202602081740/tools/bin/../lib/gcc/arm-none-eabi/14.3.1/thumb/v7e-m+dp/hard/crtbegin.o
 *(.bss*)
 .bss.hadc1     0x240002a8       0x64 ./Core/Src/main.o
                0x240002a8                hadc1
 .bss.hdma_adc1
                0x2400030c       0x78 ./Core/Src/main.o
                0x2400030c                hdma_adc1
 .bss.hfdcan1   0x24000384       0xa0 ./Core/Src/main.o
                0x24000384                hfdcan1
 .bss.hfdcan2   0x24000424       0xa0 ./Core/Src/main.o
                0x24000424                hfdcan2
 .bss.hi2c3     0x240004c4       0x54 ./Core/Src/main.o
                0x240004c4                hi2c3
 .bss.htim2     0x24000518       0x4c ./Core/Src/main.o
                0x24000518                htim2
 .bss.htim5     0x24000564       0x4c ./Core/Src/main.o
                0x24000564                htim5
 .bss.htim6     0x240005b0       0x4c ./Core/Src/main.o
                0x240005b0                htim6
 .bss.huart3    0x240005fc       0x94 ./Core/Src/main.o
                0x240005fc                huart3
 .bss.hpcd_USB_OTG_HS
                0x24000690      0x4e4 ./Core/Src/main.o
                0x24000690                hpcd_USB_OTG_HS
 .bss.HAL_RCC_FDCAN_CLK_ENABLED
                0x24000b74        0x4 ./Core/Src/stm32h7xx_hal_msp.o
 .bss.temp_value_NTC_BIN
                0x24000b78        0x8 ./Core/UserCode/Src/MainController.o
                0x24000b78                temp_value_NTC_BIN
 .bss.temp_value_NTC
                0x24000b80        0x8 ./Core/UserCode/Src/MainController.o
                0x24000b80                temp_value_NTC
 .bss.velocity  0x24000b88        0xc ./Core/UserCode/Src/bnoController.o
                0x24000b88                velocity
 .bss.position  0x24000b94        0xc ./Core/UserCode/Src/bnoController.o
                0x24000b94                position
 .bss.lastTick  0x24000ba0        0x4 ./Core/UserCode/Src/bnoController.o
                0x24000ba0                lastTick
 .bss.lastCanTick.0
                0x24000ba4        0x4 ./Core/UserCode/Src/bnoController.o
 .bss.uwTick    0x24000ba8        0x4 ./Drivers/STM32H7xx_HAL_Driver/Src/stm32h7xx_hal.o
                0x24000ba8                uwTick
 *(COMMON)
                0x24000bac                        . = ALIGN (0x4)
                0x24000bac                        _ebss = .
                0x24000bac                        __bss_end__ = _ebss

._user_heap_stack
                0x24000bac      0x604 load address 0x0800fd1c
                0x24000bb0                        . = ALIGN (0x8)
 *fill*         0x24000bac        0x4 
                [!provide]                        PROVIDE (end = .)
                0x24000bb0                        PROVIDE (_end = .)
                0x24000db0                        . = (. + _Min_Heap_Size)
 *fill*         0x24000bb0      0x200 
                0x240011b0                        . = (. + _Min_Stack_Size)
 *fill*         0x24000db0      0x400 
                0x240011b0                        . = ALIGN (0x8)

/DISCARD/
 libc.a(*)
 libm.a(*)
 libgcc.a(*)

.ARM.attributes
                0x00000000       0x2e
 *(.ARM.attributes)
 .ARM.attributes
                0x00000000       0x20 /home/arielchama/.eclipse/com.st.stm32cube.ide.mcu.rcp.product_1.19.0_139068057_linux_gtk_x86_64/plugins/com.st.stm32cube.ide.mcu.externaltools.gnu-tools-for-stm32.14.3.rel1.linux64_1.0.100.202602081740/tools/bin/../lib/gcc/arm-none-eabi/14.3.1/thumb/v7e-m+dp/hard/crti.o
 .ARM.attributes
                0x00000020       0x32 /home/arielchama/.eclipse/com.st.stm32cube.ide.mcu.rcp.product_1.19.0_139068057_linux_gtk_x86_64/plugins/com.st.stm32cube.ide.mcu.externaltools.gnu-tools-for-stm32.14.3.rel1.linux64_1.0.100.202602081740/tools/bin/../lib/gcc/arm-none-eabi/14.3.1/thumb/v7e-m+dp/hard/crtbegin.o
 .ARM.attributes
                0x00000052       0x32 ./Core/Src/main.o
 .ARM.attributes
                0x00000084       0x32 ./Core/Src/stm32h7xx_hal_msp.o
 .ARM.attributes
                0x000000b6       0x32 ./Core/Src/stm32h7xx_it.o
 .ARM.attributes
                0x000000e8       0x32 ./Core/Src/system_stm32h7xx.o
 .ARM.attributes
                0x0000011a       0x21 ./Core/Startup/startup_stm32h7b0rbtx.o
 .ARM.attributes
                0x0000013b       0x32 ./Core/UserCode/Src/MainController.o
 .ARM.attributes
                0x0000016d       0x32 ./Core/UserCode/Src/bno055.o
 .ARM.attributes
                0x0000019f       0x32 ./Core/UserCode/Src/bnoController.o
 .ARM.attributes
                0x000001d1       0x32 ./Core/UserCode/Src/mathUtils.o
 .ARM.attributes
                0x00000203       0x32 ./Core/UserCode/Src/vdcu_can.o
 .ARM.attributes
                0x00000235       0x32 ./Drivers/STM32H7xx_HAL_Driver/Src/stm32h7xx_hal.o
 .ARM.attributes
                0x00000267       0x32 ./Drivers/STM32H7xx_HAL_Driver/Src/stm32h7xx_hal_adc.o
 .ARM.attributes
                0x00000299       0x32 ./Drivers/STM32H7xx_HAL_Driver/Src/stm32h7xx_hal_adc_ex.o
 .ARM.attributes
                0x000002cb       0x32 ./Drivers/STM32H7xx_HAL_Driver/Src/stm32h7xx_hal_cortex.o
 .ARM.attributes
                0x000002fd       0x32 ./Drivers/STM32H7xx_HAL_Driver/Src/stm32h7xx_hal_dma.o
 .ARM.attributes
                0x0000032f       0x32 ./Drivers/STM32H7xx_HAL_Driver/Src/stm32h7xx_hal_fdcan.o
 .ARM.attributes
                0x00000361       0x32 ./Drivers/STM32H7xx_HAL_Driver/Src/stm32h7xx_hal_gpio.o
 .ARM.attributes
                0x00000393       0x32 ./Drivers/STM32H7xx_HAL_Driver/Src/stm32h7xx_hal_i2c.o
 .ARM.attributes
                0x000003c5       0x32 ./Drivers/STM32H7xx_HAL_Driver/Src/stm32h7xx_hal_i2c_ex.o
 .ARM.attributes
                0x000003f7       0x32 ./Drivers/STM32H7xx_HAL_Driver/Src/stm32h7xx_hal_pcd.o
 .ARM.attributes
                0x00000429       0x32 ./Drivers/STM32H7xx_HAL_Driver/Src/stm32h7xx_hal_pcd_ex.o
 .ARM.attributes
                0x0000045b       0x32 ./Drivers/STM32H7xx_HAL_Driver/Src/stm32h7xx_hal_pwr_ex.o
 .ARM.attributes
                0x0000048d       0x32 ./Drivers/STM32H7xx_HAL_Driver/Src/stm32h7xx_hal_rcc.o
 .ARM.attributes
                0x000004bf       0x32 ./Drivers/STM32H7xx_HAL_Driver/Src/stm32h7xx_hal_rcc_ex.o
 .ARM.attributes
                0x000004f1       0x32 ./Drivers/STM32H7xx_HAL_Driver/Src/stm32h7xx_hal_tim.o
 .ARM.attributes
                0x00000523       0x32 ./Drivers/STM32H7xx_HAL_Driver/Src/stm32h7xx_hal_tim_ex.o
 .ARM.attributes
                0x00000555       0x32 ./Drivers/STM32H7xx_HAL_Driver/Src/stm32h7xx_hal_uart.o
 .ARM.attributes
                0x00000587       0x32 ./Drivers/STM32H7xx_HAL_Driver/Src/stm32h7xx_hal_uart_ex.o
 .ARM.attributes
                0x000005b9       0x32 ./Drivers/STM32H7xx_HAL_Driver/Src/stm32h7xx_ll_usb.o
 .ARM.attributes
                0x000005eb       0x32 /home/arielchama/.eclipse/com.st.stm32cube.ide.mcu.rcp.product_1.19.0_139068057_linux_gtk_x86_64/plugins/com.st.stm32cube.ide.mcu.externaltools.gnu-tools-for-stm32.14.3.rel1.linux64_1.0.100.202602081740/tools/bin/../lib/gcc/arm-none-eabi/14.3.1/../../../../arm-none-eabi/lib/thumb/v7e-m+dp/hard/libc_nano.a(libc_a-memset.o)
 .ARM.attributes
                0x0000061d       0x32 /home/arielchama/.eclipse/com.st.stm32cube.ide.mcu.rcp.product_1.19.0_139068057_linux_gtk_x86_64/plugins/com.st.stm32cube.ide.mcu.externaltools.gnu-tools-for-stm32.14.3.rel1.linux64_1.0.100.202602081740/tools/bin/../lib/gcc/arm-none-eabi/14.3.1/../../../../arm-none-eabi/lib/thumb/v7e-m+dp/hard/libc_nano.a(libc_a-init.o)
 .ARM.attributes
                0x0000064f       0x32 /home/arielchama/.eclipse/com.st.stm32cube.ide.mcu.rcp.product_1.19.0_139068057_linux_gtk_x86_64/plugins/com.st.stm32cube.ide.mcu.externaltools.gnu-tools-for-stm32.14.3.rel1.linux64_1.0.100.202602081740/tools/bin/../lib/gcc/arm-none-eabi/14.3.1/../../../../arm-none-eabi/lib/thumb/v7e-m+dp/hard/libc_nano.a(libc_a-memcpy-stub.o)
 .ARM.attributes
                0x00000681       0x20 /home/arielchama/.eclipse/com.st.stm32cube.ide.mcu.rcp.product_1.19.0_139068057_linux_gtk_x86_64/plugins/com.st.stm32cube.ide.mcu.externaltools.gnu-tools-for-stm32.14.3.rel1.linux64_1.0.100.202602081740/tools/bin/../lib/gcc/arm-none-eabi/14.3.1/thumb/v7e-m+dp/hard/libgcc.a(_aeabi_uldivmod.o)
 .ARM.attributes
                0x000006a1       0x32 /home/arielchama/.eclipse/com.st.stm32cube.ide.mcu.rcp.product_1.19.0_139068057_linux_gtk_x86_64/plugins/com.st.stm32cube.ide.mcu.externaltools.gnu-tools-for-stm32.14.3.rel1.linux64_1.0.100.202602081740/tools/bin/../lib/gcc/arm-none-eabi/14.3.1/thumb/v7e-m+dp/hard/libgcc.a(_udivmoddi4.o)
 .ARM.attributes
                0x000006d3       0x20 /home/arielchama/.eclipse/com.st.stm32cube.ide.mcu.rcp.product_1.19.0_139068057_linux_gtk_x86_64/plugins/com.st.stm32cube.ide.mcu.externaltools.gnu-tools-for-stm32.14.3.rel1.linux64_1.0.100.202602081740/tools/bin/../lib/gcc/arm-none-eabi/14.3.1/thumb/v7e-m+dp/hard/libgcc.a(_dvmd_tls.o)
 .ARM.attributes
                0x000006f3       0x20 /home/arielchama/.eclipse/com.st.stm32cube.ide.mcu.rcp.product_1.19.0_139068057_linux_gtk_x86_64/plugins/com.st.stm32cube.ide.mcu.externaltools.gnu-tools-for-stm32.14.3.rel1.linux64_1.0.100.202602081740/tools/bin/../lib/gcc/arm-none-eabi/14.3.1/thumb/v7e-m+dp/hard/crtn.o
OUTPUT(Sensor_cooling_H7.elf elf32-littlearm)
LOAD linker stubs
LOAD /home/arielchama/.eclipse/com.st.stm32cube.ide.mcu.rcp.product_1.19.0_139068057_linux_gtk_x86_64/plugins/com.st.stm32cube.ide.mcu.externaltools.gnu-tools-for-stm32.14.3.rel1.linux64_1.0.100.202602081740/tools/bin/../lib/gcc/arm-none-eabi/14.3.1/../../../../arm-none-eabi/lib/thumb/v7e-m+dp/hard/libc.a
LOAD /home/arielchama/.eclipse/com.st.stm32cube.ide.mcu.rcp.product_1.19.0_139068057_linux_gtk_x86_64/plugins/com.st.stm32cube.ide.mcu.externaltools.gnu-tools-for-stm32.14.3.rel1.linux64_1.0.100.202602081740/tools/bin/../lib/gcc/arm-none-eabi/14.3.1/../../../../arm-none-eabi/lib/thumb/v7e-m+dp/hard/libm.a
LOAD /home/arielchama/.eclipse/com.st.stm32cube.ide.mcu.rcp.product_1.19.0_139068057_linux_gtk_x86_64/plugins/com.st.stm32cube.ide.mcu.externaltools.gnu-tools-for-stm32.14.3.rel1.linux64_1.0.100.202602081740/tools/bin/../lib/gcc/arm-none-eabi/14.3.1/thumb/v7e-m+dp/hard/libgcc.a

.debug_info     0x00000000    0x2a17a
 .debug_info    0x00000000     0x3374 ./Core/Src/main.o
 .debug_info    0x00003374     0x3013 ./Core/Src/stm32h7xx_hal_msp.o
 .debug_info    0x00006387     0x1097 ./Core/Src/stm32h7xx_it.o
 .debug_info    0x0000741e      0xd42 ./Core/Src/system_stm32h7xx.o
 .debug_info    0x00008160       0x30 ./Core/Startup/startup_stm32h7b0rbtx.o
 .debug_info    0x00008190      0xde1 ./Core/UserCode/Src/MainController.o
 .debug_info    0x00008f71     0x20be ./Core/UserCode/Src/bno055.o
 .debug_info    0x0000b02f     0x11ab ./Core/UserCode/Src/bnoController.o
 .debug_info    0x0000c1da      0x106 ./Core/UserCode/Src/mathUtils.o
 .debug_info    0x0000c2e0      0xa5d ./Core/UserCode/Src/vdcu_can.o
 .debug_info    0x0000cd3d     0x1403 ./Drivers/STM32H7xx_HAL_Driver/Src/stm32h7xx_hal.o
 .debug_info    0x0000e140     0x1caa ./Drivers/STM32H7xx_HAL_Driver/Src/stm32h7xx_hal_adc.o
 .debug_info    0x0000fdea     0x1dd7 ./Drivers/STM32H7xx_HAL_Driver/Src/stm32h7xx_hal_adc_ex.o
 .debug_info    0x00011bc1     0x10b2 ./Drivers/STM32H7xx_HAL_Driver/Src/stm32h7xx_hal_cortex.o
 .debug_info    0x00012c73      0xb71 ./Drivers/STM32H7xx_HAL_Driver/Src/stm32h7xx_hal_dma.o
 .debug_info    0x000137e4     0x2baf ./Drivers/STM32H7xx_HAL_Driver/Src/stm32h7xx_hal_fdcan.o
 .debug_info    0x00016393      0xb3a ./Drivers/STM32H7xx_HAL_Driver/Src/stm32h7xx_hal_gpio.o
 .debug_info    0x00016ecd     0x22ba ./Drivers/STM32H7xx_HAL_Driver/Src/stm32h7xx_hal_i2c.o
 .debug_info    0x00019187      0xc64 ./Drivers/STM32H7xx_HAL_Driver/Src/stm32h7xx_hal_i2c_ex.o
 .debug_info    0x00019deb     0x1561 ./Drivers/STM32H7xx_HAL_Driver/Src/stm32h7xx_hal_pcd.o
 .debug_info    0x0001b34c      0x8b3 ./Drivers/STM32H7xx_HAL_Driver/Src/stm32h7xx_hal_pcd_ex.o
 .debug_info    0x0001bbff      0xf0e ./Drivers/STM32H7xx_HAL_Driver/Src/stm32h7xx_hal_pwr_ex.o
 .debug_info    0x0001cb0d      0xeba ./Drivers/STM32H7xx_HAL_Driver/Src/stm32h7xx_hal_rcc.o
 .debug_info    0x0001d9c7     0x120c ./Drivers/STM32H7xx_HAL_Driver/Src/stm32h7xx_hal_rcc_ex.o
 .debug_info    0x0001ebd3     0x2bae ./Drivers/STM32H7xx_HAL_Driver/Src/stm32h7xx_hal_tim.o
 .debug_info    0x00021781     0x18c1 ./Drivers/STM32H7xx_HAL_Driver/Src/stm32h7xx_hal_tim_ex.o
 .debug_info    0x00023042     0x4b72 ./Drivers/STM32H7xx_HAL_Driver/Src/stm32h7xx_hal_uart.o
 .debug_info    0x00027bb4      0xfbe ./Drivers/STM32H7xx_HAL_Driver/Src/stm32h7xx_hal_uart_ex.o
 .debug_info    0x00028b72     0x1608 ./Drivers/STM32H7xx_HAL_Driver/Src/stm32h7xx_ll_usb.o

.debug_abbrev   0x00000000     0x4491
 .debug_abbrev  0x00000000      0x358 ./Core/Src/main.o
 .debug_abbrev  0x00000358      0x2e6 ./Core/Src/stm32h7xx_hal_msp.o
 .debug_abbrev  0x0000063e      0x1af ./Core/Src/stm32h7xx_it.o
 .debug_abbrev  0x000007ed      0x165 ./Core/Src/system_stm32h7xx.o
 .debug_abbrev  0x00000952       0x24 ./Core/Startup/startup_stm32h7b0rbtx.o
 .debug_abbrev  0x00000976      0x235 ./Core/UserCode/Src/MainController.o
 .debug_abbrev  0x00000bab      0x293 ./Core/UserCode/Src/bno055.o
 .debug_abbrev  0x00000e3e      0x231 ./Core/UserCode/Src/bnoController.o
 .debug_abbrev  0x0000106f       0x8b ./Core/UserCode/Src/mathUtils.o
 .debug_abbrev  0x000010fa      0x1dd ./Core/UserCode/Src/vdcu_can.o
 .debug_abbrev  0x000012d7      0x291 ./Drivers/STM32H7xx_HAL_Driver/Src/stm32h7xx_hal.o
 .debug_abbrev  0x00001568      0x2d1 ./Drivers/STM32H7xx_HAL_Driver/Src/stm32h7xx_hal_adc.o
 .debug_abbrev  0x00001839      0x31a ./Drivers/STM32H7xx_HAL_Driver/Src/stm32h7xx_hal_adc_ex.o
 .debug_abbrev  0x00001b53      0x339 ./Drivers/STM32H7xx_HAL_Driver/Src/stm32h7xx_hal_cortex.o
 .debug_abbrev  0x00001e8c      0x248 ./Drivers/STM32H7xx_HAL_Driver/Src/stm32h7xx_hal_dma.o
 .debug_abbrev  0x000020d4      0x288 ./Drivers/STM32H7xx_HAL_Driver/Src/stm32h7xx_hal_fdcan.o
 .debug_abbrev  0x0000235c      0x201 ./Drivers/STM32H7xx_HAL_Driver/Src/stm32h7xx_hal_gpio.o
 .debug_abbrev  0x0000255d      0x25d ./Drivers/STM32H7xx_HAL_Driver/Src/stm32h7xx_hal_i2c.o
 .debug_abbrev  0x000027ba      0x1f1 ./Drivers/STM32H7xx_HAL_Driver/Src/stm32h7xx_hal_i2c_ex.o
 .debug_abbrev  0x000029ab      0x2dc ./Drivers/STM32H7xx_HAL_Driver/Src/stm32h7xx_hal_pcd.o
 .debug_abbrev  0x00002c87      0x256 ./Drivers/STM32H7xx_HAL_Driver/Src/stm32h7xx_hal_pcd_ex.o
 .debug_abbrev  0x00002edd      0x297 ./Drivers/STM32H7xx_HAL_Driver/Src/stm32h7xx_hal_pwr_ex.o
 .debug_abbrev  0x00003174      0x2c5 ./Drivers/STM32H7xx_HAL_Driver/Src/stm32h7xx_hal_rcc.o
 .debug_abbrev  0x00003439      0x27a ./Drivers/STM32H7xx_HAL_Driver/Src/stm32h7xx_hal_rcc_ex.o
 .debug_abbrev  0x000036b3      0x276 ./Drivers/STM32H7xx_HAL_Driver/Src/stm32h7xx_hal_tim.o
 .debug_abbrev  0x00003929      0x296 ./Drivers/STM32H7xx_HAL_Driver/Src/stm32h7xx_hal_tim_ex.o
 .debug_abbrev  0x00003bbf      0x34e ./Drivers/STM32H7xx_HAL_Driver/Src/stm32h7xx_hal_uart.o
 .debug_abbrev  0x00003f0d      0x2d2 ./Drivers/STM32H7xx_HAL_Driver/Src/stm32h7xx_hal_uart_ex.o
 .debug_abbrev  0x000041df      0x2b2 ./Drivers/STM32H7xx_HAL_Driver/Src/stm32h7xx_ll_usb.o

.debug_aranges  0x00000000     0x2088
 .debug_aranges
                0x00000000       0x90 ./Core/Src/main.o
 .debug_aranges
                0x00000090       0x98 ./Core/Src/stm32h7xx_hal_msp.o
 .debug_aranges
                0x00000128       0x80 ./Core/Src/stm32h7xx_it.o
 .debug_aranges
                0x000001a8       0x30 ./Core/Src/system_stm32h7xx.o
 .debug_aranges
                0x000001d8       0x28 ./Core/Startup/startup_stm32h7b0rbtx.o
 .debug_aranges
                0x00000200       0x30 ./Core/UserCode/Src/MainController.o
 .debug_aranges
                0x00000230      0x170 ./Core/UserCode/Src/bno055.o
 .debug_aranges
                0x000003a0       0x20 ./Core/UserCode/Src/bnoController.o
 .debug_aranges
                0x000003c0       0x20 ./Core/UserCode/Src/mathUtils.o
 .debug_aranges
                0x000003e0       0x28 ./Core/UserCode/Src/vdcu_can.o
 .debug_aranges
                0x00000408      0x1a0 ./Drivers/STM32H7xx_HAL_Driver/Src/stm32h7xx_hal.o
 .debug_aranges
                0x000005a8      0x230 ./Drivers/STM32H7xx_HAL_Driver/Src/stm32h7xx_hal_adc.o
 .debug_aranges
                0x000007d8      0x1e0 ./Drivers/STM32H7xx_HAL_Driver/Src/stm32h7xx_hal_adc_ex.o
 .debug_aranges
                0x000009b8      0x130 ./Drivers/STM32H7xx_HAL_Driver/Src/stm32h7xx_hal_cortex.o
 .debug_aranges
                0x00000ae8       0xa0 ./Drivers/STM32H7xx_HAL_Driver/Src/stm32h7xx_hal_dma.o
 .debug_aranges
                0x00000b88      0x338 ./Drivers/STM32H7xx_HAL_Driver/Src/stm32h7xx_hal_fdcan.o
 .debug_aranges
                0x00000ec0       0x58 ./Drivers/STM32H7xx_HAL_Driver/Src/stm32h7xx_hal_gpio.o
 .debug_aranges
                0x00000f18      0x2a0 ./Drivers/STM32H7xx_HAL_Driver/Src/stm32h7xx_hal_i2c.o
 .debug_aranges
                0x000011b8       0x48 ./Drivers/STM32H7xx_HAL_Driver/Src/stm32h7xx_hal_i2c_ex.o
 .debug_aranges
                0x00001200      0x140 ./Drivers/STM32H7xx_HAL_Driver/Src/stm32h7xx_hal_pcd.o
 .debug_aranges
                0x00001340       0x60 ./Drivers/STM32H7xx_HAL_Driver/Src/stm32h7xx_hal_pcd_ex.o
 .debug_aranges
                0x000013a0      0x188 ./Drivers/STM32H7xx_HAL_Driver/Src/stm32h7xx_hal_pwr_ex.o
 .debug_aranges
                0x00001528       0x88 ./Drivers/STM32H7xx_HAL_Driver/Src/stm32h7xx_hal_rcc.o
 .debug_aranges
                0x000015b0       0xf0 ./Drivers/STM32H7xx_HAL_Driver/Src/stm32h7xx_hal_rcc_ex.o
 .debug_aranges
                0x000016a0      0x3e0 ./Drivers/STM32H7xx_HAL_Driver/Src/stm32h7xx_hal_tim.o
 .debug_aranges
                0x00001a80      0x198 ./Drivers/STM32H7xx_HAL_Driver/Src/stm32h7xx_hal_tim_ex.o
 .debug_aranges
                0x00001c18      0x248 ./Drivers/STM32H7xx_HAL_Driver/Src/stm32h7xx_hal_uart.o
 .debug_aranges
                0x00001e60       0xa8 ./Drivers/STM32H7xx_HAL_Driver/Src/stm32h7xx_hal_uart_ex.o
 .debug_aranges
                0x00001f08      0x180 ./Drivers/STM32H7xx_HAL_Driver/Src/stm32h7xx_ll_usb.o

.debug_rnglists
                0x00000000     0x198a
 .debug_rnglists
                0x00000000       0x70 ./Core/Src/main.o
 .debug_rnglists
                0x00000070       0x74 ./Core/Src/stm32h7xx_hal_msp.o
 .debug_rnglists
                0x000000e4       0x5b ./Core/Src/stm32h7xx_it.o
 .debug_rnglists
                0x0000013f       0x21 ./Core/Src/system_stm32h7xx.o
 .debug_rnglists
                0x00000160       0x19 ./Core/Startup/startup_stm32h7b0rbtx.o
 .debug_rnglists
                0x00000179       0x21 ./Core/UserCode/Src/MainController.o
 .debug_rnglists
                0x0000019a      0x12b ./Core/UserCode/Src/bno055.o
 .debug_rnglists
                0x000002c5       0x14 ./Core/UserCode/Src/bnoController.o
 .debug_rnglists
                0x000002d9       0x14 ./Core/UserCode/Src/mathUtils.o
 .debug_rnglists
                0x000002ed       0x1a ./Core/UserCode/Src/vdcu_can.o
 .debug_rnglists
                0x00000307      0x137 ./Drivers/STM32H7xx_HAL_Driver/Src/stm32h7xx_hal.o
 .debug_rnglists
                0x0000043e      0x1af ./Drivers/STM32H7xx_HAL_Driver/Src/stm32h7xx_hal_adc.o
 .debug_rnglists
                0x000005ed      0x175 ./Drivers/STM32H7xx_HAL_Driver/Src/stm32h7xx_hal_adc_ex.o
 .debug_rnglists
                0x00000762       0xe0 ./Drivers/STM32H7xx_HAL_Driver/Src/stm32h7xx_hal_cortex.o
 .debug_rnglists
                0x00000842       0x82 ./Drivers/STM32H7xx_HAL_Driver/Src/stm32h7xx_hal_dma.o
 .debug_rnglists
                0x000008c4      0x28b ./Drivers/STM32H7xx_HAL_Driver/Src/stm32h7xx_hal_fdcan.o
 .debug_rnglists
                0x00000b4f       0x3f ./Drivers/STM32H7xx_HAL_Driver/Src/stm32h7xx_hal_gpio.o
 .debug_rnglists
                0x00000b8e      0x22a ./Drivers/STM32H7xx_HAL_Driver/Src/stm32h7xx_hal_i2c.o
 .debug_rnglists
                0x00000db8       0x35 ./Drivers/STM32H7xx_HAL_Driver/Src/stm32h7xx_hal_i2c_ex.o
 .debug_rnglists
                0x00000ded       0xf4 ./Drivers/STM32H7xx_HAL_Driver/Src/stm32h7xx_hal_pcd.o
 .debug_rnglists
                0x00000ee1       0x45 ./Drivers/STM32H7xx_HAL_Driver/Src/stm32h7xx_hal_pcd_ex.o
 .debug_rnglists
                0x00000f26      0x126 ./Drivers/STM32H7xx_HAL_Driver/Src/stm32h7xx_hal_pwr_ex.o
 .debug_rnglists
                0x0000104c       0x68 ./Drivers/STM32H7xx_HAL_Driver/Src/stm32h7xx_hal_rcc.o
 .debug_rnglists
                0x000010b4       0xba ./Drivers/STM32H7xx_HAL_Driver/Src/stm32h7xx_hal_rcc_ex.o
 .debug_rnglists
                0x0000116e      0x32c ./Drivers/STM32H7xx_HAL_Driver/Src/stm32h7xx_hal_tim.o
 .debug_rnglists
                0x0000149a      0x14d ./Drivers/STM32H7xx_HAL_Driver/Src/stm32h7xx_hal_tim_ex.o
 .debug_rnglists
                0x000015e7      0x1f8 ./Drivers/STM32H7xx_HAL_Driver/Src/stm32h7xx_hal_uart.o
 .debug_rnglists
                0x000017df       0x7f ./Drivers/STM32H7xx_HAL_Driver/Src/stm32h7xx_hal_uart_ex.o
 .debug_rnglists
                0x0000185e      0x12c ./Drivers/STM32H7xx_HAL_Driver/Src/stm32h7xx_ll_usb.o

.debug_macro    0x00000000    0x36921
 .debug_macro   0x00000000      0x31d ./Core/Src/main.o
 .debug_macro   0x0000031d      0xaf6 ./Core/Src/main.o
 .debug_macro   0x00000e13      0x24a ./Core/Src/main.o
 .debug_macro   0x0000105d       0x2e ./Core/Src/main.o
 .debug_macro   0x0000108b       0x3b ./Core/Src/main.o
 .debug_macro   0x000010c6       0x22 ./Core/Src/main.o
 .debug_macro   0x000010e8       0x8e ./Core/Src/main.o
 .debug_macro   0x00001176       0x51 ./Core/Src/main.o
 .debug_macro   0x000011c7      0x103 ./Core/Src/main.o
 .debug_macro   0x000012ca       0x6a ./Core/Src/main.o
 .debug_macro   0x00001334      0x1df ./Core/Src/main.o
 .debug_macro   0x00001513       0x1c ./Core/Src/main.o
 .debug_macro   0x0000152f       0x22 ./Core/Src/main.o
 .debug_macro   0x00001551       0xfb ./Core/Src/main.o
 .debug_macro   0x0000164c     0x1313 ./Core/Src/main.o
 .debug_macro   0x0000295f      0x11f ./Core/Src/main.o
 .debug_macro   0x00002a7e       0x22 ./Core/Src/main.o
 .debug_macro   0x00002aa0    0x1f54c ./Core/Src/main.o
 .debug_macro   0x00021fec       0x6d ./Core/Src/main.o
 .debug_macro   0x00022059     0x3d80 ./Core/Src/main.o
 .debug_macro   0x00025dd9      0x190 ./Core/Src/main.o
 .debug_macro   0x00025f69       0x61 ./Core/Src/main.o
 .debug_macro   0x00025fca       0x29 ./Core/Src/main.o
 .debug_macro   0x00025ff3       0x43 ./Core/Src/main.o
 .debug_macro   0x00026036       0x34 ./Core/Src/main.o
 .debug_macro   0x0002606a      0x364 ./Core/Src/main.o
 .debug_macro   0x000263ce       0x16 ./Core/Src/main.o
 .debug_macro   0x000263e4       0x4a ./Core/Src/main.o
 .debug_macro   0x0002642e       0x34 ./Core/Src/main.o
 .debug_macro   0x00026462       0x10 ./Core/Src/main.o
 .debug_macro   0x00026472       0x58 ./Core/Src/main.o
 .debug_macro   0x000264ca       0x8e ./Core/Src/main.o
 .debug_macro   0x00026558       0x1c ./Core/Src/main.o
 .debug_macro   0x00026574      0x17e ./Core/Src/main.o
 .debug_macro   0x000266f2      0x19b ./Core/Src/main.o
 .debug_macro   0x0002688d       0x5d ./Core/Src/main.o
 .debug_macro   0x000268ea     0x2606 ./Core/Src/main.o
 .debug_macro   0x00028ef0     0x103a ./Core/Src/main.o
 .debug_macro   0x00029f2a      0x154 ./Core/Src/main.o
 .debug_macro   0x0002a07e      0x114 ./Core/Src/main.o
 .debug_macro   0x0002a192      0x3d5 ./Core/Src/main.o
 .debug_macro   0x0002a567       0xac ./Core/Src/main.o
 .debug_macro   0x0002a613      0x70a ./Core/Src/main.o
 .debug_macro   0x0002ad1d      0x20c ./Core/Src/main.o
 .debug_macro   0x0002af29       0x66 ./Core/Src/main.o
 .debug_macro   0x0002af8f      0x3c9 ./Core/Src/main.o
 .debug_macro   0x0002b358      0x3eb ./Core/Src/main.o
 .debug_macro   0x0002b743      0x275 ./Core/Src/main.o
 .debug_macro   0x0002b9b8     0x102f ./Core/Src/main.o
 .debug_macro   0x0002c9e7      0x6c5 ./Core/Src/main.o
 .debug_macro   0x0002d0ac      0x360 ./Core/Src/main.o
 .debug_macro   0x0002d40c      0xe42 ./Core/Src/main.o
 .debug_macro   0x0002e24e      0x380 ./Core/Src/main.o
 .debug_macro   0x0002e5ce      0x44e ./Core/Src/main.o
 .debug_macro   0x0002ea1c       0x43 ./Core/Src/main.o
 .debug_macro   0x0002ea5f       0x4a ./Core/Src/main.o
 .debug_macro   0x0002eaa9      0x22c ./Core/Src/main.o
 .debug_macro   0x0002ecd5       0x67 ./Core/Src/main.o
 .debug_macro   0x0002ed3c       0xa5 ./Core/Src/main.o
 .debug_macro   0x0002ede1      0x1bd ./Core/Src/main.o
 .debug_macro   0x0002ef9e      0x2ab ./Core/Src/main.o
 .debug_macro   0x0002f249       0x35 ./Core/Src/main.o
 .debug_macro   0x0002f27e      0xb24 ./Core/Src/main.o
 .debug_macro   0x0002fda2      0x29f ./Core/Src/main.o
 .debug_macro   0x00030041      0x693 ./Core/Src/main.o
 .debug_macro   0x000306d4       0xa6 ./Core/Src/main.o
 .debug_macro   0x0003077a      0x2b6 ./Core/Src/main.o
 .debug_macro   0x00030a30       0x90 ./Core/Src/main.o
 .debug_macro   0x00030ac0      0x5ca ./Core/Src/main.o
 .debug_macro   0x0003108a       0x94 ./Core/Src/main.o
 .debug_macro   0x0003111e       0x1c ./Core/Src/main.o
 .debug_macro   0x0003113a      0x314 ./Core/Src/stm32h7xx_hal_msp.o
 .debug_macro   0x0003144e      0x31e ./Core/Src/stm32h7xx_it.o
 .debug_macro   0x0003176c      0x305 ./Core/Src/system_stm32h7xx.o
 .debug_macro   0x00031a71      0x337 ./Core/UserCode/Src/MainController.o
 .debug_macro   0x00031da8       0x16 ./Core/UserCode/Src/MainController.o
 .debug_macro   0x00031dbe       0x22 ./Core/UserCode/Src/MainController.o
 .debug_macro   0x00031de0      0x365 ./Core/UserCode/Src/bno055.o
 .debug_macro   0x00032145       0x16 ./Core/UserCode/Src/bno055.o
 .debug_macro   0x0003215b       0x9e ./Core/UserCode/Src/bno055.o
 .debug_macro   0x000321f9      0x112 ./Core/UserCode/Src/bno055.o
 .debug_macro   0x0003230b       0x16 ./Core/UserCode/Src/bno055.o
 .debug_macro   0x00032321      0x2e9 ./Core/UserCode/Src/bno055.o
 .debug_macro   0x0003260a      0x33b ./Core/UserCode/Src/bnoController.o
 .debug_macro   0x00032945       0x24 ./Core/UserCode/Src/mathUtils.o
 .debug_macro   0x00032969      0x30f ./Core/UserCode/Src/vdcu_can.o
 .debug_macro   0x00032c78      0x32f ./Drivers/STM32H7xx_HAL_Driver/Src/stm32h7xx_hal.o
 .debug_macro   0x00032fa7      0x329 ./Drivers/STM32H7xx_HAL_Driver/Src/stm32h7xx_hal_adc.o
 .debug_macro   0x000332d0      0x311 ./Drivers/STM32H7xx_HAL_Driver/Src/stm32h7xx_hal_adc_ex.o
 .debug_macro   0x000335e1      0x305 ./Drivers/STM32H7xx_HAL_Driver/Src/stm32h7xx_hal_cortex.o
 .debug_macro   0x000338e6      0x359 ./Drivers/STM32H7xx_HAL_Driver/Src/stm32h7xx_hal_dma.o
 .debug_macro   0x00033c3f      0x409 ./Drivers/STM32H7xx_HAL_Driver/Src/stm32h7xx_hal_fdcan.o
 .debug_macro   0x00034048      0x30c ./Drivers/STM32H7xx_HAL_Driver/Src/stm32h7xx_hal_gpio.o
 .debug_macro   0x00034354      0x3d1 ./Drivers/STM32H7xx_HAL_Driver/Src/stm32h7xx_hal_i2c.o
 .debug_macro   0x00034725      0x305 ./Drivers/STM32H7xx_HAL_Driver/Src/stm32h7xx_hal_i2c_ex.o
 .debug_macro   0x00034a2a      0x311 ./Drivers/STM32H7xx_HAL_Driver/Src/stm32h7xx_hal_pcd.o
 .debug_macro   0x00034d3b      0x305 ./Drivers/STM32H7xx_HAL_Driver/Src/stm32h7xx_hal_pcd_ex.o
 .debug_macro   0x00035040      0x33e ./Drivers/STM32H7xx_HAL_Driver/Src/stm32h7xx_hal_pwr_ex.o
 .debug_macro   0x0003537e      0x329 ./Drivers/STM32H7xx_HAL_Driver/Src/stm32h7xx_hal_rcc.o
 .debug_macro   0x000356a7      0x323 ./Drivers/STM32H7xx_HAL_Driver/Src/stm32h7xx_hal_rcc_ex.o
 .debug_macro   0x000359ca      0x306 ./Drivers/STM32H7xx_HAL_Driver/Src/stm32h7xx_hal_tim.o
 .debug_macro   0x00035cd0      0x30b ./Drivers/STM32H7xx_HAL_Driver/Src/stm32h7xx_hal_tim_ex.o
 .debug_macro   0x00035fdb      0x330 ./Drivers/STM32H7xx_HAL_Driver/Src/stm32h7xx_hal_uart.o
 .debug_macro   0x0003630b      0x311 ./Drivers/STM32H7xx_HAL_Driver/Src/stm32h7xx_hal_uart_ex.o
 .debug_macro   0x0003661c      0x305 ./Drivers/STM32H7xx_HAL_Driver/Src/stm32h7xx_ll_usb.o

.debug_line     0x00000000    0x2b20d
 .debug_line    0x00000000      0xf4c ./Core/Src/main.o
 .debug_line    0x00000f4c      0xd9c ./Core/Src/stm32h7xx_hal_msp.o
 .debug_line    0x00001ce8      0xb3b ./Core/Src/stm32h7xx_it.o
 .debug_line    0x00002823      0xc29 ./Core/Src/system_stm32h7xx.o
 .debug_line    0x0000344c       0x7b ./Core/Startup/startup_stm32h7b0rbtx.o
 .debug_line    0x000034c7      0xb52 ./Core/UserCode/Src/MainController.o
 .debug_line    0x00004019     0x17ac ./Core/UserCode/Src/bno055.o
 .debug_line    0x000057c5      0xbab ./Core/UserCode/Src/bnoController.o