Archive member included to satisfy reference by file (symbol)

/home/arielchama/.eclipse/com.st.stm32cube.ide.mcu.rcp.product_1.19.0_139068057_linux_gtk_x86_64/plugins/com.st.stm32cube.ide.mcu.externaltools.gnu-tools-for-stm32.14.3.rel1.linux64_1.0.100.202602081740/tools/bin/../lib/gcc/arm-none-eabi/14.3.1/../../../../arm-none-eabi/lib/thumb/v7e-m+dp/hard/libc_nano.a(libc_a-exit.o)
                              /home/arielchama/.eclipse/com.st.stm32cube.ide.mcu.rcp.product_1.19.0_139068057_linux_gtk_x86_64/plugins/com.st.stm32cube.ide.mcu.externaltools.gnu-tools-for-stm32.14.3.rel1.linux64_1.0.100.202602081740/tools/bin/../lib/gcc/arm-none-eabi/14.3.1/../../../../arm-none-eabi/lib/thumb/v7e-m+dp/hard/crt0.o (exit)
/home/arielchama/.eclipse/com.st.stm32cube.ide.mcu.rcp.product_1.19.0_139068057_linux_gtk_x86_64/plugins/com.st.stm32cube.ide.mcu.externaltools.gnu-tools-for-stm32.14.3.rel1.linux64_1.0.100.202602081740/tools/bin/../lib/gcc/arm-none-eabi/14.3.1/../../../../arm-none-eabi/lib/thumb/v7e-m+dp/hard/libc_nano.a(libc_a-findfp.o)
                              /home/arielchama/.eclipse/com.st.stm32cube.ide.mcu.rcp.product_1.19.0_139068057_linux_gtk_x86_64/plugins/com.st.stm32cube.ide.mcu.externaltools.gnu-tools-for-stm32.14.3.rel1.linux64_1.0.100.202602081740/tools/bin/../lib/gcc/arm-none-eabi/14.3.1/../../../../arm-none-eabi/lib/thumb/v7e-m+dp/hard/libc_nano.a(libc_a-exit.o) (__stdio_exit_handler)
/home/arielchama/.eclipse/com.st.stm32cube.ide.mcu.rcp.product_1.19.0_139068057_linux_gtk_x86_64/plugins/com.st.stm32cube.ide.mcu.externaltools.gnu-tools-for-stm32.14.3.rel1.linux64_1.0.100.202602081740/tools/bin/../lib/gcc/arm-none-eabi/14.3.1/../../../../arm-none-eabi/lib/thumb/v7e-m+dp/hard/libc_nano.a(libc_a-fwalk.o)
                              /home/arielchama/.eclipse/com.st.stm32cube.ide.mcu.rcp.product_1.19.0_139068057_linux_gtk_x86_64/plugins/com.st.stm32cube.ide.mcu.externaltools.gnu-tools-for-stm32.14.3.rel1.linux64_1.0.100.202602081740/tools/bin/../lib/gcc/arm-none-eabi/14.3.1/../../../../arm-none-eabi/lib/thumb/v7e-m+dp/hard/libc_nano.a(libc_a-findfp.o) (_fwalk_sglue)
/home/arielchama/.eclipse/com.st.stm32cube.ide.mcu.rcp.product_1.19.0_139068057_linux_gtk_x86_64/plugins/com.st.stm32cube.ide.mcu.externaltools.gnu-tools-for-stm32.14.3.rel1.linux64_1.0.100.202602081740/tools/bin/../lib/gcc/arm-none-eabi/14.3.1/../../../../arm-none-eabi/lib/thumb/v7e-m+dp/hard/libc_nano.a(libc_a-stdio.o)
                              /home/arielchama/.eclipse/com.st.stm32cube.ide.mcu.rcp.product_1.19.0_139068057_linux_gtk_x86_64/plugins/com.st.stm32cube.ide.mcu.externaltools.gnu-tools-for-stm32.14.3.rel1.linux64_1.0.100.202602081740/tools/bin/../lib/gcc/arm-none-eabi/14.3.1/../../../../arm-none-eabi/lib/thumb/v7e-m+dp/hard/libc_nano.a(libc_a-findfp.o) (__sread)
/home/arielchama/.eclipse/com.st.stm32cube.ide.mcu.rcp.product_1.19.0_139068057_linux_gtk_x86_64/plugins/com.st.stm32cube.ide.mcu.externaltools.gnu-tools-for-stm32.14.3.rel1.linux64_1.0.100.202602081740/tools/bin/../lib/gcc/arm-none-eabi/14.3.1/../../../../arm-none-eabi/lib/thumb/v7e-m+dp/hard/libc_nano.a(libc_a-memset.o)
                              /home/arielchama/.eclipse/com.st.stm32cube.ide.mcu.rcp.product_1.19.0_139068057_linux_gtk_x86_64/plugins/com.st.stm32cube.ide.mcu.externaltools.gnu-tools-for-stm32.14.3.rel1.linux64_1.0.100.202602081740/tools/bin/../lib/gcc/arm-none-eabi/14.3.1/../../../../arm-none-eabi/lib/thumb/v7e-m+dp/hard/crt0.o (memset)
/home/arielchama/.eclipse/com.st.stm32cube.ide.mcu.rcp.product_1.19.0_139068057_linux_gtk_x86_64/plugins/com.st.stm32cube.ide.mcu.externaltools.gnu-tools-for-stm32.14.3.rel1.linux64_1.0.100.202602081740/tools/bin/../lib/gcc/arm-none-eabi/14.3.1/../../../../arm-none-eabi/lib/thumb/v7e-m+dp/hard/libc_nano.a(libc_a-closer.o)
                              /home/arielchama/.eclipse/com.st.stm32cube.ide.mcu.rcp.product_1.19.0_139068057_linux_gtk_x86_64/plugins/com.st.stm32cube.ide.mcu.externaltools.gnu-tools-for-stm32.14.3.rel1.linux64_1.0.100.202602081740/tools/bin/../lib/gcc/arm-none-eabi/14.3.1/../../../../arm-none-eabi/lib/thumb/v7e-m+dp/hard/libc_nano.a(libc_a-stdio.o) (_close_r)
/home/arielchama/.eclipse/com.st.stm32cube.ide.mcu.rcp.product_1.19.0_139068057_linux_gtk_x86_64/plugins/com.st.stm32cube.ide.mcu.externaltools.gnu-tools-for-stm32.14.3.rel1.linux64_1.0.100.202602081740/tools/bin/../lib/gcc/arm-none-eabi/14.3.1/../../../../arm-none-eabi/lib/thumb/v7e-m+dp/hard/libc_nano.a(libc_a-reent.o)
                              /home/arielchama/.eclipse/com.st.stm32cube.ide.mcu.rcp.product_1.19.0_139068057_linux_gtk_x86_64/plugins/com.st.stm32cube.ide.mcu.externaltools.gnu-tools-for-stm32.14.3.rel1.linux64_1.0.100.202602081740/tools/bin/../lib/gcc/arm-none-eabi/14.3.1/../../../../arm-none-eabi/lib/thumb/v7e-m+dp/hard/libc_nano.a(libc_a-closer.o) (errno)
[...]
Memory Configuration

Name             Origin             Length             Attributes
ITCMRAM          0x00000000         0x00010000         xrw
FLASH            0x08000000         0x00020000         xr
DTCMRAM1         0x20000000         0x00010000         xrw
DTCMRAM2         0x20010000         0x00010000         xrw
RAM              0x24000000         0x00100000         xrw
RAM_CD           0x30000000         0x00020000         xrw
RAM_SRD          0x38000000         0x00008000         xrw
*default*        0x00000000         0xffffffff

Linker script and memory map

LOAD /home/arielchama/.eclipse/com.st.stm32cube.ide.mcu.rcp.product_1.19.0_139068057_linux_gtk_x86_64/plugins/com.st.stm32cube.ide.mcu.externaltools.gnu-tools-for-stm32.14.3.rel1.linux64_1.0.100.202602081740/tools/bin/../lib/gcc/arm-none-eabi/14.3.1/thumb/v7e-m+dp/hard/crti.o
LOAD /home/arielchama/.eclipse/com.st.stm32cube.ide.mcu.rcp.product_1.19.0_139068057_linux_gtk_x86_64/plugins/com.st.stm32cube.ide.mcu.externaltools.gnu-tools-for-stm32.14.3.rel1.linux64_1.0.100.202602081740/tools/bin/../lib/gcc/arm-none-eabi/14.3.1/thumb/v7e-m+dp/hard/crtbegin.o
LOAD /home/arielchama/.eclipse/com.st.stm32cube.ide.mcu.rcp.product_1.19.0_139068057_linux_gtk_x86_64/plugins/com.st.stm32cube.ide.mcu.externaltools.gnu-tools-for-stm32.14.3.rel1.linux64_1.0.100.202602081740/tools/bin/../lib/gcc/arm-none-eabi/14.3.1/../../../../arm-none-eabi/lib/thumb/v7e-m+dp/hard/crt0.o
LOAD ./Core/Src/main.o
LOAD ./Core/Src/stm32h7xx_hal_msp.o
LOAD ./Core/Src/stm32h7xx_it.o
LOAD ./Core/Src/syscalls.o
LOAD ./Core/Src/sysmem.o
LOAD ./Core/Src/system_stm32h7xx.o
LOAD ./Core/Startup/startup_stm32h7b0rbtx.o
LOAD ./Core/UserCode/Src/MainController.o
LOAD ./Core/UserCode/Src/bno055.o
LOAD ./Core/UserCode/Src/bnoController.o
LOAD ./Core/UserCode/Src/mathUtils.o
LOAD ./Core/UserCode/Src/vdcu_can.o
LOAD ./Drivers/STM32H7xx_HAL_Driver/Src/stm32h7xx_hal.o
LOAD ./Drivers/STM32H7xx_HAL_Driver/Src/stm32h7xx_hal_adc.o
LOAD ./Drivers/STM32H7xx_HAL_Driver/Src/stm32h7xx_hal_adc_ex.o
LOAD ./Drivers/STM32H7xx_HAL_Driver/Src/stm32h7xx_hal_cortex.o
LOAD ./Drivers/STM32H7xx_HAL_Driver/Src/stm32h7xx_hal_dma.o
LOAD ./Drivers/STM32H7xx_HAL_Driver/Src/stm32h7xx_hal_dma_ex.o
LOAD ./Drivers/STM32H7xx_HAL_Driver/Src/stm32h7xx_hal_exti.o
LOAD ./Drivers/STM32H7xx_HAL_Driver/Src/stm32h7xx_hal_fdcan.o
LOAD ./Drivers/STM32H7xx_HAL_Driver/Src/stm32h7xx_hal_flash.o
LOAD ./Drivers/STM32H7xx_HAL_Driver/Src/stm32h7xx_hal_flash_ex.o
LOAD ./Drivers/STM32H7xx_HAL_Driver/Src/stm32h7xx_hal_gpio.o
LOAD ./Drivers/STM32H7xx_HAL_Driver/Src/stm32h7xx_hal_hsem.o
LOAD ./Drivers/STM32H7xx_HAL_Driver/Src/stm32h7xx_hal_i2c.o
LOAD ./Drivers/STM32H7xx_HAL_Driver/Src/stm32h7xx_hal_i2c_ex.o
LOAD ./Drivers/STM32H7xx_HAL_Driver/Src/stm32h7xx_hal_mdma.o
LOAD ./Drivers/STM32H7xx_HAL_Driver/Src/stm32h7xx_hal_pcd.o
LOAD ./Drivers/STM32H7xx_HAL_Driver/Src/stm32h7xx_hal_pcd_ex.o
LOAD ./Drivers/STM32H7xx_HAL_Driver/Src/stm32h7xx_hal_pwr.o
LOAD ./Drivers/STM32H7xx_HAL_Driver/Src/stm32h7xx_hal_pwr_ex.o
LOAD ./Drivers/STM32H7xx_HAL_Driver/Src/stm32h7xx_hal_rcc.o
LOAD ./Drivers/STM32H7xx_HAL_Driver/Src/stm32h7xx_hal_rcc_ex.o
LOAD ./Drivers/STM32H7xx_HAL_Driver/Src/stm32h7xx_hal_tim.o
LOAD ./Drivers/STM32H7xx_HAL_Driver/Src/stm32h7xx_hal_tim_ex.o
LOAD ./Drivers/STM32H7xx_HAL_Driver/Src/stm32h7xx_hal_uart.o
LOAD ./Drivers/STM32H7xx_HAL_Driver/Src/stm32h7xx_hal_uart_ex.o
LOAD ./Drivers/STM32H7xx_HAL_Driver/Src/stm32h7xx_ll_usb.o
START GROUP
LOAD /home/arielchama/.eclipse/com.st.stm32cube.ide.mcu.rcp.product_1.19.0_139068057_linux_gtk_x86_64/plugins/com.st.stm32cube.ide.mcu.externaltools.gnu-tools-for-stm32.14.3.rel1.linux64_1.0.100.202602081740/tools/bin/../lib/gcc/arm-none-eabi/14.3.1/../../../../arm-none-eabi/lib/thumb/v7e-m+dp/hard/libc_nano.a
LOAD /home/arielchama/.eclipse/com.st.stm32cube.ide.mcu.rcp.product_1.19.0_139068057_linux_gtk_x86_64/plugins/com.st.stm32cube.ide.mcu.externaltools.gnu-tools-for-stm32.14.3.rel1.linux64_1.0.100.202602081740/tools/bin/../lib/gcc/arm-none-eabi/14.3.1/../../../../arm-none-eabi/lib/thumb/v7e-m+dp/hard/libm.a
END GROUP
START GROUP
LOAD /home/arielchama/.eclipse/com.st.stm32cube.ide.mcu.rcp.product_1.19.0_139068057_linux_gtk_x86_64/plugins/com.st.stm32cube.ide.mcu.externaltools.gnu-tools-for-stm32.14.3.rel1.linux64_1.0.100.202602081740/tools/bin/../lib/gcc/arm-none-eabi/14.3.1/thumb/v7e-m+dp/hard/libgcc.a
LOAD /home/arielchama/.eclipse/com.st.stm32cube.ide.mcu.rcp.product_1.19.0_139068057_linux_gtk_x86_64/plugins/com.st.stm32cube.ide.mcu.externaltools.gnu-tools-for-stm32.14.3.rel1.linux64_1.0.100.202602081740/tools/bin/../lib/gcc/arm-none-eabi/14.3.1/../../../../arm-none-eabi/lib/thumb/v7e-m+dp/hard/libc_nano.a
END GROUP
START GROUP
LOAD /home/arielchama/.eclipse/com.st.stm32cube.ide.mcu.rcp.product_1.19.0_139068057_linux_gtk_x86_64/plugins/com.st.stm32cube.ide.mcu.externaltools.gnu-tools-for-stm32.14.3.rel1.linux64_1.0.100.202602081740/tools/bin/../lib/gcc/arm-none-eabi/14.3.1/thumb/v7e-m+dp/hard/libgcc.a
LOAD /home/arielchama/.eclipse/com.st.stm32cube.ide.mcu.rcp.product_1.19.0_139068057_linux_gtk_x86_64/plugins/com.st.stm32cube.ide.mcu.externaltools.gnu-tools-for-stm32.14.3.rel1.linux64_1.0.100.202602081740/tools/bin/../lib/gcc/arm-none-eabi/14.3.1/../../../../arm-none-eabi/lib/thumb/v7e-m+dp/hard/libc_nano.a
LOAD /home/arielchama/.eclipse/com.st.stm32cube.ide.mcu.rcp.product_1.19.0_139068057_linux_gtk_x86_64/plugins/com.st.stm32cube.ide.mcu.externaltools.gnu-tools-for-stm32.14.3.rel1.linux64_1.0.100.202602081740/tools/bin/../lib/gcc/arm-none-eabi/14.3.1/../../../../arm-none-eabi/lib/thumb/v7e-m+dp/hard/libnosys.a
END GROUP
START GROUP
LOAD /home/arielchama/.eclipse/com.st.stm32cube.ide.mcu.rcp.product_1.19.0_139068057_linux_gtk_x86_64/plugins/com.st.stm32cube.ide.mcu.externaltools.gnu-tools-for-stm32.14.3.rel1.linux64_1.0.100.202602081740/tools/bin/../lib/gcc/arm-none-eabi/14.3.1/thumb/v7e-m+dp/hard/libgcc.a
LOAD /home/arielchama/.eclipse/com.st.stm32cube.ide.mcu.rcp.product_1.19.0_139068057_linux_gtk_x86_64/plugins/com.st.stm32cube.ide.mcu.externaltools.gnu-tools-for-stm32.14.3.rel1.linux64_1.0.100.202602081740/tools/bin/../lib/gcc/arm-none-eabi/14.3.1/../../../../arm-none-eabi/lib/thumb/v7e-m+dp/hard/libc_nano.a
LOAD /home/arielchama/.eclipse/com.st.stm32cube.ide.mcu.rcp.product_1.19.0_139068057_linux_gtk_x86_64/plugins/com.st.stm32cube.ide.mcu.externaltools.gnu-tools-for-stm32.14.3.rel1.linux64_1.0.100.202602081740/tools/bin/../lib/gcc/arm-none-eabi/14.3.1/../../../../arm-none-eabi/lib/thumb/v7e-m+dp/hard/libnosys.a
END GROUP
LOAD /home/arielchama/.eclipse/com.st.stm32cube.ide.mcu.rcp.product_1.19.0_139068057_linux_gtk_x86_64/plugins/com.st.stm32cube.ide.mcu.externaltools.gnu-tools-for-stm32.14.3.rel1.linux64_1.0.100.202602081740/tools/bin/../lib/gcc/arm-none-eabi/14.3.1/thumb/v7e-m+dp/hard/crtend.o
LOAD /home/arielchama/.eclipse/com.st.stm32cube.ide.mcu.rcp.product_1.19.0_139068057_linux_gtk_x86_64/plugins/com.st.stm32cube.ide.mcu.externaltools.gnu-tools-for-stm32.14.3.rel1.linux64_1.0.100.202602081740/tools/bin/../lib/gcc/arm-none-eabi/14.3.1/thumb/v7e-m+dp/hard/crtn.o
                0x24100000                        _estack = (ORIGIN (RAM) + LENGTH (RAM))
                0x00000200                        _Min_Heap_Size = 0x200
                0x00000400                        _Min_Stack_Size = 0x400

.isr_vector     0x08000000      0x2ac
                0x08000000                        . = ALIGN (0x4)
 *(.isr_vector)
 .isr_vector    0x08000000      0x2ac ./Core/Startup/startup_stm32h7b0rbtx.o
                0x08000000                g_pfnVectors
                0x080002ac                        . = ALIGN (0x4)

.text           0x080002b0     0xce98
                0x080002b0                        . = ALIGN (0x4)
 *(.text)
 .text          0x080002b0       0x40 /home/arielchama/.eclipse/com.st.stm32cube.ide.mcu.rcp.product_1.19.0_139068057_linux_gtk_x86_64/plugins/com.st.stm32cube.ide.mcu.externaltools.gnu-tools-for-stm32.14.3.rel1.linux64_1.0.100.202602081740/tools/bin/../lib/gcc/arm-none-eabi/14.3.1/thumb/v7e-m+dp/hard/crtbegin.o
 .text          0x080002f0       0x30 /home/arielchama/.eclipse/com.st.stm32cube.ide.mcu.rcp.product_1.19.0_139068057_linux_gtk_x86_64/plugins/com.st.stm32cube.ide.mcu.externaltools.gnu-tools-for-stm32.14.3.rel1.linux64_1.0.100.202602081740/tools/bin/../lib/gcc/arm-none-eabi/14.3.1/thumb/v7e-m+dp/hard/libgcc.a(_aeabi_uldivmod.o)
                0x080002f0                __aeabi_uldivmod
 .text          0x08000320      0x2f8 /home/arielchama/.eclipse/com.st.stm32cube.ide.mcu.rcp.product_1.19.0_139068057_linux_gtk_x86_64/plugins/com.st.stm32cube.ide.mcu.externaltools.gnu-tools-for-stm32.14.3.rel1.linux64_1.0.100.202602081740/tools/bin/../lib/gcc/arm-none-eabi/14.3.1/thumb/v7e-m+dp/hard/libgcc.a(_udivmoddi4.o)
                0x08000320                __udivmoddi4
 .text          0x08000618        0x4 /home/arielchama/.eclipse/com.st.stm32cube.ide.mcu.rcp.product_1.19.0_139068057_linux_gtk_x86_64/plugins/com.st.stm32cube.ide.mcu.externaltools.gnu-tools-for-stm32.14.3.rel1.linux64_1.0.100.202602081740/tools/bin/../lib/gcc/arm-none-eabi/14.3.1/thumb/v7e-m+dp/hard/libgcc.a(_dvmd_tls.o)
                0x08000618                __aeabi_ldiv0
                0x08000618                __aeabi_idiv0
 *(.text*)
 .text.main     0x0800061c       0x46 ./Core/Src/main.o
                0x0800061c                main
 *fill*         0x08000662        0x2 
 .text.SystemClock_Config
                0x08000664       0xf0 ./Core/Src/main.o
                0x08000664                SystemClock_Config
 .text.PeriphCommonClock_Config
                0x08000754       0x5e ./Core/Src/main.o
                0x08000754                PeriphCommonClock_Config
 *fill*         0x080007b2        0x2 
 .text.MX_ADC1_Init
                0x080007b4      0x118 ./Core/Src/main.o
 .text.MX_FDCAN1_Init
                0x080008cc       0xc8 ./Core/Src/main.o
 .text.MX_FDCAN2_Init
                0x08000994       0xc8 ./Core/Src/main.o
 .text.MX_I2C3_Init
                0x08000a5c       0x80 ./Core/Src/main.o
 .text.MX_TIM2_Init
                0x08000adc       0xb8 ./Core/Src/main.o
 .text.MX_TIM5_Init
                0x08000b94       0xd0 ./Core/Src/main.o
 .text.MX_TIM6_Init
                0x08000c64       0x70 ./Core/Src/main.o
 .text.MX_USART3_UART_Init
                0x08000cd4       0x98 ./Core/Src/main.o
 .text.MX_USB_OTG_HS_PCD_Init
                0x08000d6c       0x64 ./Core/Src/main.o
 .text.MX_DMA_Init
                0x08000dd0       0x40 ./Core/Src/main.o
 .text.MX_GPIO_Init
                0x08000e10       0x9c ./Core/Src/main.o
 .text.Error_Handler
                0x08000eac        0xc ./Core/Src/main.o
                0x08000eac                Error_Handler
 .text.HAL_MspInit
                0x08000eb8       0x34 ./Core/Src/stm32h7xx_hal_msp.o
                0x08000eb8                HAL_MspInit
 .text.HAL_ADC_MspInit
                0x08000eec      0x164 ./Core/Src/stm32h7xx_hal_msp.o
                0x08000eec                HAL_ADC_MspInit
 .text.HAL_FDCAN_MspInit
                0x08001050      0x148 ./Core/Src/stm32h7xx_hal_msp.o
                0x08001050                HAL_FDCAN_MspInit
 .text.HAL_I2C_MspInit
                0x08001198      0x120 ./Core/Src/stm32h7xx_hal_msp.o
                0x08001198                HAL_I2C_MspInit
 .text.HAL_TIM_PWM_MspInit
                0x080012b8       0x70 ./Core/Src/stm32h7xx_hal_msp.o
                0x080012b8                HAL_TIM_PWM_MspInit
 .text.HAL_TIM_Base_MspInit
                0x08001328       0x44 ./Core/Src/stm32h7xx_hal_msp.o
                0x08001328                HAL_TIM_Base_MspInit
 .text.HAL_TIM_MspPostInit
                0x0800136c       0xc0 ./Core/Src/stm32h7xx_hal_msp.o
                0x0800136c                HAL_TIM_MspPostInit
 .text.HAL_UART_MspInit
                0x0800142c       0xd4 ./Core/Src/stm32h7xx_hal_msp.o
                0x0800142c                HAL_UART_MspInit
 .text.HAL_PCD_MspInit
                0x08001500       0xf4 ./Core/Src/stm32h7xx_hal_msp.o
                0x08001500                HAL_PCD_MspInit
 .text.NMI_Handler
                0x080015f4        0x8 ./Core/Src/stm32h7xx_it.o
                0x080015f4                NMI_Handler
 .text.HardFault_Handler
                0x080015fc        0x8 ./Core/Src/stm32h7xx_it.o
                0x080015fc                HardFault_Handler
 .text.MemManage_Handler
                0x08001604        0x8 ./Core/Src/stm32h7xx_it.o
                0x08001604                MemManage_Handler
 .text.BusFault_Handler
                0x0800160c        0x8 ./Core/Src/stm32h7xx_it.o
                0x0800160c                BusFault_Handler
 .text.UsageFault_Handler
                0x08001614        0x8 ./Core/Src/stm32h7xx_it.o
                0x08001614                UsageFault_Handler
 .text.SVC_Handler
                0x0800161c        0xe ./Core/Src/stm32h7xx_it.o
                0x0800161c                SVC_Handler
 .text.DebugMon_Handler
                0x0800162a        0xe ./Core/Src/stm32h7xx_it.o
                0x0800162a                DebugMon_Handler
 .text.PendSV_Handler
                0x08001638        0xe ./Core/Src/stm32h7xx_it.o
                0x08001638                PendSV_Handler
 .text.SysTick_Handler
                0x08001646        0xc ./Core/Src/stm32h7xx_it.o
                0x08001646                SysTick_Handler
 *fill*         0x08001652        0x2 
 .text.DMA1_Stream0_IRQHandler
                0x08001654       0x14 ./Core/Src/stm32h7xx_it.o
                0x08001654                DMA1_Stream0_IRQHandler
 .text.ADC_IRQHandler
                0x08001668       0x14 ./Core/Src/stm32h7xx_it.o
                0x08001668                ADC_IRQHandler
 .text.FDCAN1_IT0_IRQHandler
                0x0800167c       0x14 ./Core/Src/stm32h7xx_it.o
                0x0800167c                FDCAN1_IT0_IRQHandler
 .text.FDCAN1_IT1_IRQHandler
                0x08001690       0x14 ./Core/Src/stm32h7xx_it.o
                0x08001690                FDCAN1_IT1_IRQHandler
 .text.SystemInit
                0x080016a4      0x120 ./Core/Src/system_stm32h7xx.o
                0x080016a4                SystemInit
 .text.ExitRun0Mode
                0x080017c4       0x18 ./Core/Src/system_stm32h7xx.o
                0x080017c4                ExitRun0Mode
 .text.Reset_Handler
                0x080017dc       0x54 ./Core/Startup/startup_stm32h7b0rbtx.o
                0x080017dc                Reset_Handler
 .text.Default_Handler
                0x08001830        0x2 ./Core/Startup/startup_stm32h7b0rbtx.o
                0x08001830                RTC_Alarm_IRQHandler
                0x08001830                HASH_RNG_IRQHandler
                0x08001830                EXTI2_IRQHandler
                0x08001830                TIM8_CC_IRQHandler
                0x08001830                UART8_IRQHandler
                0x08001830                BDMA2_Channel1_IRQHandler
                0x08001830                SPI4_IRQHandler
                0x08001830                BDMA2_Channel0_IRQHandler
                0x08001830                TIM1_CC_IRQHandler
                0x08001830                DMA2_Stream5_IRQHandler
                0x08001830                JPEG_IRQHandler
                0x08001830                DMA1_Stream5_IRQHandler
                0x08001830                EXTI3_IRQHandler
                0x08001830                LPTIM4_IRQHandler
                0x08001830                TIM8_TRG_COM_TIM14_IRQHandler
                0x08001830                LPTIM2_IRQHandler
                0x08001830                DFSDM1_FLT1_IRQHandler
                0x08001830                DMAMUX2_OVR_IRQHandler
                0x08001830                GFXMMU_IRQHandler
                0x08001830                TIM8_UP_TIM13_IRQHandler
                0x08001830                I2C3_ER_IRQHandler
                0x08001830                DFSDM1_FLT2_IRQHandler
                0x08001830                USART10_IRQHandler
                0x08001830                MDMA_IRQHandler
                0x08001830                LPTIM3_IRQHandler
                0x08001830                BDMA2_Channel3_IRQHandler
                0x08001830                HSEM1_IRQHandler
                0x08001830                EXTI0_IRQHandler
                0x08001830                I2C2_EV_IRQHandler
                0x08001830                DAC2_IRQHandler
                0x08001830                DMA1_Stream2_IRQHandler
                0x08001830                FPU_IRQHandler
                0x08001830                OTG_HS_WKUP_IRQHandler
                0x08001830                LTDC_ER_IRQHandler
                0x08001830                DMA2_Stream2_IRQHandler
                0x08001830                SPI1_IRQHandler
                0x08001830                OCTOSPI1_IRQHandler
                0x08001830                TIM6_DAC_IRQHandler
                0x08001830                BDMA2_Channel6_IRQHandler
                0x08001830                DMA2_Stream3_IRQHandler
                0x08001830                OCTOSPI2_IRQHandler
                0x08001830                SAI2_IRQHandler
                0x08001830                BDMA1_IRQHandler
                0x08001830                DFSDM1_FLT3_IRQHandler
                0x08001830                USART6_IRQHandler
                0x08001830                TIM17_IRQHandler
                0x08001830                USART3_IRQHandler
                0x08001830                CRYP_IRQHandler
                0x08001830                LPTIM5_IRQHandler
                0x08001830                UART5_IRQHandler
                0x08001830                DMA2_Stream0_IRQHandler
                0x08001830                TIM4_IRQHandler
                0x08001830                I2C1_EV_IRQHandler
                0x08001830                DMA1_Stream6_IRQHandler
                0x08001830                DMAMUX1_OVR_IRQHandler
                0x08001830                DMA1_Stream1_IRQHandler
                0x08001830                TIM16_IRQHandler
                0x08001830                UART4_IRQHandler
                0x08001830                TIM3_IRQHandler
                0x08001830                RCC_IRQHandler
                0x08001830                UART9_IRQHandler
                0x08001830                TIM8_BRK_TIM12_IRQHandler
                0x08001830                TIM1_TRG_COM_IRQHandler
                0x08001830                Default_Handler
                0x08001830                ECC_IRQHandler
                0x08001830                BDMA2_Channel2_IRQHandler
                0x08001830                CEC_IRQHandler
                0x08001830                EXTI15_10_IRQHandler
                0x08001830                DFSDM1_FLT4_IRQHandler
                0x08001830                OTFDEC1_IRQHandler
                0x08001830                DMA1_Stream7_IRQHandler
                0x08001830                SPI5_IRQHandler
                0x08001830                TIM7_IRQHandler
                0x08001830                SDMMC1_IRQHandler
                0x08001830                TIM5_IRQHandler
                0x08001830                DMA2_Stream7_IRQHandler
                0x08001830                TIM15_IRQHandler
                0x08001830                I2C3_EV_IRQHandler
                0x08001830                DFSDM2_IRQHandler
                0x08001830                EXTI9_5_IRQHandler
                0x08001830                RTC_WKUP_IRQHandler
                0x08001830                LTDC_IRQHandler
                0x08001830                SPDIF_RX_IRQHandler
                0x08001830                PVD_PVM_IRQHandler
                0x08001830                SPI2_IRQHandler
                0x08001830                OTG_HS_EP1_IN_IRQHandler
                0x08001830                DFSDM1_FLT5_IRQHandler
                0x08001830                OTFDEC2_IRQHandler
                0x08001830                CRS_IRQHandler
                0x08001830                EXTI4_IRQHandler
                0x08001830                DFSDM1_FLT6_IRQHandler
                0x08001830                FDCAN2_IT1_IRQHandler
                0x08001830                COMP_IRQHandler
                0x08001830                TIM1_UP_IRQHandler
                0x08001830                OTG_HS_EP1_OUT_IRQHandler
                0x08001830                WWDG_IRQHandler
                0x08001830                SPI6_IRQHandler
                0x08001830                MDIOS_IRQHandler
                0x08001830                I2C4_EV_IRQHandler
                0x08001830                FDCAN2_IT0_IRQHandler
                0x08001830                LPUART1_IRQHandler
                0x08001830                TIM2_IRQHandler
                0x08001830                BDMA2_Channel5_IRQHandler
                0x08001830                OTG_HS_IRQHandler
                0x08001830                DMA2D_IRQHandler
                0x08001830                TIM1_BRK_IRQHandler
                0x08001830                EXTI1_IRQHandler
                0x08001830                SDMMC2_IRQHandler
                0x08001830                DTS_IRQHandler
                0x08001830                UART7_IRQHandler
                0x08001830                MDIOS_WKUP_IRQHandler
                0x08001830                USART2_IRQHandler
                0x08001830                DFSDM1_FLT0_IRQHandler
                0x08001830                I2C2_ER_IRQHandler
                0x08001830                DMA2_Stream1_IRQHandler
                0x08001830                DFSDM1_FLT7_IRQHandler
                0x08001830                FLASH_IRQHandler
                0x08001830                DMA2_Stream4_IRQHandler
                0x08001830                USART1_IRQHandler
                0x08001830                SPI3_IRQHandler
                0x08001830                WAKEUP_PIN_IRQHandler
                0x08001830                DMA1_Stream4_IRQHandler
                0x08001830                I2C1_ER_IRQHandler
                0x08001830                FMC_IRQHandler
                0x08001830                BDMA2_Channel7_IRQHandler
                0x08001830                FDCAN_CAL_IRQHandler
                0x08001830                SWPMI1_IRQHandler
                0x08001830                LPTIM1_IRQHandler
                0x08001830                DCMI_PSSI_IRQHandler
                0x08001830                I2C4_ER_IRQHandler
                0x08001830                DMA2_Stream6_IRQHandler
                0x08001830                SAI1_IRQHandler
                0x08001830                DMA1_Stream3_IRQHandler
                0x08001830                RTC_TAMP_STAMP_CSS_LSE_IRQHandler
                0x08001830                BDMA2_Channel4_IRQHandler
 *fill*         0x08001832        0x6 
 .text.getCelsius
                0x08001838       0xa4 ./Core/UserCode/Src/MainController.o
                0x08001838                getCelsius
 .text.MainController_Init
                0x080018dc       0x4c ./Core/UserCode/Src/MainController.o
                0x080018dc                MainController_Init
 .text.MainController_Run
                0x08001928       0xb4 ./Core/UserCode/Src/MainController.o
                0x08001928                MainController_Run
 .text.linear_interpolation
                0x080019dc      0x28c ./Core/UserCode/Src/mathUtils.o
                0x080019dc                linear_interpolation
 .text.HAL_Init
                0x08001c68       0x78 ./Drivers/STM32H7xx_HAL_Driver/Src/stm32h7xx_hal.o
                0x08001c68                HAL_Init
 .text.HAL_InitTick
                0x08001ce0       0x6c ./Drivers/STM32H7xx_HAL_Driver/Src/stm32h7xx_hal.o
                0x08001ce0                HAL_InitTick
 .text.HAL_IncTick
                0x08001d4c       0x28 ./Drivers/STM32H7xx_HAL_Driver/Src/stm32h7xx_hal.o
                0x08001d4c                HAL_IncTick
 .text.HAL_GetTick
                0x08001d74       0x18 ./Drivers/STM32H7xx_HAL_Driver/Src/stm32h7xx_hal.o
                0x08001d74                HAL_GetTick
 .text.HAL_Delay
                0x08001d8c       0x48 ./Drivers/STM32H7xx_HAL_Driver/Src/stm32h7xx_hal.o
                0x08001d8c                HAL_Delay
 .text.LL_ADC_SetCommonClock
                0x08001dd4       0x26 ./Drivers/STM32H7xx_HAL_Driver/Src/stm32h7xx_hal_adc.o
 .text.LL_ADC_SetCommonPathInternalCh
                0x08001dfa       0x26 ./Drivers/STM32H7xx_HAL_Driver/Src/stm32h7xx_hal_adc.o
 .text.LL_ADC_GetCommonPathInternalCh
                0x08001e20       0x1c ./Drivers/STM32H7xx_HAL_Driver/Src/stm32h7xx_hal_adc.o
 .text.LL_ADC_SetChannelPreselection
                0x08001e3c       0x66 ./Drivers/STM32H7xx_HAL_Driver/Src/stm32h7xx_hal_adc.o
 .text.LL_ADC_SetOffset
                0x08001ea2       0x40 ./Drivers/STM32H7xx_HAL_Driver/Src/stm32h7xx_hal_adc.o
 .text.LL_ADC_SetDataRightShift
                0x08001ee2       0x32 ./Drivers/STM32H7xx_HAL_Driver/Src/stm32h7xx_hal_adc.o
 .text.LL_ADC_SetOffsetSignedSaturation
                0x08001f14       0x36 ./Drivers/STM32H7xx_HAL_Driver/Src/stm32h7xx_hal_adc.o
 .text.LL_ADC_REG_IsTriggerSourceSWStart
                0x08001f4a       0x26 ./Drivers/STM32H7xx_HAL_Driver/Src/stm32h7xx_hal_adc.o
 .text.LL_ADC_REG_SetSequencerRanks
                0x08001f70       0x58 ./Drivers/STM32H7xx_HAL_Driver/Src/stm32h7xx_hal_adc.o
 .text.LL_ADC_REG_SetDataTransferMode
                0x08001fc8       0x26 ./Drivers/STM32H7xx_HAL_Driver/Src/stm32h7xx_hal_adc.o
 .text.LL_ADC_INJ_IsTriggerSourceSWStart
                0x08001fee       0x26 ./Drivers/STM32H7xx_HAL_Driver/Src/stm32h7xx_hal_adc.o
 .text.LL_ADC_SetChannelSamplingTime
                0x08002014       0x56 ./Drivers/STM32H7xx_HAL_Driver/Src/stm32h7xx_hal_adc.o
 *fill*         0x0800206a        0x2 
 .text.LL_ADC_SetChannelSingleDiff
                0x0800206c       0x48 ./Drivers/STM32H7xx_HAL_Driver/Src/stm32h7xx_hal_adc.o
 .text.LL_ADC_GetMultimode
                0x080020b4       0x1c ./Drivers/STM32H7xx_HAL_Driver/Src/stm32h7xx_hal_adc.o
 .text.LL_ADC_GetMultiDMATransfer
                0x080020d0       0x1c ./Drivers/STM32H7xx_HAL_Driver/Src/stm32h7xx_hal_adc.o
 .text.LL_ADC_DisableDeepPowerDown
                0x080020ec       0x24 ./Drivers/STM32H7xx_HAL_Driver/Src/stm32h7xx_hal_adc.o
 .text.LL_ADC_IsDeepPowerDownEnabled
                0x08002110       0x28 ./Drivers/STM32H7xx_HAL_Driver/Src/stm32h7xx_hal_adc.o
 .text.LL_ADC_EnableInternalRegulator
                0x08002138       0x28 ./Drivers/STM32H7xx_HAL_Driver/Src/stm32h7xx_hal_adc.o
 .text.LL_ADC_IsInternalRegulatorEnabled
                0x08002160       0x28 ./Drivers/STM32H7xx_HAL_Driver/Src/stm32h7xx_hal_adc.o
 .text.LL_ADC_Enable
                0x08002188       0x28 ./Drivers/STM32H7xx_HAL_Driver/Src/stm32h7xx_hal_adc.o
 .text.LL_ADC_IsEnabled
                0x080021b0       0x26 ./Drivers/STM32H7xx_HAL_Driver/Src/stm32h7xx_hal_adc.o
 *fill*         0x080021d6        0x2 
 .text.LL_ADC_REG_StartConversion
                0x080021d8       0x28 ./Drivers/STM32H7xx_HAL_Driver/Src/stm32h7xx_hal_adc.o
 .text.LL_ADC_REG_IsConversionOngoing
                0x08002200       0x26 ./Drivers/STM32H7xx_HAL_Driver/Src/stm32h7xx_hal_adc.o
 .text.LL_ADC_INJ_IsConversionOngoing
                0x08002226       0x26 ./Drivers/STM32H7xx_HAL_Driver/Src/stm32h7xx_hal_adc.o
 .text.HAL_ADC_Init
                0x0800224c      0x2b4 ./Drivers/STM32H7xx_HAL_Driver/Src/stm32h7xx_hal_adc.o
                0x0800224c                HAL_ADC_Init
 .text.HAL_ADC_Start_DMA
                0x08002500      0x168 ./Drivers/STM32H7xx_HAL_Driver/Src/stm32h7xx_hal_adc.o
                0x08002500                HAL_ADC_Start_DMA
 .text.HAL_ADC_IRQHandler
                0x08002668      0x434 ./Drivers/STM32H7xx_HAL_Driver/Src/stm32h7xx_hal_adc.o
                0x08002668                HAL_ADC_IRQHandler
 .text.HAL_ADC_ConvCpltCallback
                0x08002a9c       0x14 ./Drivers/STM32H7xx_HAL_Driver/Src/stm32h7xx_hal_adc.o
                0x08002a9c                HAL_ADC_ConvCpltCallback
 .text.HAL_ADC_ConvHalfCpltCallback
                0x08002ab0       0x14 ./Drivers/STM32H7xx_HAL_Driver/Src/stm32h7xx_hal_adc.o
                0x08002ab0                HAL_ADC_ConvHalfCpltCallback
 .text.HAL_ADC_LevelOutOfWindowCallback
                0x08002ac4       0x14 ./Drivers/STM32H7xx_HAL_Driver/Src/stm32h7xx_hal_adc.o
                0x08002ac4                HAL_ADC_LevelOutOfWindowCallback
 .text.HAL_ADC_ErrorCallback
                0x08002ad8       0x14 ./Drivers/STM32H7xx_HAL_Driver/Src/stm32h7xx_hal_adc.o
                0x08002ad8                HAL_ADC_ErrorCallback
 .text.HAL_ADC_ConfigChannel
                0x08002aec      0x4fc ./Drivers/STM32H7xx_HAL_Driver/Src/stm32h7xx_hal_adc.o
                0x08002aec                HAL_ADC_ConfigChannel
 .text.ADC_Enable
                0x08002fe8       0xf8 ./Drivers/STM32H7xx_HAL_Driver/Src/stm32h7xx_hal_adc.o
                0x08002fe8                ADC_Enable
 .text.ADC_DMAConvCplt
                0x080030e0       0xd8 ./Drivers/STM32H7xx_HAL_Driver/Src/stm32h7xx_hal_adc.o
                0x080030e0                ADC_DMAConvCplt
 .text.ADC_DMAHalfConvCplt
                0x080031b8       0x1c ./Drivers/STM32H7xx_HAL_Driver/Src/stm32h7xx_hal_adc.o
                0x080031b8                ADC_DMAHalfConvCplt
 .text.ADC_DMAError
                0x080031d4       0x34 ./Drivers/STM32H7xx_HAL_Driver/Src/stm32h7xx_hal_adc.o
                0x080031d4                ADC_DMAError
 .text.ADC_ConfigureBoostMode
                0x08003208      0x19c ./Drivers/STM32H7xx_HAL_Driver/Src/stm32h7xx_hal_adc.o
                0x08003208                ADC_ConfigureBoostMode
 .text.LL_ADC_IsEnabled
                0x080033a4       0x26 ./Drivers/STM32H7xx_HAL_Driver/Src/stm32h7xx_hal_adc_ex.o
 .text.LL_ADC_REG_IsConversionOngoing
                0x080033ca       0x26 ./Drivers/STM32H7xx_HAL_Driver/Src/stm32h7xx_hal_adc_ex.o
 .text.HAL_ADCEx_InjectedConvCpltCallback
                0x080033f0       0x14 ./Drivers/STM32H7xx_HAL_Driver/Src/stm32h7xx_hal_adc_ex.o
                0x080033f0                HAL_ADCEx_InjectedConvCpltCallback
 .text.HAL_ADCEx_InjectedQueueOverflowCallback
                0x08003404       0x14 ./Drivers/STM32H7xx_HAL_Driver/Src/stm32h7xx_hal_adc_ex.o
                0x08003404                HAL_ADCEx_InjectedQueueOverflowCallback
 .text.HAL_ADCEx_LevelOutOfWindow2Callback
                0x08003418       0x14 ./Drivers/STM32H7xx_HAL_Driver/Src/stm32h7xx_hal_adc_ex.o
                0x08003418                HAL_ADCEx_LevelOutOfWindow2Callback
 .text.HAL_ADCEx_LevelOutOfWindow3Callback
                0x0800342c       0x14 ./Drivers/STM32H7xx_HAL_Driver/Src/stm32h7xx_hal_adc_ex.o
                0x0800342c                HAL_ADCEx_LevelOutOfWindow3Callback
 .text.HAL_ADCEx_EndOfSamplingCallback
                0x08003440       0x14 ./Drivers/STM32H7xx_HAL_Driver/Src/stm32h7xx_hal_adc_ex.o
                0x08003440                HAL_ADCEx_EndOfSamplingCallback
 .text.HAL_ADCEx_MultiModeConfigChannel
                0x08003454      0x138 ./Drivers/STM32H7xx_HAL_Driver/Src/stm32h7xx_hal_adc_ex.o
                0x08003454                HAL_ADCEx_MultiModeConfigChannel
 .text.__NVIC_SetPriorityGrouping
                0x0800358c       0x48 ./Drivers/STM32H7xx_HAL_Driver/Src/stm32h7xx_hal_cortex.o
 .text.__NVIC_GetPriorityGrouping
                0x080035d4       0x1c ./Drivers/STM32H7xx_HAL_Driver/Src/stm32h7xx_hal_cortex.o
 .text.__NVIC_EnableIRQ
                0x080035f0       0x3c ./Drivers/STM32H7xx_HAL_Driver/Src/stm32h7xx_hal_cortex.o
 .text.__NVIC_SetPriority
                0x0800362c       0x54 ./Drivers/STM32H7xx_HAL_Driver/Src/stm32h7xx_hal_cortex.o
 .text.NVIC_EncodePriority
                0x08003680       0x66 ./Drivers/STM32H7xx_HAL_Driver/Src/stm32h7xx_hal_cortex.o
 *fill*         0x080036e6        0x2 
 .text.SysTick_Config
                0x080036e8       0x44 ./Drivers/STM32H7xx_HAL_Driver/Src/stm32h7xx_hal_cortex.o
 .text.HAL_NVIC_SetPriorityGrouping
                0x0800372c       0x16 ./Drivers/STM32H7xx_HAL_Driver/Src/stm32h7xx_hal_cortex.o
                0x0800372c                HAL_NVIC_SetPriorityGrouping
 .text.HAL_NVIC_SetPriority
                0x08003742       0x34 ./Drivers/STM32H7xx_HAL_Driver/Src/stm32h7xx_hal_cortex.o
                0x08003742                HAL_NVIC_SetPriority
 .text.HAL_NVIC_EnableIRQ
                0x08003776       0x1c ./Drivers/STM32H7xx_HAL_Driver/Src/stm32h7xx_hal_cortex.o
                0x08003776                HAL_NVIC_EnableIRQ
 .text.HAL_SYSTICK_Config
                0x08003792       0x18 ./Drivers/STM32H7xx_HAL_Driver/Src/stm32h7xx_hal_cortex.o
                0x08003792                HAL_SYSTICK_Config
 *fill*         0x080037aa        0x2 
 .text.HAL_DMA_Init
                0x080037ac      0x71c ./Drivers/STM32H7xx_HAL_Driver/Src/stm32h7xx_hal_dma.o
                0x080037ac                HAL_DMA_Init
 .text.HAL_DMA_Start_IT
                0x08003ec8      0x4d4 ./Drivers/STM32H7xx_HAL_Driver/Src/stm32h7xx_hal_dma.o
                0x08003ec8                HAL_DMA_Start_IT
 .text.HAL_DMA_IRQHandler
                0x0800439c      0xec4 ./Drivers/STM32H7xx_HAL_Driver/Src/stm32h7xx_hal_dma.o
                0x0800439c                HAL_DMA_IRQHandler
 .text.DMA_SetConfig
                0x08005260      0x3c8 ./Drivers/STM32H7xx_HAL_Driver/Src/stm32h7xx_hal_dma.o
 .text.DMA_CalcBaseAndBitshift
                0x08005628      0x164 ./Drivers/STM32H7xx_HAL_Driver/Src/stm32h7xx_hal_dma.o
 .text.DMA_CheckFifoParam
                0x0800578c       0xf8 ./Drivers/STM32H7xx_HAL_Driver/Src/stm32h7xx_hal_dma.o
 .text.DMA_CalcDMAMUXChannelBaseAndMask
                0x08005884      0x134 ./Drivers/STM32H7xx_HAL_Driver/Src/stm32h7xx_hal_dma.o
 .text.DMA_CalcDMAMUXRequestGenBaseAndMask
                0x080059b8       0xe8 ./Drivers/STM32H7xx_HAL_Driver/Src/stm32h7xx_hal_dma.o
 .text.HAL_FDCAN_Init
                0x08005aa0      0x3bc ./Drivers/STM32H7xx_HAL_Driver/Src/stm32h7xx_hal_fdcan.o
                0x08005aa0                HAL_FDCAN_Init
 .text.HAL_FDCAN_IRQHandler
                0x08005e5c      0x4bc ./Drivers/STM32H7xx_HAL_Driver/Src/stm32h7xx_hal_fdcan.o
                0x08005e5c                HAL_FDCAN_IRQHandler
 .text.HAL_FDCAN_ClockCalibrationCallback
                0x08006318       0x16 ./Drivers/STM32H7xx_HAL_Driver/Src/stm32h7xx_hal_fdcan.o
                0x08006318                HAL_FDCAN_ClockCalibrationCallback
 .text.HAL_FDCAN_TxEventFifoCallback
                0x0800632e       0x16 ./Drivers/STM32H7xx_HAL_Driver/Src/stm32h7xx_hal_fdcan.o
                0x0800632e                HAL_FDCAN_TxEventFifoCallback
 .text.HAL_FDCAN_RxFifo0Callback
                0x08006344       0x16 ./Drivers/STM32H7xx_HAL_Driver/Src/stm32h7xx_hal_fdcan.o
                0x08006344                HAL_FDCAN_RxFifo0Callback
 .text.HAL_FDCAN_RxFifo1Callback
                0x0800635a       0x16 ./Drivers/STM32H7xx_HAL_Driver/Src/stm32h7xx_hal_fdcan.o
                0x0800635a                HAL_FDCAN_RxFifo1Callback
 .text.HAL_FDCAN_TxFifoEmptyCallback
                0x08006370       0x14 ./Drivers/STM32H7xx_HAL_Driver/Src/stm32h7xx_hal_fdcan.o
                0x08006370                HAL_FDCAN_TxFifoEmptyCallback
 .text.HAL_FDCAN_TxBufferCompleteCallback
                0x08006384       0x16 ./Drivers/STM32H7xx_HAL_Driver/Src/stm32h7xx_hal_fdcan.o
                0x08006384                HAL_FDCAN_TxBufferCompleteCallback
 .text.HAL_FDCAN_TxBufferAbortCallback
                0x0800639a       0x16 ./Drivers/STM32H7xx_HAL_Driver/Src/stm32h7xx_hal_fdcan.o
                0x0800639a                HAL_FDCAN_TxBufferAbortCallback
 .text.HAL_FDCAN_RxBufferNewMessageCallback
                0x080063b0       0x14 ./Drivers/STM32H7xx_HAL_Driver/Src/stm32h7xx_hal_fdcan.o
                0x080063b0                HAL_FDCAN_RxBufferNewMessageCallback
 .text.HAL_FDCAN_TimestampWraparoundCallback
                0x080063c4       0x14 ./Drivers/STM32H7xx_HAL_Driver/Src/stm32h7xx_hal_fdcan.o
                0x080063c4                HAL_FDCAN_TimestampWraparoundCallback
 .text.HAL_FDCAN_TimeoutOccurredCallback
                0x080063d8       0x14 ./Drivers/STM32H7xx_HAL_Driver/Src/stm32h7xx_hal_fdcan.o
                0x080063d8                HAL_FDCAN_TimeoutOccurredCallback
 .text.HAL_FDCAN_HighPriorityMessageCallback
                0x080063ec       0x14 ./Drivers/STM32H7xx_HAL_Driver/Src/stm32h7xx_hal_fdcan.o
                0x080063ec                HAL_FDCAN_HighPriorityMessageCallback
 .text.HAL_FDCAN_ErrorCallback
                0x08006400       0x14 ./Drivers/STM32H7xx_HAL_Driver/Src/stm32h7xx_hal_fdcan.o
                0x08006400                HAL_FDCAN_ErrorCallback
 .text.HAL_FDCAN_ErrorStatusCallback
                0x08006414       0x16 ./Drivers/STM32H7xx_HAL_Driver/Src/stm32h7xx_hal_fdcan.o
                0x08006414                HAL_FDCAN_ErrorStatusCallback
 .text.HAL_FDCAN_TT_ScheduleSyncCallback
                0x0800642a       0x16 ./Drivers/STM32H7xx_HAL_Driver/Src/stm32h7xx_hal_fdcan.o
                0x0800642a                HAL_FDCAN_TT_ScheduleSyncCallback
 .text.HAL_FDCAN_TT_TimeMarkCallback
                0x08006440       0x16 ./Drivers/STM32H7xx_HAL_Driver/Src/stm32h7xx_hal_fdcan.o
                0x08006440                HAL_FDCAN_TT_TimeMarkCallback
 .text.HAL_FDCAN_TT_StopWatchCallback
                0x08006456       0x18 ./Drivers/STM32H7xx_HAL_Driver/Src/stm32h7xx_hal_fdcan.o
                0x08006456                HAL_FDCAN_TT_StopWatchCallback
 .text.HAL_FDCAN_TT_GlobalTimeCallback
                0x0800646e       0x16 ./Drivers/STM32H7xx_HAL_Driver/Src/stm32h7xx_hal_fdcan.o
                0x0800646e                HAL_FDCAN_TT_GlobalTimeCallback
 .text.FDCAN_CalculateRamBlockAddresses
                0x08006484      0x30c ./Drivers/STM32H7xx_HAL_Driver/Src/stm32h7xx_hal_fdcan.o
 .text.HAL_GPIO_Init
                0x08006790      0x374 ./Drivers/STM32H7xx_HAL_Driver/Src/stm32h7xx_hal_gpio.o
                0x08006790                HAL_GPIO_Init
 .text.HAL_I2C_Init
                0x08006b04      0x138 ./Drivers/STM32H7xx_HAL_Driver/Src/stm32h7xx_hal_i2c.o
                0x08006b04                HAL_I2C_Init
 .text.HAL_I2CEx_ConfigAnalogFilter
                0x08006c3c       0x96 ./Drivers/STM32H7xx_HAL_Driver/Src/stm32h7xx_hal_i2c_ex.o
                0x08006c3c                HAL_I2CEx_ConfigAnalogFilter
 .text.HAL_I2CEx_ConfigDigitalFilter
                0x08006cd2       0x98 ./Drivers/STM32H7xx_HAL_Driver/Src/stm32h7xx_hal_i2c_ex.o
                0x08006cd2                HAL_I2CEx_ConfigDigitalFilter
 .text.HAL_PCD_Init
                0x08006d6a      0x218 ./Drivers/STM32H7xx_HAL_Driver/Src/stm32h7xx_hal_pcd.o
                0x08006d6a                HAL_PCD_Init
 *fill*         0x08006f82        0x2 
 .text.HAL_PCDEx_ActivateLPM
                0x08006f84       0x48 ./Drivers/STM32H7xx_HAL_Driver/Src/stm32h7xx_hal_pcd_ex.o
                0x08006f84                HAL_PCDEx_ActivateLPM
 .text.HAL_PWREx_ConfigSupply
                0x08006fcc       0x74 ./Drivers/STM32H7xx_HAL_Driver/Src/stm32h7xx_hal_pwr_ex.o
                0x08006fcc                HAL_PWREx_ConfigSupply
 .text.HAL_PWREx_EnableUSBVoltageDetector
                0x08007040       0x20 ./Drivers/STM32H7xx_HAL_Driver/Src/stm32h7xx_hal_pwr_ex.o
                0x08007040                HAL_PWREx_EnableUSBVoltageDetector
 .text.HAL_RCC_OscConfig
                0x08007060      0x864 ./Drivers/STM32H7xx_HAL_Driver/Src/stm32h7xx_hal_rcc.o
                0x08007060                HAL_RCC_OscConfig
 .text.HAL_RCC_ClockConfig
                0x080078c4      0x36c ./Drivers/STM32H7xx_HAL_Driver/Src/stm32h7xx_hal_rcc.o
                0x080078c4                HAL_RCC_ClockConfig
 .text.HAL_RCC_GetSysClockFreq
                0x08007c30      0x2f4 ./Drivers/STM32H7xx_HAL_Driver/Src/stm32h7xx_hal_rcc.o
                0x08007c30                HAL_RCC_GetSysClockFreq
 .text.HAL_RCC_GetHCLKFreq
                0x08007f24       0x60 ./Drivers/STM32H7xx_HAL_Driver/Src/stm32h7xx_hal_rcc.o
                0x08007f24                HAL_RCC_GetHCLKFreq
 .text.HAL_RCC_GetPCLK1Freq
                0x08007f84       0x2c ./Drivers/STM32H7xx_HAL_Driver/Src/stm32h7xx_hal_rcc.o
                0x08007f84                HAL_RCC_GetPCLK1Freq
 .text.HAL_RCC_GetPCLK2Freq
                0x08007fb0       0x2c ./Drivers/STM32H7xx_HAL_Driver/Src/stm32h7xx_hal_rcc.o
                0x08007fb0                HAL_RCC_GetPCLK2Freq
 .text.HAL_RCCEx_PeriphCLKConfig
                0x08007fdc     0x137c ./Drivers/STM32H7xx_HAL_Driver/Src/stm32h7xx_hal_rcc_ex.o
                0x08007fdc                HAL_RCCEx_PeriphCLKConfig
 .text.HAL_RCCEx_GetPeriphCLKFreq
                0x08009358      0x9b0 ./Drivers/STM32H7xx_HAL_Driver/Src/stm32h7xx_hal_rcc_ex.o
                0x08009358                HAL_RCCEx_GetPeriphCLKFreq
 .text.HAL_RCCEx_GetD3PCLK1Freq
                0x08009d08       0x2c ./Drivers/STM32H7xx_HAL_Driver/Src/stm32h7xx_hal_rcc_ex.o
                0x08009d08                HAL_RCCEx_GetD3PCLK1Freq
 .text.HAL_RCCEx_GetPLL2ClockFreq
                0x08009d34      0x2a8 ./Drivers/STM32H7xx_HAL_Driver/Src/stm32h7xx_hal_rcc_ex.o
                0x08009d34                HAL_RCCEx_GetPLL2ClockFreq
 .text.HAL_RCCEx_GetPLL3ClockFreq
                0x08009fdc      0x2a8 ./Drivers/STM32H7xx_HAL_Driver/Src/stm32h7xx_hal_rcc_ex.o
                0x08009fdc                HAL_RCCEx_GetPLL3ClockFreq
 .text.HAL_RCCEx_GetPLL1ClockFreq
                0x0800a284      0x2a4 ./Drivers/STM32H7xx_HAL_Driver/Src/stm32h7xx_hal_rcc_ex.o
                0x0800a284                HAL_RCCEx_GetPLL1ClockFreq
 .text.RCCEx_PLL2_Config
                0x0800a528      0x164 ./Drivers/STM32H7xx_HAL_Driver/Src/stm32h7xx_hal_rcc_ex.o
 .text.RCCEx_PLL3_Config
                0x0800a68c      0x164 ./Drivers/STM32H7xx_HAL_Driver/Src/stm32h7xx_hal_rcc_ex.o
 .text.HAL_TIM_Base_Init
                0x0800a7f0       0xae ./Drivers/STM32H7xx_HAL_Driver/Src/stm32h7xx_hal_tim.o
                0x0800a7f0                HAL_TIM_Base_Init
 *fill*         0x0800a89e        0x2 
 .text.HAL_TIM_Base_Start
                0x0800a8a0       0xe0 ./Drivers/STM32H7xx_HAL_Driver/Src/stm32h7xx_hal_tim.o
                0x0800a8a0                HAL_TIM_Base_Start
 .text.HAL_TIM_PWM_Init
                0x0800a980       0xae ./Drivers/STM32H7xx_HAL_Driver/Src/stm32h7xx_hal_tim.o
                0x0800a980                HAL_TIM_PWM_Init
 *fill*         0x0800aa2e        0x2 
 .text.HAL_TIM_PWM_Start
                0x0800aa30      0x21c ./Drivers/STM32H7xx_HAL_Driver/Src/stm32h7xx_hal_tim.o
                0x0800aa30                HAL_TIM_PWM_Start
 .text.HAL_TIM_PWM_ConfigChannel
                0x0800ac4c      0x228 ./Drivers/STM32H7xx_HAL_Driver/Src/stm32h7xx_hal_tim.o
                0x0800ac4c                HAL_TIM_PWM_ConfigChannel
 .text.TIM_Base_SetConfig
                0x0800ae74      0x140 ./Drivers/STM32H7xx_HAL_Driver/Src/stm32h7xx_hal_tim.o
                0x0800ae74                TIM_Base_SetConfig
 .text.TIM_OC1_SetConfig
                0x0800afb4      0x124 ./Drivers/STM32H7xx_HAL_Driver/Src/stm32h7xx_hal_tim.o
 .text.TIM_OC2_SetConfig
                0x0800b0d8      0x118 ./Drivers/STM32H7xx_HAL_Driver/Src/stm32h7xx_hal_tim.o
                0x0800b0d8                TIM_OC2_SetConfig
 .text.TIM_OC3_SetConfig
                0x0800b1f0      0x114 ./Drivers/STM32H7xx_HAL_Driver/Src/stm32h7xx_hal_tim.o
 .text.TIM_OC4_SetConfig
                0x0800b304       0xd4 ./Drivers/STM32H7xx_HAL_Driver/Src/stm32h7xx_hal_tim.o
 .text.TIM_OC5_SetConfig
                0x0800b3d8       0xc8 ./Drivers/STM32H7xx_HAL_Driver/Src/stm32h7xx_hal_tim.o
 .text.TIM_OC6_SetConfig
                0x0800b4a0       0xcc ./Drivers/STM32H7xx_HAL_Driver/Src/stm32h7xx_hal_tim.o
 .text.TIM_CCxChannelCmd
                0x0800b56c       0x4a ./Drivers/STM32H7xx_HAL_Driver/Src/stm32h7xx_hal_tim.o
                0x0800b56c                TIM_CCxChannelCmd
 *fill*         0x0800b5b6        0x2 
 .text.HAL_TIMEx_MasterConfigSynchronization
                0x0800b5b8      0x11c ./Drivers/STM32H7xx_HAL_Driver/Src/stm32h7xx_hal_tim_ex.o
                0x0800b5b8                HAL_TIMEx_MasterConfigSynchronization
 .text.HAL_UART_Init
                0x0800b6d4       0xa0 ./Drivers/STM32H7xx_HAL_Driver/Src/stm32h7xx_hal_uart.o
                0x0800b6d4                HAL_UART_Init
 .text.UART_SetConfig
                0x0800b774      0xcd8 ./Drivers/STM32H7xx_HAL_Driver/Src/stm32h7xx_hal_uart.o
                0x0800b774                UART_SetConfig
 .text.UART_AdvFeatureConfig
                0x0800c44c      0x144 ./Drivers/STM32H7xx_HAL_Driver/Src/stm32h7xx_hal_uart.o
                0x0800c44c                UART_AdvFeatureConfig
 .text.UART_CheckIdleState
                0x0800c590      0x154 ./Drivers/STM32H7xx_HAL_Driver/Src/stm32h7xx_hal_uart.o
                0x0800c590                UART_CheckIdleState
 .text.UART_WaitOnFlagUntilTimeout
                0x0800c6e4       0xda ./Drivers/STM32H7xx_HAL_Driver/Src/stm32h7xx_hal_uart.o
                0x0800c6e4                UART_WaitOnFlagUntilTimeout
 *fill*         0x0800c7be        0x2 
 .text.UART_EndRxTransfer
                0x0800c7c0       0xcc ./Drivers/STM32H7xx_HAL_Driver/Src/stm32h7xx_hal_uart.o
 .text.HAL_UARTEx_DisableFifoMode
                0x0800c88c       0x72 ./Drivers/STM32H7xx_HAL_Driver/Src/stm32h7xx_hal_uart_ex.o
                0x0800c88c                HAL_UARTEx_DisableFifoMode
 .text.HAL_UARTEx_SetTxFifoThreshold
                0x0800c8fe       0x7c ./Drivers/STM32H7xx_HAL_Driver/Src/stm32h7xx_hal_uart_ex.o
                0x0800c8fe                HAL_UARTEx_SetTxFifoThreshold
 .text.HAL_UARTEx_SetRxFifoThreshold
                0x0800c97a       0x7c ./Drivers/STM32H7xx_HAL_Driver/Src/stm32h7xx_hal_uart_ex.o
                0x0800c97a                HAL_UARTEx_SetRxFifoThreshold
 *fill*         0x0800c9f6        0x2 
 .text.UARTEx_SetNbDataToProcess
                0x0800c9f8       0x9c ./Drivers/STM32H7xx_HAL_Driver/Src/stm32h7xx_hal_uart_ex.o
 .text.USB_CoreInit
                0x0800ca94       0xf0 ./Drivers/STM32H7xx_HAL_Driver/Src/stm32h7xx_ll_usb.o
                0x0800ca94                USB_CoreInit
 .text.USB_DisableGlobalInt
                0x0800cb84       0x22 ./Drivers/STM32H7xx_HAL_Driver/Src/stm32h7xx_ll_usb.o
                0x0800cb84                USB_DisableGlobalInt
 .text.USB_SetCurrentMode
                0x0800cba6       0x98 ./Drivers/STM32H7xx_HAL_Driver/Src/stm32h7xx_ll_usb.o
                0x0800cba6                USB_SetCurrentMode
 *fill*         0x0800cc3e        0x2 
 .text.USB_DevInit
                0x0800cc40      0x2bc ./Drivers/STM32H7xx_HAL_Driver/Src/stm32h7xx_ll_usb.o
                0x0800cc40                USB_DevInit
 .text.USB_FlushTxFifo
                0x0800cefc       0x64 ./Drivers/STM32H7xx_HAL_Driver/Src/stm32h7xx_ll_usb.o
                0x0800cefc                USB_FlushTxFifo
 .text.USB_FlushRxFifo
                0x0800cf60       0x5c ./Drivers/STM32H7xx_HAL_Driver/Src/stm32h7xx_ll_usb.o
                0x0800cf60                USB_FlushRxFifo
 .text.USB_SetDevSpeed
                0x0800cfbc       0x32 ./Drivers/STM32H7xx_HAL_Driver/Src/stm32h7xx_ll_usb.o
                0x0800cfbc                USB_SetDevSpeed
 .text.USB_DevDisconnect
                0x0800cfee       0x42 ./Drivers/STM32H7xx_HAL_Driver/Src/stm32h7xx_ll_usb.o
                0x0800cfee                USB_DevDisconnect
 .text.USB_GetMode
                0x0800d030       0x1c ./Drivers/STM32H7xx_HAL_Driver/Src/stm32h7xx_ll_usb.o
                0x0800d030                USB_GetMode
 .text.USB_CoreReset
                0x0800d04c       0x70 ./Drivers/STM32H7xx_HAL_Driver/Src/stm32h7xx_ll_usb.o
 .text.memset   0x0800d0bc       0x10 /home/arielchama/.eclipse/com.st.stm32cube.ide.mcu.rcp.product_1.19.0_139068057_linux_gtk_x86_64/plugins/com.st.stm32cube.ide.mcu.externaltools.gnu-tools-for-stm32.14.3.rel1.linux64_1.0.100.202602081740/tools/bin/../lib/gcc/arm-none-eabi/14.3.1/../../../../arm-none-eabi/lib/thumb/v7e-m+dp/hard/libc_nano.a(libc_a-memset.o)
                0x0800d0bc                memset
 .text.__libc_init_array
                0x0800d0cc       0x48 /home/arielchama/.eclipse/com.st.stm32cube.ide.mcu.rcp.product_1.19.0_139068057_linux_gtk_x86_64/plugins/com.st.stm32cube.ide.mcu.externaltools.gnu-tools-for-stm32.14.3.rel1.linux64_1.0.100.202602081740/tools/bin/../lib/gcc/arm-none-eabi/14.3.1/../../../../arm-none-eabi/lib/thumb/v7e-m+dp/hard/libc_nano.a(libc_a-init.o)
                0x0800d0cc                __libc_init_array
 .text.memcpy   0x0800d114       0x1c /home/arielchama/.eclipse/com.st.stm32cube.ide.mcu.rcp.product_1.19.0_139068057_linux_gtk_x86_64/plugins/com.st.stm32cube.ide.mcu.externaltools.gnu-tools-for-stm32.14.3.rel1.linux64_1.0.100.202602081740/tools/bin/../lib/gcc/arm-none-eabi/14.3.1/../../../../arm-none-eabi/lib/thumb/v7e-m+dp/hard/libc_nano.a(libc_a-memcpy-stub.o)
                0x0800d114                memcpy
 *(.glue_7)
 .glue_7        0x0800d130        0x0 linker stubs
 *(.glue_7t)
 .glue_7t       0x0800d130        0x0 linker stubs
 *(.eh_frame)
 .eh_frame      0x0800d130        0x0 /home/arielchama/.eclipse/com.st.stm32cube.ide.mcu.rcp.product_1.19.0_139068057_linux_gtk_x86_64/plugins/com.st.stm32cube.ide.mcu.externaltools.gnu-tools-for-stm32.14.3.rel1.linux64_1.0.100.202602081740/tools/bin/../lib/gcc/arm-none-eabi/14.3.1/thumb/v7e-m+dp/hard/crtbegin.o
 *(.init)
 .init          0x0800d130        0x4 /home/arielchama/.eclipse/com.st.stm32cube.ide.mcu.rcp.product_1.19.0_139068057_linux_gtk_x86_64/plugins/com.st.stm32cube.ide.mcu.externaltools.gnu-tools-for-stm32.14.3.rel1.linux64_1.0.100.202602081740/tools/bin/../lib/gcc/arm-none-eabi/14.3.1/thumb/v7e-m+dp/hard/crti.o
                0x0800d130                _init
 .init          0x0800d134        0x8 /home/arielchama/.eclipse/com.st.stm32cube.ide.mcu.rcp.product_1.19.0_139068057_linux_gtk_x86_64/plugins/com.st.stm32cube.ide.mcu.externaltools.gnu-tools-for-stm32.14.3.rel1.linux64_1.0.100.202602081740/tools/bin/../lib/gcc/arm-none-eabi/14.3.1/thumb/v7e-m+dp/hard/crtn.o
 *(.fini)
 .fini          0x0800d13c        0x4 /home/arielchama/.eclipse/com.st.stm32cube.ide.mcu.rcp.product_1.19.0_139068057_linux_gtk_x86_64/plugins/com.st.stm32cube.ide.mcu.externaltools.gnu-tools-for-stm32.14.3.rel1.linux64_1.0.100.202602081740/tools/bin/../lib/gcc/arm-none-eabi/14.3.1/thumb/v7e-m+dp/hard/crti.o
                0x0800d13c                _fini
 .fini          0x0800d140        0x8 /home/arielchama/.eclipse/com.st.stm32cube.ide.mcu.rcp.product_1.19.0_139068057_linux_gtk_x86_64/plugins/com.st.stm32cube.ide.mcu.externaltools.gnu-tools-for-stm32.14.3.rel1.linux64_1.0.100.202602081740/tools/bin/../lib/gcc/arm-none-eabi/14.3.1/thumb/v7e-m+dp/hard/crtn.o
                0x0800d148                        . = ALIGN (0x4)
                0x0800d148                        _etext = .

.vfp11_veneer   0x0800d148        0x0
 .vfp11_veneer  0x0800d148        0x0 linker stubs

.v4_bx          0x0800d148        0x0
 .v4_bx         0x0800d148        0x0 linker stubs

.iplt           0x0800d148        0x0
 .iplt          0x0800d148        0x0 /home/arielchama/.eclipse/com.st.stm32cube.ide.mcu.rcp.product_1.19.0_139068057_linux_gtk_x86_64/plugins/com.st.stm32cube.ide.mcu.externaltools.gnu-tools-for-stm32.14.3.rel1.linux64_1.0.100.202602081740/tools/bin/../lib/gcc/arm-none-eabi/14.3.1/thumb/v7e-m+dp/hard/crtbegin.o

.rodata         0x0800d148       0x8c
                0x0800d148                        . = ALIGN (0x4)
 *(.rodata)
 .rodata        0x0800d148       0x4c ./Drivers/STM32H7xx_HAL_Driver/Src/stm32h7xx_hal_fdcan.o
 *(.rodata*)
 .rodata.D1CorePrescTable
                0x0800d194       0x10 ./Core/Src/system_stm32h7xx.o
                0x0800d194                D1CorePrescTable
 .rodata.flagBitshiftOffset.0
                0x0800d1a4        0x8 ./Drivers/STM32H7xx_HAL_Driver/Src/stm32h7xx_hal_dma.o
 .rodata.UARTPrescTable
                0x0800d1ac       0x18 ./Drivers/STM32H7xx_HAL_Driver/Src/stm32h7xx_hal_uart.o
                0x0800d1ac                UARTPrescTable
 .rodata.numerator.1
                0x0800d1c4        0x8 ./Drivers/STM32H7xx_HAL_Driver/Src/stm32h7xx_hal_uart_ex.o
 .rodata.denominator.0
                0x0800d1cc        0x8 ./Drivers/STM32H7xx_HAL_Driver/Src/stm32h7xx_hal_uart_ex.o
                0x0800d1d4                        . = ALIGN (0x4)

.ARM.extab
 *(.ARM.extab* .gnu.linkonce.armextab.*)

.ARM            0x0800d1d4        0x8
                0x0800d1d4                        __exidx_start = .
 *(.ARM.exidx*)
 .ARM.exidx     0x0800d1d4        0x8 /home/arielchama/.eclipse/com.st.stm32cube.ide.mcu.rcp.product_1.19.0_139068057_linux_gtk_x86_64/plugins/com.st.stm32cube.ide.mcu.externaltools.gnu-tools-for-stm32.14.3.rel1.linux64_1.0.100.202602081740/tools/bin/../lib/gcc/arm-none-eabi/14.3.1/thumb/v7e-m+dp/hard/libgcc.a(_udivmoddi4.o)
                0x0800d1dc                        __exidx_end = .

.preinit_array  0x0800d1dc        0x0
                0x0800d1dc                        PROVIDE (__preinit_array_start = .)
 *(.preinit_array*)
                0x0800d1dc                        PROVIDE (__preinit_array_end = .)

.init_array     0x0800d1dc        0x4
                0x0800d1dc                        PROVIDE (__init_array_start = .)
 *(SORT_BY_NAME(.init_array.*))
 *(.init_array*)
 .init_array    0x0800d1dc        0x4 /home/arielchama/.eclipse/com.st.stm32cube.ide.mcu.rcp.product_1.19.0_139068057_linux_gtk_x86_64/plugins/com.st.stm32cube.ide.mcu.externaltools.gnu-tools-for-stm32.14.3.rel1.linux64_1.0.100.202602081740/tools/bin/../lib/gcc/arm-none-eabi/14.3.1/thumb/v7e-m+dp/hard/crtbegin.o
                0x0800d1e0                        PROVIDE (__init_array_end = .)

.fini_array     0x0800d1e0        0x4
                [!provide]                        PROVIDE (__fini_array_start = .)
 *(SORT_BY_NAME(.fini_array.*))
 *(.fini_array*)
 .fini_array    0x0800d1e0        0x4 /home/arielchama/.eclipse/com.st.stm32cube.ide.mcu.rcp.product_1.19.0_139068057_linux_gtk_x86_64/plugins/com.st.stm32cube.ide.mcu.externaltools.gnu-tools-for-stm32.14.3.rel1.linux64_1.0.100.202602081740/tools/bin/../lib/gcc/arm-none-eabi/14.3.1/thumb/v7e-m+dp/hard/crtbegin.o
                [!provide]                        PROVIDE (__fini_array_end = .)
                0x0800d1e4                        _sidata = LOADADDR (.data)

.rel.dyn        0x0800d1e4        0x0
 .rel.iplt      0x0800d1e4        0x0 /home/arielchama/.eclipse/com.st.stm32cube.ide.mcu.rcp.product_1.19.0_139068057_linux_gtk_x86_64/plugins/com.st.stm32cube.ide.mcu.externaltools.gnu-tools-for-stm32.14.3.rel1.linux64_1.0.100.202602081740/tools/bin/../lib/gcc/arm-none-eabi/14.3.1/thumb/v7e-m+dp/hard/crtbegin.o

.data           0x24000000      0x1e0 load address 0x0800d1e4
                0x24000000                        . = ALIGN (0x4)
                0x24000000                        _sdata = .
 *(.data)
 *(.data*)
 .data.SystemCoreClock
                0x24000000        0x4 ./Core/Src/system_stm32h7xx.o
                0x24000000                SystemCoreClock
 .data.SystemD2Clock
                0x24000004        0x4 ./Core/Src/system_stm32h7xx.o
                0x24000004                SystemD2Clock
 .data.ntc_temp_c
                0x24000008       0xe8 ./Core/UserCode/Src/MainController.o
                0x24000008                ntc_temp_c
 .data.ntc_res_ohm
                0x240000f0       0xe8 ./Core/UserCode/Src/MainController.o
                0x240000f0                ntc_res_ohm
 .data.uwTickPrio
                0x240001d8        0x4 ./Drivers/STM32H7xx_HAL_Driver/Src/stm32h7xx_hal.o
                0x240001d8                uwTickPrio
 .data.uwTickFreq
                0x240001dc        0x1 ./Drivers/STM32H7xx_HAL_Driver/Src/stm32h7xx_hal.o
                0x240001dc                uwTickFreq
 *(.RamFunc)
 *(.RamFunc*)
                0x240001e0                        . = ALIGN (0x4)
 *fill*         0x240001dd        0x3 
                0x240001e0                        _edata = .

.igot.plt       0x240001e0        0x0 load address 0x0800d3c4
 .igot.plt      0x240001e0        0x0 /home/arielchama/.eclipse/com.st.stm32cube.ide.mcu.rcp.product_1.19.0_139068057_linux_gtk_x86_64/plugins/com.st.stm32cube.ide.mcu.externaltools.gnu-tools-for-stm32.14.3.rel1.linux64_1.0.100.202602081740/tools/bin/../lib/gcc/arm-none-eabi/14.3.1/thumb/v7e-m+dp/hard/crtbegin.o
                0x240001e0                        . = ALIGN (0x4)

.bss            0x240001e0      0x900 load address 0x0800d3c4
                0x240001e0                        _sbss = .
                0x240001e0                        __bss_start__ = _sbss
 *(.bss)
 .bss           0x240001e0       0x1c /home/arielchama/.eclipse/com.st.stm32cube.ide.mcu.rcp.product_1.19.0_139068057_linux_gtk_x86_64/plugins/com.st.stm32cube.ide.mcu.externaltools.gnu-tools-for-stm32.14.3.rel1.linux64_1.0.100.202602081740/tools/bin/../lib/gcc/arm-none-eabi/14.3.1/thumb/v7e-m+dp/hard/crtbegin.o
 *(.bss*)
 .bss.hadc1     0x240001fc       0x64 ./Core/Src/main.o
                0x240001fc                hadc1
 .bss.hdma_adc1
                0x24000260       0x78 ./Core/Src/main.o
                0x24000260                hdma_adc1
 .bss.hfdcan1   0x240002d8       0xa0 ./Core/Src/main.o
                0x240002d8                hfdcan1
 .bss.hfdcan2   0x24000378       0xa0 ./Core/Src/main.o
                0x24000378                hfdcan2
 .bss.hi2c3     0x24000418       0x54 ./Core/Src/main.o
                0x24000418                hi2c3
 .bss.htim2     0x2400046c       0x4c ./Core/Src/main.o
                0x2400046c                htim2
 .bss.htim5     0x240004b8       0x4c ./Core/Src/main.o
                0x240004b8                htim5
 .bss.htim6     0x24000504       0x4c ./Core/Src/main.o
                0x24000504                htim6
 .bss.huart3    0x24000550       0x94 ./Core/Src/main.o
                0x24000550                huart3
 .bss.hpcd_USB_OTG_HS
                0x240005e4      0x4e4 ./Core/Src/main.o
                0x240005e4                hpcd_USB_OTG_HS
 .bss.HAL_RCC_FDCAN_CLK_ENABLED
                0x24000ac8        0x4 ./Core/Src/stm32h7xx_hal_msp.o
 .bss.temp_value_NTC_BIN
                0x24000acc        0x8 ./Core/UserCode/Src/MainController.o
                0x24000acc                temp_value_NTC_BIN
 .bss.temp_value_NTC
                0x24000ad4        0x8 ./Core/UserCode/Src/MainController.o
                0x24000ad4                temp_value_NTC
 .bss.uwTick    0x24000adc        0x4 ./Drivers/STM32H7xx_HAL_Driver/Src/stm32h7xx_hal.o
                0x24000adc                uwTick
 *(COMMON)
                0x24000ae0                        . = ALIGN (0x4)
                0x24000ae0                        _ebss = .
                0x24000ae0                        __bss_end__ = _ebss

._user_heap_stack
                0x24000ae0      0x600 load address 0x0800d3c4
                0x24000ae0                        . = ALIGN (0x8)
                [!provide]                        PROVIDE (end = .)
                0x24000ae0                        PROVIDE (_end = .)
                0x24000ce0                        . = (. + _Min_Heap_Size)
 *fill*         0x24000ae0      0x200 
                0x240010e0                        . = (. + _Min_Stack_Size)
 *fill*         0x24000ce0      0x400 
                0x240010e0                        . = ALIGN (0x8)

/DISCARD/
 libc.a(*)
 libm.a(*)
 libgcc.a(*)

.ARM.attributes
                0x00000000       0x2e
 *(.ARM.attributes)
 .ARM.attributes
                0x00000000       0x20 /home/arielchama/.eclipse/com.st.stm32cube.ide.mcu.rcp.product_1.19.0_139068057_linux_gtk_x86_64/plugins/com.st.stm32cube.ide.mcu.externaltools.gnu-tools-for-stm32.14.3.rel1.linux64_1.0.100.202602081740/tools/bin/../lib/gcc/arm-none-eabi/14.3.1/thumb/v7e-m+dp/hard/crti.o
 .ARM.attributes
                0x00000020       0x32 /home/arielchama/.eclipse/com.st.stm32cube.ide.mcu.rcp.product_1.19.0_139068057_linux_gtk_x86_64/plugins/com.st.stm32cube.ide.mcu.externaltools.gnu-tools-for-stm32.14.3.rel1.linux64_1.0.100.202602081740/tools/bin/../lib/gcc/arm-none-eabi/14.3.1/thumb/v7e-m+dp/hard/crtbegin.o
 .ARM.attributes
                0x00000052       0x32 ./Core/Src/main.o
 .ARM.attributes
                0x00000084       0x32 ./Core/Src/stm32h7xx_hal_msp.o
 .ARM.attributes
                0x000000b6       0x32 ./Core/Src/stm32h7xx_it.o
 .ARM.attributes
                0x000000e8       0x32 ./Core/Src/system_stm32h7xx.o
 .ARM.attributes
                0x0000011a       0x21 ./Core/Startup/startup_stm32h7b0rbtx.o
 .ARM.attributes
                0x0000013b       0x32 ./Core/UserCode/Src/MainController.o
 .ARM.attributes
                0x0000016d       0x32 ./Core/UserCode/Src/mathUtils.o
 .ARM.attributes
                0x0000019f       0x32 ./Drivers/STM32H7xx_HAL_Driver/Src/stm32h7xx_hal.o
 .ARM.attributes
                0x000001d1       0x32 ./Drivers/STM32H7xx_HAL_Driver/Src/stm32h7xx_hal_adc.o
 .ARM.attributes
                0x00000203       0x32 ./Drivers/STM32H7xx_HAL_Driver/Src/stm32h7xx_hal_adc_ex.o
 .ARM.attributes
                0x00000235       0x32 ./Drivers/STM32H7xx_HAL_Driver/Src/stm32h7xx_hal_cortex.o
 .ARM.attributes
                0x00000267       0x32 ./Drivers/STM32H7xx_HAL_Driver/Src/stm32h7xx_hal_dma.o
 .ARM.attributes
                0x00000299       0x32 ./Drivers/STM32H7xx_HAL_Driver/Src/stm32h7xx_hal_fdcan.o
 .ARM.attributes
                0x000002cb       0x32 ./Drivers/STM32H7xx_HAL_Driver/Src/stm32h7xx_hal_gpio.o
 .ARM.attributes
                0x000002fd       0x32 ./Drivers/STM32H7xx_HAL_Driver/Src/stm32h7xx_hal_i2c.o
 .ARM.attributes
                0x0000032f       0x32 ./Drivers/STM32H7xx_HAL_Driver/Src/stm32h7xx_hal_i2c_ex.o
 .ARM.attributes
                0x00000361       0x32 ./Drivers/STM32H7xx_HAL_Driver/Src/stm32h7xx_hal_pcd.o
 .ARM.attributes
                0x00000393       0x32 ./Drivers/STM32H7xx_HAL_Driver/Src/stm32h7xx_hal_pcd_ex.o
 .ARM.attributes
                0x000003c5       0x32 ./Drivers/STM32H7xx_HAL_Driver/Src/stm32h7xx_hal_pwr_ex.o
 .ARM.attributes
                0x000003f7       0x32 ./Drivers/STM32H7xx_HAL_Driver/Src/stm32h7xx_hal_rcc.o
 .ARM.attributes
                0x00000429       0x32 ./Drivers/STM32H7xx_HAL_Driver/Src/stm32h7xx_hal_rcc_ex.o
 .ARM.attributes
                0x0000045b       0x32 ./Drivers/STM32H7xx_HAL_Driver/Src/stm32h7xx_hal_tim.o
 .ARM.attributes
                0x0000048d       0x32 ./Drivers/STM32H7xx_HAL_Driver/Src/stm32h7xx_hal_tim_ex.o
 .ARM.attributes
                0x000004bf       0x32 ./Drivers/STM32H7xx_HAL_Driver/Src/stm32h7xx_hal_uart.o
 .ARM.attributes
                0x000004f1       0x32 ./Drivers/STM32H7xx_HAL_Driver/Src/stm32h7xx_hal_uart_ex.o
 .ARM.attributes
                0x00000523       0x32 ./Drivers/STM32H7xx_HAL_Driver/Src/stm32h7xx_ll_usb.o
 .ARM.attributes
                0x00000555       0x32 /home/arielchama/.eclipse/com.st.stm32cube.ide.mcu.rcp.product_1.19.0_139068057_linux_gtk_x86_64/plugins/com.st.stm32cube.ide.mcu.externaltools.gnu-tools-for-stm32.14.3.rel1.linux64_1.0.100.202602081740/tools/bin/../lib/gcc/arm-none-eabi/14.3.1/../../../../arm-none-eabi/lib/thumb/v7e-m+dp/hard/libc_nano.a(libc_a-memset.o)
 .ARM.attributes
                0x00000587       0x32 /home/arielchama/.eclipse/com.st.stm32cube.ide.mcu.rcp.product_1.19.0_139068057_linux_gtk_x86_64/plugins/com.st.stm32cube.ide.mcu.externaltools.gnu-tools-for-stm32.14.3.rel1.linux64_1.0.100.202602081740/tools/bin/../lib/gcc/arm-none-eabi/14.3.1/../../../../arm-none-eabi/lib/thumb/v7e-m+dp/hard/libc_nano.a(libc_a-init.o)
 .ARM.attributes
                0x000005b9       0x32 /home/arielchama/.eclipse/com.st.stm32cube.ide.mcu.rcp.product_1.19.0_139068057_linux_gtk_x86_64/plugins/com.st.stm32cube.ide.mcu.externaltools.gnu-tools-for-stm32.14.3.rel1.linux64_1.0.100.202602081740/tools/bin/../lib/gcc/arm-none-eabi/14.3.1/../../../../arm-none-eabi/lib/thumb/v7e-m+dp/hard/libc_nano.a(libc_a-memcpy-stub.o)
 .ARM.attributes
                0x000005eb       0x20 /home/arielchama/.eclipse/com.st.stm32cube.ide.mcu.rcp.product_1.19.0_139068057_linux_gtk_x86_64/plugins/com.st.stm32cube.ide.mcu.externaltools.gnu-tools-for-stm32.14.3.rel1.linux64_1.0.100.202602081740/tools/bin/../lib/gcc/arm-none-eabi/14.3.1/thumb/v7e-m+dp/hard/libgcc.a(_aeabi_uldivmod.o)
 .ARM.attributes
                0x0000060b       0x32 /home/arielchama/.eclipse/com.st.stm32cube.ide.mcu.rcp.product_1.19.0_139068057_linux_gtk_x86_64/plugins/com.st.stm32cube.ide.mcu.externaltools.gnu-tools-for-stm32.14.3.rel1.linux64_1.0.100.202602081740/tools/bin/../lib/gcc/arm-none-eabi/14.3.1/thumb/v7e-m+dp/hard/libgcc.a(_udivmoddi4.o)
 .ARM.attributes
                0x0000063d       0x20 /home/arielchama/.eclipse/com.st.stm32cube.ide.mcu.rcp.product_1.19.0_139068057_linux_gtk_x86_64/plugins/com.st.stm32cube.ide.mcu.externaltools.gnu-tools-for-stm32.14.3.rel1.linux64_1.0.100.202602081740/tools/bin/../lib/gcc/arm-none-eabi/14.3.1/thumb/v7e-m+dp/hard/libgcc.a(_dvmd_tls.o)
 .ARM.attributes
                0x0000065d       0x20 /home/arielchama/.eclipse/com.st.stm32cube.ide.mcu.rcp.product_1.19.0_139068057_linux_gtk_x86_64/plugins/com.st.stm32cube.ide.mcu.externaltools.gnu-tools-for-stm32.14.3.rel1.linux64_1.0.100.202602081740/tools/bin/../lib/gcc/arm-none-eabi/14.3.1/thumb/v7e-m+dp/hard/crtn.o
OUTPUT(Sensor_cooling_H7.elf elf32-littlearm)
LOAD linker stubs
LOAD /home/arielchama/.eclipse/com.st.stm32cube.ide.mcu.rcp.product_1.19.0_139068057_linux_gtk_x86_64/plugins/com.st.stm32cube.ide.mcu.externaltools.gnu-tools-for-stm32.14.3.rel1.linux64_1.0.100.202602081740/tools/bin/../lib/gcc/arm-none-eabi/14.3.1/../../../../arm-none-eabi/lib/thumb/v7e-m+dp/hard/libc.a
LOAD /home/arielchama/.eclipse/com.st.stm32cube.ide.mcu.rcp.product_1.19.0_139068057_linux_gtk_x86_64/plugins/com.st.stm32cube.ide.mcu.externaltools.gnu-tools-for-stm32.14.3.rel1.linux64_1.0.100.202602081740/tools/bin/../lib/gcc/arm-none-eabi/14.3.1/../../../../arm-none-eabi/lib/thumb/v7e-m+dp/hard/libm.a
LOAD /home/arielchama/.eclipse/com.st.stm32cube.ide.mcu.rcp.product_1.19.0_139068057_linux_gtk_x86_64/plugins/com.st.stm32cube.ide.mcu.externaltools.gnu-tools-for-stm32.14.3.rel1.linux64_1.0.100.202602081740/tools/bin/../lib/gcc/arm-none-eabi/14.3.1/thumb/v7e-m+dp/hard/libgcc.a

.debug_info     0x00000000    0x264e7
 .debug_info    0x00000000     0x3379 ./Core/Src/main.o
 .debug_info    0x00003379     0x3013 ./Core/Src/stm32h7xx_hal_msp.o
 .debug_info    0x0000638c     0x1097 ./Core/Src/stm32h7xx_it.o
 .debug_info    0x00007423      0xd42 ./Core/Src/system_stm32h7xx.o
 .debug_info    0x00008165       0x30 ./Core/Startup/startup_stm32h7b0rbtx.o
 .debug_info    0x00008195      0xe0f ./Core/UserCode/Src/MainController.o
 .debug_info    0x00008fa4      0x106 ./Core/UserCode/Src/mathUtils.o
 .debug_info    0x000090aa     0x1403 ./Drivers/STM32H7xx_HAL_Driver/Src/stm32h7xx_hal.o
 .debug_info    0x0000a4ad     0x1caa ./Drivers/STM32H7xx_HAL_Driver/Src/stm32h7xx_hal_adc.o
 .debug_info    0x0000c157     0x1dd7 ./Drivers/STM32H7xx_HAL_Driver/Src/stm32h7xx_hal_adc_ex.o
 .debug_info    0x0000df2e     0x10b2 ./Drivers/STM32H7xx_HAL_Driver/Src/stm32h7xx_hal_cortex.o
 .debug_info    0x0000efe0      0xb71 ./Drivers/STM32H7xx_HAL_Driver/Src/stm32h7xx_hal_dma.o
 .debug_info    0x0000fb51     0x2baf ./Drivers/STM32H7xx_HAL_Driver/Src/stm32h7xx_hal_fdcan.o
 .debug_info    0x00012700      0xb3a ./Drivers/STM32H7xx_HAL_Driver/Src/stm32h7xx_hal_gpio.o
 .debug_info    0x0001323a     0x22ba ./Drivers/STM32H7xx_HAL_Driver/Src/stm32h7xx_hal_i2c.o
 .debug_info    0x000154f4      0xc64 ./Drivers/STM32H7xx_HAL_Driver/Src/stm32h7xx_hal_i2c_ex.o
 .debug_info    0x00016158     0x1561 ./Drivers/STM32H7xx_HAL_Driver/Src/stm32h7xx_hal_pcd.o
 .debug_info    0x000176b9      0x8b3 ./Drivers/STM32H7xx_HAL_Driver/Src/stm32h7xx_hal_pcd_ex.o
 .debug_info    0x00017f6c      0xf0e ./Drivers/STM32H7xx_HAL_Driver/Src/stm32h7xx_hal_pwr_ex.o
 .debug_info    0x00018e7a      0xeba ./Drivers/STM32H7xx_HAL_Driver/Src/stm32h7xx_hal_rcc.o
 .debug_info    0x00019d34     0x120c ./Drivers/STM32H7xx_HAL_Driver/Src/stm32h7xx_hal_rcc_ex.o
 .debug_info    0x0001af40     0x2bae ./Drivers/STM32H7xx_HAL_Driver/Src/stm32h7xx_hal_tim.o
 .debug_info    0x0001daee     0x18c1 ./Drivers/STM32H7xx_HAL_Driver/Src/stm32h7xx_hal_tim_ex.o
 .debug_info    0x0001f3af     0x4b72 ./Drivers/STM32H7xx_HAL_Driver/Src/stm32h7xx_hal_uart.o
 .debug_info    0x00023f21      0xfbe ./Drivers/STM32H7xx_HAL_Driver/Src/stm32h7xx_hal_uart_ex.o
 .debug_info    0x00024edf     0x1608 ./Drivers/STM32H7xx_HAL_Driver/Src/stm32h7xx_ll_usb.o

.debug_abbrev   0x00000000     0x3dd7
 .debug_abbrev  0x00000000      0x358 ./Core/Src/main.o
 .debug_abbrev  0x00000358      0x2e6 ./Core/Src/stm32h7xx_hal_msp.o
 .debug_abbrev  0x0000063e      0x1af ./Core/Src/stm32h7xx_it.o
 .debug_abbrev  0x000007ed      0x165 ./Core/Src/system_stm32h7xx.o
 .debug_abbrev  0x00000952       0x24 ./Core/Startup/startup_stm32h7b0rbtx.o
 .debug_abbrev  0x00000976      0x21c ./Core/UserCode/Src/MainController.o
 .debug_abbrev  0x00000b92       0x8b ./Core/UserCode/Src/mathUtils.o
 .debug_abbrev  0x00000c1d      0x291 ./Drivers/STM32H7xx_HAL_Driver/Src/stm32h7xx_hal.o
 .debug_abbrev  0x00000eae      0x2d1 ./Drivers/STM32H7xx_HAL_Driver/Src/stm32h7xx_hal_adc.o
 .debug_abbrev  0x0000117f      0x31a ./Drivers/STM32H7xx_HAL_Driver/Src/stm32h7xx_hal_adc_ex.o
 .debug_abbrev  0x00001499      0x339 ./Drivers/STM32H7xx_HAL_Driver/Src/stm32h7xx_hal_cortex.o
 .debug_abbrev  0x000017d2      0x248 ./Drivers/STM32H7xx_HAL_Driver/Src/stm32h7xx_hal_dma.o
 .debug_abbrev  0x00001a1a      0x288 ./Drivers/STM32H7xx_HAL_Driver/Src/stm32h7xx_hal_fdcan.o
 .debug_abbrev  0x00001ca2      0x201 ./Drivers/STM32H7xx_HAL_Driver/Src/stm32h7xx_hal_gpio.o
 .debug_abbrev  0x00001ea3      0x25d ./Drivers/STM32H7xx_HAL_Driver/Src/stm32h7xx_hal_i2c.o
 .debug_abbrev  0x00002100      0x1f1 ./Drivers/STM32H7xx_HAL_Driver/Src/stm32h7xx_hal_i2c_ex.o
 .debug_abbrev  0x000022f1      0x2dc ./Drivers/STM32H7xx_HAL_Driver/Src/stm32h7xx_hal_pcd.o
 .debug_abbrev  0x000025cd      0x256 ./Drivers/STM32H7xx_HAL_Driver/Src/stm32h7xx_hal_pcd_ex.o
 .debug_abbrev  0x00002823      0x297 ./Drivers/STM32H7xx_HAL_Driver/Src/stm32h7xx_hal_pwr_ex.o
 .debug_abbrev  0x00002aba      0x2c5 ./Drivers/STM32H7xx_HAL_Driver/Src/stm32h7xx_hal_rcc.o
 .debug_abbrev  0x00002d7f      0x27a ./Drivers/STM32H7xx_HAL_Driver/Src/stm32h7xx_hal_rcc_ex.o
 .debug_abbrev  0x00002ff9      0x276 ./Drivers/STM32H7xx_HAL_Driver/Src/stm32h7xx_hal_tim.o
 .debug_abbrev  0x0000326f      0x296 ./Drivers/STM32H7xx_HAL_Driver/Src/stm32h7xx_hal_tim_ex.o
 .debug_abbrev  0x00003505      0x34e ./Drivers/STM32H7xx_HAL_Driver/Src/stm32h7xx_hal_uart.o
 .debug_abbrev  0x00003853      0x2d2 ./Drivers/STM32H7xx_HAL_Driver/Src/stm32h7xx_hal_uart_ex.o
 .debug_abbrev  0x00003b25      0x2b2 ./Drivers/STM32H7xx_HAL_Driver/Src/stm32h7xx_ll_usb.o

.debug_aranges  0x00000000     0x1ed0
 .debug_aranges
                0x00000000       0x90 ./Core/Src/main.o
 .debug_aranges
                0x00000090       0x98 ./Core/Src/stm32h7xx_hal_msp.o
 .debug_aranges
                0x00000128       0x80 ./Core/Src/stm32h7xx_it.o
 .debug_aranges
                0x000001a8       0x30 ./Core/Src/system_stm32h7xx.o
 .debug_aranges
                0x000001d8       0x28 ./Core/Startup/startup_stm32h7b0rbtx.o
 .debug_aranges
                0x00000200       0x30 ./Core/UserCode/Src/MainController.o
 .debug_aranges
                0x00000230       0x20 ./Core/UserCode/Src/mathUtils.o
 .debug_aranges
                0x00000250      0x1a0 ./Drivers/STM32H7xx_HAL_Driver/Src/stm32h7xx_hal.o
 .debug_aranges
                0x000003f0      0x230 ./Drivers/STM32H7xx_HAL_Driver/Src/stm32h7xx_hal_adc.o
 .debug_aranges
                0x00000620      0x1e0 ./Drivers/STM32H7xx_HAL_Driver/Src/stm32h7xx_hal_adc_ex.o
 .debug_aranges
                0x00000800      0x130 ./Drivers/STM32H7xx_HAL_Driver/Src/stm32h7xx_hal_cortex.o
 .debug_aranges
                0x00000930       0xa0 ./Drivers/STM32H7xx_HAL_Driver/Src/stm32h7xx_hal_dma.o
 .debug_aranges
                0x000009d0      0x338 ./Drivers/STM32H7xx_HAL_Driver/Src/stm32h7xx_hal_fdcan.o
 .debug_aranges
                0x00000d08       0x58 ./Drivers/STM32H7xx_HAL_Driver/Src/stm32h7xx_hal_gpio.o
 .debug_aranges
                0x00000d60      0x2a0 ./Drivers/STM32H7xx_HAL_Driver/Src/stm32h7xx_hal_i2c.o
 .debug_aranges
                0x00001000       0x48 ./Drivers/STM32H7xx_HAL_Driver/Src/stm32h7xx_hal_i2c_ex.o
 .debug_aranges
                0x00001048      0x140 ./Drivers/STM32H7xx_HAL_Driver/Src/stm32h7xx_hal_pcd.o
 .debug_aranges
                0x00001188       0x60 ./Drivers/STM32H7xx_HAL_Driver/Src/stm32h7xx_hal_pcd_ex.o
 .debug_aranges
                0x000011e8      0x188 ./Drivers/STM32H7xx_HAL_Driver/Src/stm32h7xx_hal_pwr_ex.o
 .debug_aranges
                0x00001370       0x88 ./Drivers/STM32H7xx_HAL_Driver/Src/stm32h7xx_hal_rcc.o
 .debug_aranges
                0x000013f8       0xf0 ./Drivers/STM32H7xx_HAL_Driver/Src/stm32h7xx_hal_rcc_ex.o
 .debug_aranges
                0x000014e8      0x3e0 ./Drivers/STM32H7xx_HAL_Driver/Src/stm32h7xx_hal_tim.o
 .debug_aranges
                0x000018c8      0x198 ./Drivers/STM32H7xx_HAL_Driver/Src/stm32h7xx_hal_tim_ex.o
 .debug_aranges
                0x00001a60      0x248 ./Drivers/STM32H7xx_HAL_Driver/Src/stm32h7xx_hal_uart.o
 .debug_aranges
                0x00001ca8       0xa8 ./Drivers/STM32H7xx_HAL_Driver/Src/stm32h7xx_hal_uart_ex.o
 .debug_aranges
                0x00001d50      0x180 ./Drivers/STM32H7xx_HAL_Driver/Src/stm32h7xx_ll_usb.o

.debug_rnglists
                0x00000000     0x1831
 .debug_rnglists
                0x00000000       0x70 ./Core/Src/main.o
 .debug_rnglists
                0x00000070       0x74 ./Core/Src/stm32h7xx_hal_msp.o
 .debug_rnglists
                0x000000e4       0x5b ./Core/Src/stm32h7xx_it.o
 .debug_rnglists
                0x0000013f       0x21 ./Core/Src/system_stm32h7xx.o
 .debug_rnglists
                0x00000160       0x19 ./Core/Startup/startup_stm32h7b0rbtx.o
 .debug_rnglists
                0x00000179       0x21 ./Core/UserCode/Src/MainController.o
 .debug_rnglists
                0x0000019a       0x14 ./Core/UserCode/Src/mathUtils.o
 .debug_rnglists
                0x000001ae      0x137 ./Drivers/STM32H7xx_HAL_Driver/Src/stm32h7xx_hal.o
 .debug_rnglists
                0x000002e5      0x1af ./Drivers/STM32H7xx_HAL_Driver/Src/stm32h7xx_hal_adc.o
 .debug_rnglists
                0x00000494      0x175 ./Drivers/STM32H7xx_HAL_Driver/Src/stm32h7xx_hal_adc_ex.o
 .debug_rnglists
                0x00000609       0xe0 ./Drivers/STM32H7xx_HAL_Driver/Src/stm32h7xx_hal_cortex.o
 .debug_rnglists
                0x000006e9       0x82 ./Drivers/STM32H7xx_HAL_Driver/Src/stm32h7xx_hal_dma.o
 .debug_rnglists
                0x0000076b      0x28b ./Drivers/STM32H7xx_HAL_Driver/Src/stm32h7xx_hal_fdcan.o
 .debug_rnglists
                0x000009f6       0x3f ./Drivers/STM32H7xx_HAL_Driver/Src/stm32h7xx_hal_gpio.o
 .debug_rnglists
                0x00000a35      0x22a ./Drivers/STM32H7xx_HAL_Driver/Src/stm32h7xx_hal_i2c.o
 .debug_rnglists
                0x00000c5f       0x35 ./Drivers/STM32H7xx_HAL_Driver/Src/stm32h7xx_hal_i2c_ex.o
 .debug_rnglists
                0x00000c94       0xf4 ./Drivers/STM32H7xx_HAL_Driver/Src/stm32h7xx_hal_pcd.o
 .debug_rnglists
                0x00000d88       0x45 ./Drivers/STM32H7xx_HAL_Driver/Src/stm32h7xx_hal_pcd_ex.o
 .debug_rnglists
                0x00000dcd      0x126 ./Drivers/STM32H7xx_HAL_Driver/Src/stm32h7xx_hal_pwr_ex.o
 .debug_rnglists
                0x00000ef3       0x68 ./Drivers/STM32H7xx_HAL_Driver/Src/stm32h7xx_hal_rcc.o
 .debug_rnglists
                0x00000f5b       0xba ./Drivers/STM32H7xx_HAL_Driver/Src/stm32h7xx_hal_rcc_ex.o
 .debug_rnglists
                0x00001015      0x32c ./Drivers/STM32H7xx_HAL_Driver/Src/stm32h7xx_hal_tim.o
 .debug_rnglists
                0x00001341      0x14d ./Drivers/STM32H7xx_HAL_Driver/Src/stm32h7xx_hal_tim_ex.o
 .debug_rnglists
                0x0000148e      0x1f8 ./Drivers/STM32H7xx_HAL_Driver/Src/stm32h7xx_hal_uart.o
 .debug_rnglists
                0x00001686       0x7f ./Drivers/STM32H7xx_HAL_Driver/Src/stm32h7xx_hal_uart_ex.o
 .debug_rnglists
                0x00001705      0x12c ./Drivers/STM32H7xx_HAL_Driver/Src/stm32h7xx_ll_usb.o

.debug_macro    0x00000000    0x35ab9
 .debug_macro   0x00000000      0x31d ./Core/Src/main.o
 .debug_macro   0x0000031d      0xaf6 ./Core/Src/main.o
 .debug_macro   0x00000e13      0x24a ./Core/Src/main.o
 .debug_macro   0x0000105d       0x2e ./Core/Src/main.o
 .debug_macro   0x0000108b       0x3b ./Core/Src/main.o
 .debug_macro   0x000010c6       0x22 ./Core/Src/main.o
 .debug_macro   0x000010e8       0x8e ./Core/Src/main.o
 .debug_macro   0x00001176       0x51 ./Core/Src/main.o
 .debug_macro   0x000011c7      0x103 ./Core/Src/main.o
 .debug_macro   0x000012ca       0x6a ./Core/Src/main.o
 .debug_macro   0x00001334      0x1df ./Core/Src/main.o
 .debug_macro   0x00001513       0x1c ./Core/Src/main.o
 .debug_macro   0x0000152f       0x22 ./Core/Src/main.o
 .debug_macro   0x00001551       0xfb ./Core/Src/main.o
 .debug_macro   0x0000164c     0x1313 ./Core/Src/main.o
 .debug_macro   0x0000295f      0x11f ./Core/Src/main.o
 .debug_macro   0x00002a7e       0x22 ./Core/Src/main.o
 .debug_macro   0x00002aa0    0x1f54c ./Core/Src/main.o
 .debug_macro   0x00021fec       0x6d ./Core/Src/main.o
 .debug_macro   0x00022059     0x3d80 ./Core/Src/main.o
 .debug_macro   0x00025dd9      0x190 ./Core/Src/main.o
 .debug_macro   0x00025f69       0x61 ./Core/Src/main.o
 .debug_macro   0x00025fca       0x29 ./Core/Src/main.o
 .debug_macro   0x00025ff3       0x43 ./Core/Src/main.o
 .debug_macro   0x00026036       0x34 ./Core/Src/main.o
 .debug_macro   0x0002606a      0x364 ./Core/Src/main.o
 .debug_macro   0x000263ce       0x16 ./Core/Src/main.o
 .debug_macro   0x000263e4       0x4a ./Core/Src/main.o
 .debug_macro   0x0002642e       0x34 ./Core/Src/main.o
 .debug_macro   0x00026462       0x10 ./Core/Src/main.o
 .debug_macro   0x00026472       0x58 ./Core/Src/main.o
 .debug_macro   0x000264ca       0x8e ./Core/Src/main.o
 .debug_macro   0x00026558       0x1c ./Core/Src/main.o
 .debug_macro   0x00026574      0x17e ./Core/Src/main.o
 .debug_macro   0x000266f2      0x19b ./Core/Src/main.o
 .debug_macro   0x0002688d       0x5d ./Core/Src/main.o
 .debug_macro   0x000268ea     0x2606 ./Core/Src/main.o
 .debug_macro   0x00028ef0     0x103a ./Core/Src/main.o
 .debug_macro   0x00029f2a      0x154 ./Core/Src/main.o
 .debug_macro   0x0002a07e      0x114 ./Core/Src/main.o
 .debug_macro   0x0002a192      0x3d5 ./Core/Src/main.o
 .debug_macro   0x0002a567       0xac ./Core/Src/main.o
 .debug_macro   0x0002a613      0x70a ./Core/Src/main.o
 .debug_macro   0x0002ad1d      0x20c ./Core/Src/main.o
 .debug_macro   0x0002af29       0x66 ./Core/Src/main.o
 .debug_macro   0x0002af8f      0x3c9 ./Core/Src/main.o
 .debug_macro   0x0002b358      0x3eb ./Core/Src/main.o
 .debug_macro   0x0002b743      0x275 ./Core/Src/main.o
 .debug_macro   0x0002b9b8     0x102f ./Core/Src/main.o
 .debug_macro   0x0002c9e7      0x6c5 ./Core/Src/main.o
 .debug_macro   0x0002d0ac      0x360 ./Core/Src/main.o
 .debug_macro   0x0002d40c      0xe42 ./Core/Src/main.o
 .debug_macro   0x0002e24e      0x380 ./Core/Src/main.o
 .debug_macro   0x0002e5ce      0x44e ./Core/Src/main.o
 .debug_macro   0x0002ea1c       0x43 ./Core/Src/main.o
 .debug_macro   0x0002ea5f       0x4a ./Core/Src/main.o
 .debug_macro   0x0002eaa9      0x22c ./Core/Src/main.o
 .debug_macro   0x0002ecd5       0x67 ./Core/Src/main.o
 .debug_macro   0x0002ed3c       0xa5 ./Core/Src/main.o
 .debug_macro   0x0002ede1      0x1bd ./Core/Src/main.o
 .debug_macro   0x0002ef9e      0x2ab ./Core/Src/main.o
 .debug_macro   0x0002f249       0x35 ./Core/Src/main.o
 .debug_macro   0x0002f27e      0xb24 ./Core/Src/main.o
 .debug_macro   0x0002fda2      0x29f ./Core/Src/main.o
 .debug_macro   0x00030041      0x693 ./Core/Src/main.o
 .debug_macro   0x000306d4       0xa6 ./Core/Src/main.o
 .debug_macro   0x0003077a      0x2b6 ./Core/Src/main.o
 .debug_macro   0x00030a30       0x90 ./Core/Src/main.o
 .debug_macro   0x00030ac0      0x5ca ./Core/Src/main.o
 .debug_macro   0x0003108a       0x94 ./Core/Src/main.o
 .debug_macro   0x0003111e       0x22 ./Core/Src/main.o
 .debug_macro   0x00031140      0x314 ./Core/Src/stm32h7xx_hal_msp.o
 .debug_macro   0x00031454      0x31e ./Core/Src/stm32h7xx_it.o
 .debug_macro   0x00031772      0x305 ./Core/Src/system_stm32h7xx.o
 .debug_macro   0x00031a77      0x337 ./Core/UserCode/Src/MainController.o
 .debug_macro   0x00031dae       0x1c ./Core/UserCode/Src/MainController.o
 .debug_macro   0x00031dca       0x22 ./Core/UserCode/Src/MainController.o
 .debug_macro   0x00031dec       0x24 ./Core/UserCode/Src/mathUtils.o
 .debug_macro   0x00031e10      0x32f ./Drivers/STM32H7xx_HAL_Driver/Src/stm32h7xx_hal.o
 .debug_macro   0x0003213f      0x329 ./Drivers/STM32H7xx_HAL_Driver/Src/stm32h7xx_hal_adc.o
 .debug_macro   0x00032468      0x311 ./Drivers/STM32H7xx_HAL_Driver/Src/stm32h7xx_hal_adc_ex.o
 .debug_macro   0x00032779      0x305 ./Drivers/STM32H7xx_HAL_Driver/Src/stm32h7xx_hal_cortex.o
 .debug_macro   0x00032a7e      0x359 ./Drivers/STM32H7xx_HAL_Driver/Src/stm32h7xx_hal_dma.o
 .debug_macro   0x00032dd7      0x409 ./Drivers/STM32H7xx_HAL_Driver/Src/stm32h7xx_hal_fdcan.o
 .debug_macro   0x000331e0      0x30c ./Drivers/STM32H7xx_HAL_Driver/Src/stm32h7xx_hal_gpio.o
 .debug_macro   0x000334ec      0x3d1 ./Drivers/STM32H7xx_HAL_Driver/Src/stm32h7xx_hal_i2c.o
 .debug_macro   0x000338bd      0x305 ./Drivers/STM32H7xx_HAL_Driver/Src/stm32h7xx_hal_i2c_ex.o
 .debug_macro   0x00033bc2      0x311 ./Drivers/STM32H7xx_HAL_Driver/Src/stm32h7xx_hal_pcd.o
 .debug_macro   0x00033ed3      0x305 ./Drivers/STM32H7xx_HAL_Driver/Src/stm32h7xx_hal_pcd_ex.o
 .debug_macro   0x000341d8      0x33e ./Drivers/STM32H7xx_HAL_Driver/Src/stm32h7xx_hal_pwr_ex.o
 .debug_macro   0x00034516      0x329 ./Drivers/STM32H7xx_HAL_Driver/Src/stm32h7xx_hal_rcc.o
 .debug_macro   0x0003483f      0x323 ./Drivers/STM32H7xx_HAL_Driver/Src/stm32h7xx_hal_rcc_ex.o
 .debug_macro   0x00034b62      0x306 ./Drivers/STM32H7xx_HAL_Driver/Src/stm32h7xx_hal_tim.o
 .debug_macro   0x00034e68      0x30b ./Drivers/STM32H7xx_HAL_Driver/Src/stm32h7xx_hal_tim_ex.o
 .debug_macro   0x00035173      0x330 ./Drivers/STM32H7xx_HAL_Driver/Src/stm32h7xx_hal_uart.o
 .debug_macro   0x000354a3      0x311 ./Drivers/STM32H7xx_HAL_Driver/Src/stm32h7xx_hal_uart_ex.o
 .debug_macro   0x000357b4      0x305 ./Drivers/STM32H7xx_HAL_Driver/Src/stm32h7xx_ll_usb.o

.debug_line     0x00000000    0x283f0
 .debug_line    0x00000000      0xf4c ./Core/Src/main.o
 .debug_line    0x00000f4c      0xd9c ./Core/Src/stm32h7xx_hal_msp.o
 .debug_line    0x00001ce8      0xb3b ./Core/Src/stm32h7xx_it.o
 .debug_line    0x00002823      0xc29 ./Core/Src/system_stm32h7xx.o
 .debug_line    0x0000344c       0x7b ./Core/Startup/startup_stm32h7b0rbtx.o
 .debug_line    0x000034c7      0xb78 ./Core/UserCode/Src/MainController.o
 .debug_line    0x0000403f      0x27c ./Core/UserCode/Src/mathUtils.o
 .debug_line    0x000042bb     0x1014 ./Drivers/STM32H7xx_HAL_Driver/Src/stm32h7xx_hal.o
 .debug_line    0x000052cf     0x2218 ./Drivers/STM32H7xx_HAL_Driver/Src/stm32h7xx_hal_adc.o
 .debug_line    0x000074e7     0x1f09 ./Drivers/STM32H7xx_HAL_Driver/Src/stm32h7xx_hal_adc_ex.o
 .debug_line    0x000093f0      0xfea ./Drivers/STM32H7xx_HAL_Driver/Src/stm32h7xx_hal_cortex.o
 .debug_line    0x0000a3da     0x2aac ./Drivers/STM32H7xx_HAL_Driver/Src/stm32h7xx_hal_dma.o
 .debug_line    0x0000ce86     0x2aad ./Drivers/STM32H7xx_HAL_Driver/Src/stm32h7xx_hal_fdcan.o
 .debug_line    0x0000f933      0xe9d ./Drivers/STM32H7xx_HAL_Driver/Src/stm32h7xx_hal_gpio.o
 .debug_line    0x000107d0     0x3d74 ./Drivers/STM32H7xx_HAL_Driver/Src/stm32h7xx_hal_i2c.o
 .debug_line    0x00014544      0xb92 ./Drivers/STM32H7xx_HAL_Driver/Src/stm32h7xx_hal_i2c_ex.o
 .debug_line    0x000150d6     0x1775 ./Drivers/STM32H7xx_HAL_Driver/Src/stm32h7xx_hal_pcd.o
 .debug_line    0x0001684b      0xc32 ./Drivers/STM32H7xx_HAL_Driver/Src/stm32h7xx_hal_pcd_ex.o
 .debug_line    0x0001747d     0x11c1 ./Drivers/STM32H7xx_HAL_Driver/Src/stm32h7xx_hal_pwr_ex.o
 .debug_line    0x0001863e     0x1646 ./Drivers/STM32H7xx_HAL_Driver/Src/stm32h7xx_hal_rcc.o
 .debug_line    0x00019c84     0x1ec4 ./Drivers/STM32H7xx_HAL_Driver/Src/stm32h7xx_hal_rcc_ex.o
 .debug_line    0x0001bb48     0x41dc ./Drivers/STM32H7xx_HAL_Driver/Src/stm32h7xx_hal_tim.o
 .debug_line    0x0001fd24     0x1fbe ./Drivers/STM32H7xx_HAL_Driver/Src/stm32h7xx_hal_tim_ex.o
 .debug_line    0x00021ce2     0x3bef ./Drivers/STM32H7xx_HAL_Driver/Src/stm32h7xx_hal_uart.o
 .debug_line    0x000258d1      0xf90 ./Drivers/STM32H7xx_HAL_Driver/Src/stm32h7xx_hal_uart_ex.o
 .debug_line    0x00026861     0x1b8f ./Drivers/STM32H7xx_HAL_Driver/Src/stm32h7xx_ll_usb.o

.debug_str      0x00000000   0x165061
 .debug_str     0x00000000   0x165061 ./Core/Src/main.o
                             0x15c51f (size before relaxing)
 .debug_str     0x00165061   0x15c076 ./Core/Src/stm32h7xx_hal_msp.o
 .debug_str     0x00165061   0x15a5a0 ./Core/Src/stm32h7xx_it.o
 .debug_str     0x00165061   0x159d60 ./Core/Src/system_stm32h7xx.o
 .debug_str     0x00165061       0x87 ./Core/Startup/startup_stm32h7b0rbtx.o
 .debug_str     0x00165061   0x15a32b ./Core/UserCode/Src/MainController.o
 .debug_str     0x00165061     0x2f86 ./Core/UserCode/Src/mathUtils.o
 .debug_str     0x00165061   0x15ac16 ./Drivers/STM32H7xx_HAL_Driver/Src/stm32h7xx_hal.o
 .debug_str     0x00165061   0x15aa95 ./Drivers/STM32H7xx_HAL_Driver/Src/stm32h7xx_hal_adc.o
 .debug_str     0x00165061   0x15aae1 ./Drivers/STM32H7xx_HAL_Driver/Src/stm32h7xx_hal_adc_ex.o
 .debug_str     0x00165061   0x15a665 ./Drivers/STM32H7xx_HAL_Driver/Src/stm32h7xx_hal_cortex.o
 .debug_str     0x00165061   0x15a448 ./Drivers/STM32H7xx_HAL_Driver/Src/stm32h7xx_hal_dma.o
 .debug_str     0x00165061   0x15bae2 ./Drivers/STM32H7xx_HAL_Driver/Src/stm32h7xx_hal_fdcan.o
 .debug_str     0x00165061   0x159cca ./Drivers/STM32H7xx_HAL_Driver/Src/stm32h7xx_hal_gpio.o
 .debug_str     0x00165061   0x15ad7d ./Drivers/STM32H7xx_HAL_Driver/Src/stm32h7xx_hal_i2c.o
 .debug_str     0x00165061   0x15a10f ./Drivers/STM32H7xx_HAL_Driver/Src/stm32h7xx_hal_i2c_ex.o
 .debug_str     0x00165061   0x15a490 ./Drivers/STM32H7xx_HAL_Driver/Src/stm32h7xx_hal_pcd.o
 .debug_str     0x00165061   0x159e2e ./Drivers/STM32H7xx_HAL_Driver/Src/stm32h7xx_hal_pcd_ex.o
 .debug_str     0x00165061   0x15a256 ./Drivers/STM32H7xx_HAL_Driver/Src/stm32h7xx_hal_pwr_ex.o
 .debug_str     0x00165061   0x15a0f2 ./Drivers/STM32H7xx_HAL_Driver/Src/stm32h7xx_hal_rcc.o
 .debug_str     0x00165061   0x15a587 ./Drivers/STM32H7xx_HAL_Driver/Src/stm32h7xx_hal_rcc_ex.o
 .debug_str     0x00165061   0x15ae5f ./Drivers/STM32H7xx_HAL_Driver/Src/stm32h7xx_hal_tim.o
 .debug_str     0x00165061   0x15a80c ./Drivers/STM32H7xx_HAL_Driver/Src/stm32h7xx_hal_tim_ex.o
 .debug_str     0x00165061   0x15ac22 ./Drivers/STM32H7xx_HAL_Driver/Src/stm32h7xx_hal_uart.o
 .debug_str     0x00165061   0x15a1c1 ./Drivers/STM32H7xx_HAL_Driver/Src/stm32h7xx_hal_uart_ex.o
 .debug_str     0x00165061   0x15a12d ./Drivers/STM32H7xx_HAL_Driver/Src/stm32h7xx_ll_usb.o

.comment        0x00000000       0x43
 .comment       0x00000000       0x43 ./Core/Src/main.o
                                 0x44 (size before relaxing)
 .comment       0x00000043       0x44 ./Core/Src/stm32h7xx_hal_msp.o
 .comment       0x00000043       0x44 ./Core/Src/stm32h7xx_it.o
 .comment       0x00000043       0x44 ./Core/Src/system_stm32h7xx.o
 .comment       0x00000043       0x44 ./Core/UserCode/Src/MainController.o
 .comment       0x00000043       0x44 ./Core/UserCode/Src/mathUtils.o
 .comment       0x00000043       0x44 ./Drivers/STM32H7xx_HAL_Driver/Src/stm32h7xx_hal.o
 .comment       0x00000043       0x44 ./Drivers/STM32H7xx_HAL_Driver/Src/stm32h7xx_hal_adc.o
 .comment       0x00000043       0x44 ./Drivers/STM32H7xx_HAL_Driver/Src/stm32h7xx_hal_adc_ex.o
 .comment       0x00000043       0x44 ./Drivers/STM32H7xx_HAL_Driver/Src/stm32h7xx_hal_cortex.o
 .comment       0x00000043       0x44 ./Drivers/STM32H7xx_HAL_Driver/Src/stm32h7xx_hal_dma.o
 .comment       0x00000043       0x44 ./Drivers/STM32H7xx_HAL_Driver/Src/stm32h7xx_hal_fdcan.o
 .comment       0x00000043       0x44 ./Drivers/STM32H7xx_HAL_Driver/Src/stm32h7xx_hal_gpio.o
 .comment       0x00000043       0x44 ./Drivers/STM32H7xx_HAL_Driver/Src/stm32h7xx_hal_i2c.o
 .comment       0x00000043       0x44 ./Drivers/STM32H7xx_HAL_Driver/Src/stm32h7xx_hal_i2c_ex.o
 .comment       0x00000043       0x44 ./Drivers/STM32H7xx_HAL_Driver/Src/stm32h7xx_hal_pcd.o
 .comment       0x00000043       0x44 ./Drivers/STM32H7xx_HAL_Driver/Src/stm32h7xx_hal_pcd_ex.o
 .comment       0x00000043       0x44 ./Drivers/STM32H7xx_HAL_Driver/Src/stm32h7xx_hal_pwr_ex.o
 .comment       0x00000043       0x44 ./Drivers/STM32H7xx_HAL_Driver/Src/stm32h7xx_hal_rcc.o
 .comment       0x00000043       0x44 ./Drivers/STM32H7xx_HAL_Driver/Src/stm32h7xx_hal_rcc_ex.o
 .comment       0x00000043       0x44 ./Drivers/STM32H7xx_HAL_Driver/Src/stm32h7xx_hal_tim.o
 .comment       0x00000043       0x44 ./Drivers/STM32H7xx_HAL_Driver/Src/stm32h7xx_hal_tim_ex.o
 .comment       0x00000043       0x44 ./Drivers/STM32H7xx_HAL_Driver/Src/stm32h7xx_hal_uart.o
 .comment       0x00000043       0x44 ./Drivers/STM32H7xx_HAL_Driver/Src/stm32h7xx_hal_uart_ex.o
 .comment       0x00000043       0x44 ./Drivers/STM32H7xx_HAL_Driver/Src/stm32h7xx_ll_usb.o

.debug_frame    0x00000000     0x802c
 .debug_frame   0x00000000      0x1f0 ./Core/Src/main.o
 .debug_frame   0x000001f0      0x260 ./Core/Src/stm32h7xx_hal_msp.o
 .debug_frame   0x00000450      0x168 ./Core/Src/stm32h7xx_it.o
 .debug_frame   0x000005b8       0x60 ./Core/Src/system_stm32h7xx.o
 .debug_frame   0x00000618       0x74 ./Core/UserCode/Src/MainController.o
 .debug_frame   0x0000068c       0x34 ./Core/UserCode/Src/mathUtils.o
 .debug_frame   0x000006c0      0x5fc ./Drivers/STM32H7xx_HAL_Driver/Src/stm32h7xx_hal.o
 .debug_frame   0x00000cbc      0x994 ./Drivers/STM32H7xx_HAL_Driver/Src/stm32h7xx_hal_adc.o
 .debug_frame   0x00001650      0x82c ./Drivers/STM32H7xx_HAL_Driver/Src/stm32h7xx_hal_adc_ex.o
 .debug_frame   0x00001e7c      0x4b8 ./Drivers/STM32H7xx_HAL_Driver/Src/stm32h7xx_hal_cortex.o
 .debug_frame   0x00002334      0x290 ./Drivers/STM32H7xx_HAL_Driver/Src/stm32h7xx_hal_dma.o
 .debug_frame   0x000025c4      0xe2c ./Drivers/STM32H7xx_HAL_Driver/Src/stm32h7xx_hal_fdcan.o
 .debug_frame   0x000033f0      0x130 ./Drivers/STM32H7xx_HAL_Driver/Src/stm32h7xx_hal_gpio.o
 .debug_frame   0x00003520      0xbf0 ./Drivers/STM32H7xx_HAL_Driver/Src/stm32h7xx_hal_i2c.o
 .debug_frame   0x00004110       0xe8 ./Drivers/STM32H7xx_HAL_Driver/Src/stm32h7xx_hal_i2c_ex.o
 .debug_frame   0x000041f8      0x550 ./Drivers/STM32H7xx_HAL_Driver/Src/stm32h7xx_hal_pcd.o
 .debug_frame   0x00004748      0x154 ./Drivers/STM32H7xx_HAL_Driver/Src/stm32h7xx_hal_pcd_ex.o
 .debug_frame   0x0000489c      0x5c8 ./Drivers/STM32H7xx_HAL_Driver/Src/stm32h7xx_hal_pwr_ex.o
 .debug_frame   0x00004e64      0x1e4 ./Drivers/STM32H7xx_HAL_Driver/Src/stm32h7xx_hal_rcc.o
 .debug_frame   0x00005048      0x3b0 ./Drivers/STM32H7xx_HAL_Driver/Src/stm32h7xx_hal_rcc_ex.o
 .debug_frame   0x000053f8     0x1144 ./Drivers/STM32H7xx_HAL_Driver/Src/stm32h7xx_hal_tim.o
 .debug_frame   0x0000653c      0x6d8 ./Drivers/STM32H7xx_HAL_Driver/Src/stm32h7xx_hal_tim_ex.o
 .debug_frame   0x00006c14      0xa1c ./Drivers/STM32H7xx_HAL_Driver/Src/stm32h7xx_hal_uart.o
 .debug_frame   0x00007630      0x29c ./Drivers/STM32H7xx_HAL_Driver/Src/stm32h7xx_hal_uart_ex.o
 .debug_frame   0x000078cc      0x68c ./Drivers/STM32H7xx_HAL_Driver/Src/stm32h7xx_ll_usb.o
 .debug_frame   0x00007f58       0x20 /home/arielchama/.eclipse/com.st.stm32cube.ide.mcu.rcp.product_1.19.0_139068057_linux_gtk_x86_64/plugins/com.st.stm32cube.ide.mcu.externaltools.gnu-tools-for-stm32.14.3.rel1.linux64_1.0.100.202602081740/tools/bin/../lib/gcc/arm-none-eabi/14.3.1/../../../../arm-none-eabi/lib/thumb/v7e-m+dp/hard/libc_nano.a(libc_a-memset.o)
 .debug_frame   0x00007f78       0x2c /home/arielchama/.eclipse/com.st.stm32cube.ide.mcu.rcp.product_1.19.0_139068057_linux_gtk_x86_64/plugins/com.st.stm32cube.ide.mcu.externaltools.gnu-tools-for-stm32.14.3.rel1.linux64_1.0.100.202602081740/tools/bin/../lib/gcc/arm-none-eabi/14.3.1/../../../../arm-none-eabi/lib/thumb/v7e-m+dp/hard/libc_nano.a(libc_a-init.o)
 .debug_frame   0x00007fa4       0x28 /home/arielchama/.eclipse/com.st.stm32cube.ide.mcu.rcp.product_1.19.0_139068057_linux_gtk_x86_64/plugins/com.st.stm32cube.ide.mcu.externaltools.gnu-tools-for-stm32.14.3.rel1.linux64_1.0.100.202602081740/tools/bin/../lib/gcc/arm-none-eabi/14.3.1/../../../../arm-none-eabi/lib/thumb/v7e-m+dp/hard/libc_nano.a(libc_a-memcpy-stub.o)
 .debug_frame   0x00007fcc       0x2c /home/arielchama/.eclipse/com.st.stm32cube.ide.mcu.rcp.product_1.19.0_139068057_linux_gtk_x86_64/plugins/com.st.stm32cube.ide.mcu.externaltools.gnu-tools-for-stm32.14.3.rel1.linux64_1.0.100.202602081740/tools/bin/../lib/gcc/arm-none-eabi/14.3.1/thumb/v7e-m+dp/hard/libgcc.a(_aeabi_uldivmod.o)
 .debug_frame   0x00007ff8       0x34 /home/arielchama/.eclipse/com.st.stm32cube.ide.mcu.rcp.product_1.19.0_139068057_linux_gtk_x86_64/plugins/com.st.stm32cube.ide.mcu.externaltools.gnu-tools-for-stm32.14.3.rel1.linux64_1.0.100.202602081740/tools/bin/../lib/gcc/arm-none-eabi/14.3.1/thumb/v7e-m+dp/hard/libgcc.a(_udivmoddi4.o)

.debug_line_str
                0x00000000       0x6b
 .debug_line_str
                0x00000000       0x6b ./Core/Startup/startup_stm32h7b0rbtx.o