../Core/Src/main.c:92:5:main	8	static
../Core/Src/main.c:152:6:SystemClock_Config	120	static
../Core/Src/main.c:215:6:PeriphCommonClock_Config	200	static
../Core/Src/main.c:242:13:MX_ADC1_Init	48	static
../Core/Src/main.c:319:13:MX_FDCAN1_Init	8	static
../Core/Src/main.c:372:13:MX_FDCAN2_Init	8	static
../Core/Src/main.c:425:13:MX_I2C3_Init	8	static
../Core/Src/main.c:473:13:MX_TIM2_Init	48	static
../Core/Src/main.c:522:13:MX_TIM5_Init	48	static
../Core/Src/main.c:576:13:MX_TIM6_Init	24	static
../Core/Src/main.c:614:13:MX_USART3_UART_Init	8	static
../Core/Src/main.c:662:13:MX_USB_OTG_HS_PCD_Init	8	static
../Core/Src/main.c:696:13:MX_DMA_Init	16	static
../Core/Src/main.c:714:13:MX_GPIO_Init	40	static
../Core/Src/main.c:747:6:Error_Handler	4	static,ignoring_inline_asm
